<?xml version="1.0"?>
<link_info>
   <banner>MSP430 Linker PC v16.9.0.LTS</banner>
   <copyright>Copyright (c) 2003-2015 Texas Instruments Incorporated</copyright>
   <link_time>0x59688396</link_time>
   <link_errors>0x0</link_errors>
   <output_file>GPS.out</output_file>
   <entry_point>
      <name>_c_int00_noargs</name>
      <address>0xea40</address>
   </entry_point>
   <input_file_list>
      <input_file id="fl-2">
         <path>.\</path>
         <kind>object</kind>
         <file>bufferspi.obj</file>
         <name>bufferspi.obj</name>
      </input_file>
      <input_file id="fl-3">
         <path>.\</path>
         <kind>object</kind>
         <file>config.obj</file>
         <name>config.obj</name>
      </input_file>
      <input_file id="fl-4">
         <path>.\</path>
         <kind>object</kind>
         <file>hal_SPI.obj</file>
         <name>hal_SPI.obj</name>
      </input_file>
      <input_file id="fl-5">
         <path>.\</path>
         <kind>object</kind>
         <file>main.obj</file>
         <name>main.obj</name>
      </input_file>
      <input_file id="fl-6">
         <path>.\</path>
         <kind>object</kind>
         <file>mmc.obj</file>
         <name>mmc.obj</name>
      </input_file>
      <input_file id="fl-7">
         <path>.\</path>
         <kind>object</kind>
         <file>spi.obj</file>
         <name>spi.obj</name>
      </input_file>
      <input_file id="fl-8">
         <path>.\driverlib\MSP430F5xx_6xx\</path>
         <kind>object</kind>
         <file>adc10_a.obj</file>
         <name>adc10_a.obj</name>
      </input_file>
      <input_file id="fl-9">
         <path>.\driverlib\MSP430F5xx_6xx\</path>
         <kind>object</kind>
         <file>adc12_a.obj</file>
         <name>adc12_a.obj</name>
      </input_file>
      <input_file id="fl-a">
         <path>.\driverlib\MSP430F5xx_6xx\</path>
         <kind>object</kind>
         <file>aes.obj</file>
         <name>aes.obj</name>
      </input_file>
      <input_file id="fl-b">
         <path>.\driverlib\MSP430F5xx_6xx\</path>
         <kind>object</kind>
         <file>battbak.obj</file>
         <name>battbak.obj</name>
      </input_file>
      <input_file id="fl-c">
         <path>.\driverlib\MSP430F5xx_6xx\</path>
         <kind>object</kind>
         <file>comp_b.obj</file>
         <name>comp_b.obj</name>
      </input_file>
      <input_file id="fl-d">
         <path>.\driverlib\MSP430F5xx_6xx\</path>
         <kind>object</kind>
         <file>crc.obj</file>
         <name>crc.obj</name>
      </input_file>
      <input_file id="fl-e">
         <path>.\driverlib\MSP430F5xx_6xx\</path>
         <kind>object</kind>
         <file>ctsd16.obj</file>
         <name>ctsd16.obj</name>
      </input_file>
      <input_file id="fl-f">
         <path>.\driverlib\MSP430F5xx_6xx\</path>
         <kind>object</kind>
         <file>dac12_a.obj</file>
         <name>dac12_a.obj</name>
      </input_file>
      <input_file id="fl-10">
         <path>.\driverlib\MSP430F5xx_6xx\</path>
         <kind>object</kind>
         <file>dma.obj</file>
         <name>dma.obj</name>
      </input_file>
      <input_file id="fl-11">
         <path>.\driverlib\MSP430F5xx_6xx\</path>
         <kind>object</kind>
         <file>eusci_a_spi.obj</file>
         <name>eusci_a_spi.obj</name>
      </input_file>
      <input_file id="fl-12">
         <path>.\driverlib\MSP430F5xx_6xx\</path>
         <kind>object</kind>
         <file>eusci_a_uart.obj</file>
         <name>eusci_a_uart.obj</name>
      </input_file>
      <input_file id="fl-13">
         <path>.\driverlib\MSP430F5xx_6xx\</path>
         <kind>object</kind>
         <file>eusci_b_i2c.obj</file>
         <name>eusci_b_i2c.obj</name>
      </input_file>
      <input_file id="fl-14">
         <path>.\driverlib\MSP430F5xx_6xx\</path>
         <kind>object</kind>
         <file>eusci_b_spi.obj</file>
         <name>eusci_b_spi.obj</name>
      </input_file>
      <input_file id="fl-15">
         <path>.\driverlib\MSP430F5xx_6xx\</path>
         <kind>object</kind>
         <file>flashctl.obj</file>
         <name>flashctl.obj</name>
      </input_file>
      <input_file id="fl-16">
         <path>.\driverlib\MSP430F5xx_6xx\</path>
         <kind>object</kind>
         <file>gpio.obj</file>
         <name>gpio.obj</name>
      </input_file>
      <input_file id="fl-17">
         <path>.\driverlib\MSP430F5xx_6xx\</path>
         <kind>object</kind>
         <file>lcd_b.obj</file>
         <name>lcd_b.obj</name>
      </input_file>
      <input_file id="fl-18">
         <path>.\driverlib\MSP430F5xx_6xx\</path>
         <kind>object</kind>
         <file>ldopwr.obj</file>
         <name>ldopwr.obj</name>
      </input_file>
      <input_file id="fl-19">
         <path>.\driverlib\MSP430F5xx_6xx\</path>
         <kind>object</kind>
         <file>mpy32.obj</file>
         <name>mpy32.obj</name>
      </input_file>
      <input_file id="fl-1a">
         <path>.\driverlib\MSP430F5xx_6xx\</path>
         <kind>object</kind>
         <file>oa.obj</file>
         <name>oa.obj</name>
      </input_file>
      <input_file id="fl-1b">
         <path>.\driverlib\MSP430F5xx_6xx\</path>
         <kind>object</kind>
         <file>pmap.obj</file>
         <name>pmap.obj</name>
      </input_file>
      <input_file id="fl-1c">
         <path>.\driverlib\MSP430F5xx_6xx\</path>
         <kind>object</kind>
         <file>pmm.obj</file>
         <name>pmm.obj</name>
      </input_file>
      <input_file id="fl-1d">
         <path>.\driverlib\MSP430F5xx_6xx\</path>
         <kind>object</kind>
         <file>ram.obj</file>
         <name>ram.obj</name>
      </input_file>
      <input_file id="fl-1e">
         <path>.\driverlib\MSP430F5xx_6xx\</path>
         <kind>object</kind>
         <file>ref.obj</file>
         <name>ref.obj</name>
      </input_file>
      <input_file id="fl-1f">
         <path>.\driverlib\MSP430F5xx_6xx\</path>
         <kind>object</kind>
         <file>rtc_a.obj</file>
         <name>rtc_a.obj</name>
      </input_file>
      <input_file id="fl-20">
         <path>.\driverlib\MSP430F5xx_6xx\</path>
         <kind>object</kind>
         <file>rtc_b.obj</file>
         <name>rtc_b.obj</name>
      </input_file>
      <input_file id="fl-21">
         <path>.\driverlib\MSP430F5xx_6xx\</path>
         <kind>object</kind>
         <file>rtc_c.obj</file>
         <name>rtc_c.obj</name>
      </input_file>
      <input_file id="fl-22">
         <path>.\driverlib\MSP430F5xx_6xx\</path>
         <kind>object</kind>
         <file>sd24_b.obj</file>
         <name>sd24_b.obj</name>
      </input_file>
      <input_file id="fl-23">
         <path>.\driverlib\MSP430F5xx_6xx\</path>
         <kind>object</kind>
         <file>sfr.obj</file>
         <name>sfr.obj</name>
      </input_file>
      <input_file id="fl-24">
         <path>.\driverlib\MSP430F5xx_6xx\</path>
         <kind>object</kind>
         <file>sysctl.obj</file>
         <name>sysctl.obj</name>
      </input_file>
      <input_file id="fl-25">
         <path>.\driverlib\MSP430F5xx_6xx\</path>
         <kind>object</kind>
         <file>tec.obj</file>
         <name>tec.obj</name>
      </input_file>
      <input_file id="fl-26">
         <path>.\driverlib\MSP430F5xx_6xx\</path>
         <kind>object</kind>
         <file>timer_a.obj</file>
         <name>timer_a.obj</name>
      </input_file>
      <input_file id="fl-27">
         <path>.\driverlib\MSP430F5xx_6xx\</path>
         <kind>object</kind>
         <file>timer_b.obj</file>
         <name>timer_b.obj</name>
      </input_file>
      <input_file id="fl-28">
         <path>.\driverlib\MSP430F5xx_6xx\</path>
         <kind>object</kind>
         <file>timer_d.obj</file>
         <name>timer_d.obj</name>
      </input_file>
      <input_file id="fl-29">
         <path>.\driverlib\MSP430F5xx_6xx\</path>
         <kind>object</kind>
         <file>tlv.obj</file>
         <name>tlv.obj</name>
      </input_file>
      <input_file id="fl-2a">
         <path>.\driverlib\MSP430F5xx_6xx\</path>
         <kind>object</kind>
         <file>ucs.obj</file>
         <name>ucs.obj</name>
      </input_file>
      <input_file id="fl-2b">
         <path>.\driverlib\MSP430F5xx_6xx\</path>
         <kind>object</kind>
         <file>usci_a_spi.obj</file>
         <name>usci_a_spi.obj</name>
      </input_file>
      <input_file id="fl-2c">
         <path>.\driverlib\MSP430F5xx_6xx\</path>
         <kind>object</kind>
         <file>usci_a_uart.obj</file>
         <name>usci_a_uart.obj</name>
      </input_file>
      <input_file id="fl-2d">
         <path>.\driverlib\MSP430F5xx_6xx\</path>
         <kind>object</kind>
         <file>usci_b_i2c.obj</file>
         <name>usci_b_i2c.obj</name>
      </input_file>
      <input_file id="fl-2e">
         <path>.\driverlib\MSP430F5xx_6xx\</path>
         <kind>object</kind>
         <file>usci_b_spi.obj</file>
         <name>usci_b_spi.obj</name>
      </input_file>
      <input_file id="fl-2f">
         <path>.\driverlib\MSP430F5xx_6xx\</path>
         <kind>object</kind>
         <file>wdt_a.obj</file>
         <name>wdt_a.obj</name>
      </input_file>
      <input_file id="fl-50">
         <path>C:\ti\ccs700\ccsv7\tools\compiler\ti-cgt-msp430_16.9.0.LTS\lib\</path>
         <kind>archive</kind>
         <file>rts430x_lc_sd_eabi.lib</file>
         <name>addd.obj</name>
      </input_file>
      <input_file id="fl-51">
         <path>C:\ti\ccs700\ccsv7\tools\compiler\ti-cgt-msp430_16.9.0.LTS\lib\</path>
         <kind>archive</kind>
         <file>rts430x_lc_sd_eabi.lib</file>
         <name>asr32.obj</name>
      </input_file>
      <input_file id="fl-52">
         <path>C:\ti\ccs700\ccsv7\tools\compiler\ti-cgt-msp430_16.9.0.LTS\lib\</path>
         <kind>archive</kind>
         <file>rts430x_lc_sd_eabi.lib</file>
         <name>atof.obj</name>
      </input_file>
      <input_file id="fl-53">
         <path>C:\ti\ccs700\ccsv7\tools\compiler\ti-cgt-msp430_16.9.0.LTS\lib\</path>
         <kind>archive</kind>
         <file>rts430x_lc_sd_eabi.lib</file>
         <name>atoi.obj</name>
      </input_file>
      <input_file id="fl-54">
         <path>C:\ti\ccs700\ccsv7\tools\compiler\ti-cgt-msp430_16.9.0.LTS\lib\</path>
         <kind>archive</kind>
         <file>rts430x_lc_sd_eabi.lib</file>
         <name>boot.obj</name>
      </input_file>
      <input_file id="fl-55">
         <path>C:\ti\ccs700\ccsv7\tools\compiler\ti-cgt-msp430_16.9.0.LTS\lib\</path>
         <kind>archive</kind>
         <file>rts430x_lc_sd_eabi.lib</file>
         <name>boot_special.obj</name>
      </input_file>
      <input_file id="fl-56">
         <path>C:\ti\ccs700\ccsv7\tools\compiler\ti-cgt-msp430_16.9.0.LTS\lib\</path>
         <kind>archive</kind>
         <file>rts430x_lc_sd_eabi.lib</file>
         <name>copy_decompress_lzss.obj</name>
      </input_file>
      <input_file id="fl-57">
         <path>C:\ti\ccs700\ccsv7\tools\compiler\ti-cgt-msp430_16.9.0.LTS\lib\</path>
         <kind>archive</kind>
         <file>rts430x_lc_sd_eabi.lib</file>
         <name>copy_decompress_none.obj</name>
      </input_file>
      <input_file id="fl-58">
         <path>C:\ti\ccs700\ccsv7\tools\compiler\ti-cgt-msp430_16.9.0.LTS\lib\</path>
         <kind>archive</kind>
         <file>rts430x_lc_sd_eabi.lib</file>
         <name>copy_zero_init.obj</name>
      </input_file>
      <input_file id="fl-59">
         <path>C:\ti\ccs700\ccsv7\tools\compiler\ti-cgt-msp430_16.9.0.LTS\lib\</path>
         <kind>archive</kind>
         <file>rts430x_lc_sd_eabi.lib</file>
         <name>cpy_util.obj</name>
      </input_file>
      <input_file id="fl-5a">
         <path>C:\ti\ccs700\ccsv7\tools\compiler\ti-cgt-msp430_16.9.0.LTS\lib\</path>
         <kind>archive</kind>
         <file>rts430x_lc_sd_eabi.lib</file>
         <name>ctype.obj</name>
      </input_file>
      <input_file id="fl-5b">
         <path>C:\ti\ccs700\ccsv7\tools\compiler\ti-cgt-msp430_16.9.0.LTS\lib\</path>
         <kind>archive</kind>
         <file>rts430x_lc_sd_eabi.lib</file>
         <name>div16s.obj</name>
      </input_file>
      <input_file id="fl-5c">
         <path>C:\ti\ccs700\ccsv7\tools\compiler\ti-cgt-msp430_16.9.0.LTS\lib\</path>
         <kind>archive</kind>
         <file>rts430x_lc_sd_eabi.lib</file>
         <name>div16u.obj</name>
      </input_file>
      <input_file id="fl-5d">
         <path>C:\ti\ccs700\ccsv7\tools\compiler\ti-cgt-msp430_16.9.0.LTS\lib\</path>
         <kind>archive</kind>
         <file>rts430x_lc_sd_eabi.lib</file>
         <name>div32s.obj</name>
      </input_file>
      <input_file id="fl-5e">
         <path>C:\ti\ccs700\ccsv7\tools\compiler\ti-cgt-msp430_16.9.0.LTS\lib\</path>
         <kind>archive</kind>
         <file>rts430x_lc_sd_eabi.lib</file>
         <name>div32u.obj</name>
      </input_file>
      <input_file id="fl-5f">
         <path>C:\ti\ccs700\ccsv7\tools\compiler\ti-cgt-msp430_16.9.0.LTS\lib\</path>
         <kind>archive</kind>
         <file>rts430x_lc_sd_eabi.lib</file>
         <name>divd.obj</name>
      </input_file>
      <input_file id="fl-60">
         <path>C:\ti\ccs700\ccsv7\tools\compiler\ti-cgt-msp430_16.9.0.LTS\lib\</path>
         <kind>archive</kind>
         <file>rts430x_lc_sd_eabi.lib</file>
         <name>exit.obj</name>
      </input_file>
      <input_file id="fl-61">
         <path>C:\ti\ccs700\ccsv7\tools\compiler\ti-cgt-msp430_16.9.0.LTS\lib\</path>
         <kind>archive</kind>
         <file>rts430x_lc_sd_eabi.lib</file>
         <name>exit_gvars.obj</name>
      </input_file>
      <input_file id="fl-62">
         <path>C:\ti\ccs700\ccsv7\tools\compiler\ti-cgt-msp430_16.9.0.LTS\lib\</path>
         <kind>archive</kind>
         <file>rts430x_lc_sd_eabi.lib</file>
         <name>fixdli.obj</name>
      </input_file>
      <input_file id="fl-63">
         <path>C:\ti\ccs700\ccsv7\tools\compiler\ti-cgt-msp430_16.9.0.LTS\lib\</path>
         <kind>archive</kind>
         <file>rts430x_lc_sd_eabi.lib</file>
         <name>fltid.obj</name>
      </input_file>
      <input_file id="fl-64">
         <path>C:\ti\ccs700\ccsv7\tools\compiler\ti-cgt-msp430_16.9.0.LTS\lib\</path>
         <kind>archive</kind>
         <file>rts430x_lc_sd_eabi.lib</file>
         <name>fltlid.obj</name>
      </input_file>
      <input_file id="fl-65">
         <path>C:\ti\ccs700\ccsv7\tools\compiler\ti-cgt-msp430_16.9.0.LTS\lib\</path>
         <kind>archive</kind>
         <file>rts430x_lc_sd_eabi.lib</file>
         <name>frcaddd.obj</name>
      </input_file>
      <input_file id="fl-66">
         <path>C:\ti\ccs700\ccsv7\tools\compiler\ti-cgt-msp430_16.9.0.LTS\lib\</path>
         <kind>archive</kind>
         <file>rts430x_lc_sd_eabi.lib</file>
         <name>frcdivd.obj</name>
      </input_file>
      <input_file id="fl-67">
         <path>C:\ti\ccs700\ccsv7\tools\compiler\ti-cgt-msp430_16.9.0.LTS\lib\</path>
         <kind>archive</kind>
         <file>rts430x_lc_sd_eabi.lib</file>
         <name>int45.obj</name>
      </input_file>
      <input_file id="fl-68">
         <path>C:\ti\ccs700\ccsv7\tools\compiler\ti-cgt-msp430_16.9.0.LTS\lib\</path>
         <kind>archive</kind>
         <file>rts430x_lc_sd_eabi.lib</file>
         <name>int46.obj</name>
      </input_file>
      <input_file id="fl-69">
         <path>C:\ti\ccs700\ccsv7\tools\compiler\ti-cgt-msp430_16.9.0.LTS\lib\</path>
         <kind>archive</kind>
         <file>rts430x_lc_sd_eabi.lib</file>
         <name>int47.obj</name>
      </input_file>
      <input_file id="fl-6a">
         <path>C:\ti\ccs700\ccsv7\tools\compiler\ti-cgt-msp430_16.9.0.LTS\lib\</path>
         <kind>archive</kind>
         <file>rts430x_lc_sd_eabi.lib</file>
         <name>int49.obj</name>
      </input_file>
      <input_file id="fl-6b">
         <path>C:\ti\ccs700\ccsv7\tools\compiler\ti-cgt-msp430_16.9.0.LTS\lib\</path>
         <kind>archive</kind>
         <file>rts430x_lc_sd_eabi.lib</file>
         <name>int50.obj</name>
      </input_file>
      <input_file id="fl-6c">
         <path>C:\ti\ccs700\ccsv7\tools\compiler\ti-cgt-msp430_16.9.0.LTS\lib\</path>
         <kind>archive</kind>
         <file>rts430x_lc_sd_eabi.lib</file>
         <name>int51.obj</name>
      </input_file>
      <input_file id="fl-6d">
         <path>C:\ti\ccs700\ccsv7\tools\compiler\ti-cgt-msp430_16.9.0.LTS\lib\</path>
         <kind>archive</kind>
         <file>rts430x_lc_sd_eabi.lib</file>
         <name>int52.obj</name>
      </input_file>
      <input_file id="fl-6e">
         <path>C:\ti\ccs700\ccsv7\tools\compiler\ti-cgt-msp430_16.9.0.LTS\lib\</path>
         <kind>archive</kind>
         <file>rts430x_lc_sd_eabi.lib</file>
         <name>int53.obj</name>
      </input_file>
      <input_file id="fl-6f">
         <path>C:\ti\ccs700\ccsv7\tools\compiler\ti-cgt-msp430_16.9.0.LTS\lib\</path>
         <kind>archive</kind>
         <file>rts430x_lc_sd_eabi.lib</file>
         <name>int54.obj</name>
      </input_file>
      <input_file id="fl-70">
         <path>C:\ti\ccs700\ccsv7\tools\compiler\ti-cgt-msp430_16.9.0.LTS\lib\</path>
         <kind>archive</kind>
         <file>rts430x_lc_sd_eabi.lib</file>
         <name>int55.obj</name>
      </input_file>
      <input_file id="fl-71">
         <path>C:\ti\ccs700\ccsv7\tools\compiler\ti-cgt-msp430_16.9.0.LTS\lib\</path>
         <kind>archive</kind>
         <file>rts430x_lc_sd_eabi.lib</file>
         <name>int56.obj</name>
      </input_file>
      <input_file id="fl-72">
         <path>C:\ti\ccs700\ccsv7\tools\compiler\ti-cgt-msp430_16.9.0.LTS\lib\</path>
         <kind>archive</kind>
         <file>rts430x_lc_sd_eabi.lib</file>
         <name>int57.obj</name>
      </input_file>
      <input_file id="fl-73">
         <path>C:\ti\ccs700\ccsv7\tools\compiler\ti-cgt-msp430_16.9.0.LTS\lib\</path>
         <kind>archive</kind>
         <file>rts430x_lc_sd_eabi.lib</file>
         <name>int59.obj</name>
      </input_file>
      <input_file id="fl-74">
         <path>C:\ti\ccs700\ccsv7\tools\compiler\ti-cgt-msp430_16.9.0.LTS\lib\</path>
         <kind>archive</kind>
         <file>rts430x_lc_sd_eabi.lib</file>
         <name>int60.obj</name>
      </input_file>
      <input_file id="fl-75">
         <path>C:\ti\ccs700\ccsv7\tools\compiler\ti-cgt-msp430_16.9.0.LTS\lib\</path>
         <kind>archive</kind>
         <file>rts430x_lc_sd_eabi.lib</file>
         <name>int61.obj</name>
      </input_file>
      <input_file id="fl-76">
         <path>C:\ti\ccs700\ccsv7\tools\compiler\ti-cgt-msp430_16.9.0.LTS\lib\</path>
         <kind>archive</kind>
         <file>rts430x_lc_sd_eabi.lib</file>
         <name>int62.obj</name>
      </input_file>
      <input_file id="fl-77">
         <path>C:\ti\ccs700\ccsv7\tools\compiler\ti-cgt-msp430_16.9.0.LTS\lib\</path>
         <kind>archive</kind>
         <file>rts430x_lc_sd_eabi.lib</file>
         <name>isr_trap.obj</name>
      </input_file>
      <input_file id="fl-78">
         <path>C:\ti\ccs700\ccsv7\tools\compiler\ti-cgt-msp430_16.9.0.LTS\lib\</path>
         <kind>archive</kind>
         <file>rts430x_lc_sd_eabi.lib</file>
         <name>labs.obj</name>
      </input_file>
      <input_file id="fl-79">
         <path>C:\ti\ccs700\ccsv7\tools\compiler\ti-cgt-msp430_16.9.0.LTS\lib\</path>
         <kind>archive</kind>
         <file>rts430x_lc_sd_eabi.lib</file>
         <name>lsl16.obj</name>
      </input_file>
      <input_file id="fl-7a">
         <path>C:\ti\ccs700\ccsv7\tools\compiler\ti-cgt-msp430_16.9.0.LTS\lib\</path>
         <kind>archive</kind>
         <file>rts430x_lc_sd_eabi.lib</file>
         <name>lsl32.obj</name>
      </input_file>
      <input_file id="fl-7b">
         <path>C:\ti\ccs700\ccsv7\tools\compiler\ti-cgt-msp430_16.9.0.LTS\lib\</path>
         <kind>archive</kind>
         <file>rts430x_lc_sd_eabi.lib</file>
         <name>lsl64.obj</name>
      </input_file>
      <input_file id="fl-7c">
         <path>C:\ti\ccs700\ccsv7\tools\compiler\ti-cgt-msp430_16.9.0.LTS\lib\</path>
         <kind>archive</kind>
         <file>rts430x_lc_sd_eabi.lib</file>
         <name>lsr16.obj</name>
      </input_file>
      <input_file id="fl-7d">
         <path>C:\ti\ccs700\ccsv7\tools\compiler\ti-cgt-msp430_16.9.0.LTS\lib\</path>
         <kind>archive</kind>
         <file>rts430x_lc_sd_eabi.lib</file>
         <name>lsr32.obj</name>
      </input_file>
      <input_file id="fl-7e">
         <path>C:\ti\ccs700\ccsv7\tools\compiler\ti-cgt-msp430_16.9.0.LTS\lib\</path>
         <kind>archive</kind>
         <file>rts430x_lc_sd_eabi.lib</file>
         <name>lsr64.obj</name>
      </input_file>
      <input_file id="fl-7f">
         <path>C:\ti\ccs700\ccsv7\tools\compiler\ti-cgt-msp430_16.9.0.LTS\lib\</path>
         <kind>archive</kind>
         <file>rts430x_lc_sd_eabi.lib</file>
         <name>memcpy.obj</name>
      </input_file>
      <input_file id="fl-80">
         <path>C:\ti\ccs700\ccsv7\tools\compiler\ti-cgt-msp430_16.9.0.LTS\lib\</path>
         <kind>archive</kind>
         <file>rts430x_lc_sd_eabi.lib</file>
         <name>memset.obj</name>
      </input_file>
      <input_file id="fl-81">
         <path>C:\ti\ccs700\ccsv7\tools\compiler\ti-cgt-msp430_16.9.0.LTS\lib\</path>
         <kind>archive</kind>
         <file>rts430x_lc_sd_eabi.lib</file>
         <name>mktime.obj</name>
      </input_file>
      <input_file id="fl-82">
         <path>C:\ti\ccs700\ccsv7\tools\compiler\ti-cgt-msp430_16.9.0.LTS\lib\</path>
         <kind>archive</kind>
         <file>rts430x_lc_sd_eabi.lib</file>
         <name>mpu_init.obj</name>
      </input_file>
      <input_file id="fl-83">
         <path>C:\ti\ccs700\ccsv7\tools\compiler\ti-cgt-msp430_16.9.0.LTS\lib\</path>
         <kind>archive</kind>
         <file>rts430x_lc_sd_eabi.lib</file>
         <name>mpyd.obj</name>
      </input_file>
      <input_file id="fl-84">
         <path>C:\ti\ccs700\ccsv7\tools\compiler\ti-cgt-msp430_16.9.0.LTS\lib\</path>
         <kind>archive</kind>
         <file>rts430x_lc_sd_eabi.lib</file>
         <name>mult16.obj</name>
      </input_file>
      <input_file id="fl-85">
         <path>C:\ti\ccs700\ccsv7\tools\compiler\ti-cgt-msp430_16.9.0.LTS\lib\</path>
         <kind>archive</kind>
         <file>rts430x_lc_sd_eabi.lib</file>
         <name>mult1632_f5hw.obj</name>
      </input_file>
      <input_file id="fl-86">
         <path>C:\ti\ccs700\ccsv7\tools\compiler\ti-cgt-msp430_16.9.0.LTS\lib\</path>
         <kind>archive</kind>
         <file>rts430x_lc_sd_eabi.lib</file>
         <name>mult16_f5hw.obj</name>
      </input_file>
      <input_file id="fl-87">
         <path>C:\ti\ccs700\ccsv7\tools\compiler\ti-cgt-msp430_16.9.0.LTS\lib\</path>
         <kind>archive</kind>
         <file>rts430x_lc_sd_eabi.lib</file>
         <name>mult32.obj</name>
      </input_file>
      <input_file id="fl-88">
         <path>C:\ti\ccs700\ccsv7\tools\compiler\ti-cgt-msp430_16.9.0.LTS\lib\</path>
         <kind>archive</kind>
         <file>rts430x_lc_sd_eabi.lib</file>
         <name>mult3264_f5hw.obj</name>
      </input_file>
      <input_file id="fl-89">
         <path>C:\ti\ccs700\ccsv7\tools\compiler\ti-cgt-msp430_16.9.0.LTS\lib\</path>
         <kind>archive</kind>
         <file>rts430x_lc_sd_eabi.lib</file>
         <name>mult32_f5hw.obj</name>
      </input_file>
      <input_file id="fl-8a">
         <path>C:\ti\ccs700\ccsv7\tools\compiler\ti-cgt-msp430_16.9.0.LTS\lib\</path>
         <kind>archive</kind>
         <file>rts430x_lc_sd_eabi.lib</file>
         <name>mult64_f5hw.obj</name>
      </input_file>
      <input_file id="fl-8b">
         <path>C:\ti\ccs700\ccsv7\tools\compiler\ti-cgt-msp430_16.9.0.LTS\lib\</path>
         <kind>archive</kind>
         <file>rts430x_lc_sd_eabi.lib</file>
         <name>pre_init.obj</name>
      </input_file>
      <input_file id="fl-8c">
         <path>C:\ti\ccs700\ccsv7\tools\compiler\ti-cgt-msp430_16.9.0.LTS\lib\</path>
         <kind>archive</kind>
         <file>rts430x_lc_sd_eabi.lib</file>
         <name>printf.obj</name>
      </input_file>
      <input_file id="fl-8d">
         <path>C:\ti\ccs700\ccsv7\tools\compiler\ti-cgt-msp430_16.9.0.LTS\lib\</path>
         <kind>archive</kind>
         <file>rts430x_lc_sd_eabi.lib</file>
         <name>rem64s.obj</name>
      </input_file>
      <input_file id="fl-8e">
         <path>C:\ti\ccs700\ccsv7\tools\compiler\ti-cgt-msp430_16.9.0.LTS\lib\</path>
         <kind>archive</kind>
         <file>rts430x_lc_sd_eabi.lib</file>
         <name>renormd.obj</name>
      </input_file>
      <input_file id="fl-8f">
         <path>C:\ti\ccs700\ccsv7\tools\compiler\ti-cgt-msp430_16.9.0.LTS\lib\</path>
         <kind>archive</kind>
         <file>rts430x_lc_sd_eabi.lib</file>
         <name>strchr.obj</name>
      </input_file>
      <input_file id="fl-90">
         <path>C:\ti\ccs700\ccsv7\tools\compiler\ti-cgt-msp430_16.9.0.LTS\lib\</path>
         <kind>archive</kind>
         <file>rts430x_lc_sd_eabi.lib</file>
         <name>strncmp.obj</name>
      </input_file>
      <input_file id="fl-91">
         <path>C:\ti\ccs700\ccsv7\tools\compiler\ti-cgt-msp430_16.9.0.LTS\lib\</path>
         <kind>archive</kind>
         <file>rts430x_lc_sd_eabi.lib</file>
         <name>strstr.obj</name>
      </input_file>
      <input_file id="fl-92">
         <path>C:\ti\ccs700\ccsv7\tools\compiler\ti-cgt-msp430_16.9.0.LTS\lib\</path>
         <kind>archive</kind>
         <file>rts430x_lc_sd_eabi.lib</file>
         <name>strtod.obj</name>
      </input_file>
      <input_file id="fl-93">
         <path>C:\ti\ccs700\ccsv7\tools\compiler\ti-cgt-msp430_16.9.0.LTS\lib\</path>
         <kind>archive</kind>
         <file>rts430x_lc_sd_eabi.lib</file>
         <name>strtok.obj</name>
      </input_file>
      <input_file id="fl-94">
         <path>C:\ti\ccs700\ccsv7\tools\compiler\ti-cgt-msp430_16.9.0.LTS\lib\</path>
         <kind>archive</kind>
         <file>rts430x_lc_sd_eabi.lib</file>
         <name>strtol.obj</name>
      </input_file>
      <input_file id="fl-95">
         <path>C:\ti\ccs700\ccsv7\tools\compiler\ti-cgt-msp430_16.9.0.LTS\lib\</path>
         <kind>archive</kind>
         <file>rts430x_lc_sd_eabi.lib</file>
         <name>tmzone.obj</name>
      </input_file>
      <input_file id="fl-96">
         <path>C:\ti\ccs700\ccsv7\tools\compiler\ti-cgt-msp430_16.9.0.LTS\lib\</path>
         <kind>archive</kind>
         <file>rts430x_lc_sd_eabi.lib</file>
         <name>_lock.obj</name>
      </input_file>
      <input_file id="fl-97">
         <path>C:\ti\ccs700\ccsv7\tools\compiler\ti-cgt-msp430_16.9.0.LTS\lib\</path>
         <kind>archive</kind>
         <file>rts430x_lc_sd_eabi.lib</file>
         <name>_printfi.obj</name>
      </input_file>
      <input_file id="fl-98">
         <path>C:\ti\ccs700\ccsv7\tools\compiler\ti-cgt-msp430_16.9.0.LTS\lib\</path>
         <kind>archive</kind>
         <file>rts430x_lc_sd_eabi.lib</file>
         <name>abs.obj</name>
      </input_file>
      <input_file id="fl-99">
         <path>C:\ti\ccs700\ccsv7\tools\compiler\ti-cgt-msp430_16.9.0.LTS\lib\</path>
         <kind>archive</kind>
         <file>rts430x_lc_sd_eabi.lib</file>
         <name>args_main.obj</name>
      </input_file>
      <input_file id="fl-9a">
         <path>C:\ti\ccs700\ccsv7\tools\compiler\ti-cgt-msp430_16.9.0.LTS\lib\</path>
         <kind>archive</kind>
         <file>rts430x_lc_sd_eabi.lib</file>
         <name>autoinit_wdt.obj</name>
      </input_file>
      <input_file id="fl-9b">
         <path>C:\ti\ccs700\ccsv7\tools\compiler\ti-cgt-msp430_16.9.0.LTS\lib\</path>
         <kind>archive</kind>
         <file>rts430x_lc_sd_eabi.lib</file>
         <name>cmpd.obj</name>
      </input_file>
      <input_file id="fl-9c">
         <path>C:\ti\ccs700\ccsv7\tools\compiler\ti-cgt-msp430_16.9.0.LTS\lib\</path>
         <kind>archive</kind>
         <file>rts430x_lc_sd_eabi.lib</file>
         <name>cpy_tbl.obj</name>
      </input_file>
      <input_file id="fl-9d">
         <path>C:\ti\ccs700\ccsv7\tools\compiler\ti-cgt-msp430_16.9.0.LTS\lib\</path>
         <kind>archive</kind>
         <file>rts430x_lc_sd_eabi.lib</file>
         <name>defs.obj</name>
      </input_file>
      <input_file id="fl-9e">
         <path>C:\ti\ccs700\ccsv7\tools\compiler\ti-cgt-msp430_16.9.0.LTS\lib\</path>
         <kind>archive</kind>
         <file>rts430x_lc_sd_eabi.lib</file>
         <name>div64s.obj</name>
      </input_file>
      <input_file id="fl-9f">
         <path>C:\ti\ccs700\ccsv7\tools\compiler\ti-cgt-msp430_16.9.0.LTS\lib\</path>
         <kind>archive</kind>
         <file>rts430x_lc_sd_eabi.lib</file>
         <name>div64u.obj</name>
      </input_file>
      <input_file id="fl-a0">
         <path>C:\ti\ccs700\ccsv7\tools\compiler\ti-cgt-msp430_16.9.0.LTS\lib\</path>
         <kind>archive</kind>
         <file>rts430x_lc_sd_eabi.lib</file>
         <name>errno.obj</name>
      </input_file>
      <input_file id="fl-a1">
         <path>C:\ti\ccs700\ccsv7\tools\compiler\ti-cgt-msp430_16.9.0.LTS\lib\</path>
         <kind>archive</kind>
         <file>rts430x_lc_sd_eabi.lib</file>
         <name>fixdi.obj</name>
      </input_file>
      <input_file id="fl-a2">
         <path>C:\ti\ccs700\ccsv7\tools\compiler\ti-cgt-msp430_16.9.0.LTS\lib\</path>
         <kind>archive</kind>
         <file>rts430x_lc_sd_eabi.lib</file>
         <name>fputc.obj</name>
      </input_file>
      <input_file id="fl-a3">
         <path>C:\ti\ccs700\ccsv7\tools\compiler\ti-cgt-msp430_16.9.0.LTS\lib\</path>
         <kind>archive</kind>
         <file>rts430x_lc_sd_eabi.lib</file>
         <name>fputs.obj</name>
      </input_file>
      <input_file id="fl-a4">
         <path>C:\ti\ccs700\ccsv7\tools\compiler\ti-cgt-msp430_16.9.0.LTS\lib\</path>
         <kind>archive</kind>
         <file>rts430x_lc_sd_eabi.lib</file>
         <name>frcmpyd.obj</name>
      </input_file>
      <input_file id="fl-a5">
         <path>C:\ti\ccs700\ccsv7\tools\compiler\ti-cgt-msp430_16.9.0.LTS\lib\</path>
         <kind>archive</kind>
         <file>rts430x_lc_sd_eabi.lib</file>
         <name>llabs.obj</name>
      </input_file>
      <input_file id="fl-a6">
         <path>C:\ti\ccs700\ccsv7\tools\compiler\ti-cgt-msp430_16.9.0.LTS\lib\</path>
         <kind>archive</kind>
         <file>rts430x_lc_sd_eabi.lib</file>
         <name>lowlev.obj</name>
      </input_file>
      <input_file id="fl-a7">
         <path>C:\ti\ccs700\ccsv7\tools\compiler\ti-cgt-msp430_16.9.0.LTS\lib\</path>
         <kind>archive</kind>
         <file>rts430x_lc_sd_eabi.lib</file>
         <name>ltoa.obj</name>
      </input_file>
      <input_file id="fl-a8">
         <path>C:\ti\ccs700\ccsv7\tools\compiler\ti-cgt-msp430_16.9.0.LTS\lib\</path>
         <kind>archive</kind>
         <file>rts430x_lc_sd_eabi.lib</file>
         <name>memccpy.obj</name>
      </input_file>
      <input_file id="fl-a9">
         <path>C:\ti\ccs700\ccsv7\tools\compiler\ti-cgt-msp430_16.9.0.LTS\lib\</path>
         <kind>archive</kind>
         <file>rts430x_lc_sd_eabi.lib</file>
         <name>memchr.obj</name>
      </input_file>
      <input_file id="fl-aa">
         <path>C:\ti\ccs700\ccsv7\tools\compiler\ti-cgt-msp430_16.9.0.LTS\lib\</path>
         <kind>archive</kind>
         <file>rts430x_lc_sd_eabi.lib</file>
         <name>mult64.obj</name>
      </input_file>
      <input_file id="fl-ab">
         <path>C:\ti\ccs700\ccsv7\tools\compiler\ti-cgt-msp430_16.9.0.LTS\lib\</path>
         <kind>archive</kind>
         <file>rts430x_lc_sd_eabi.lib</file>
         <name>negd.obj</name>
      </input_file>
      <input_file id="fl-ac">
         <path>C:\ti\ccs700\ccsv7\tools\compiler\ti-cgt-msp430_16.9.0.LTS\lib\</path>
         <kind>archive</kind>
         <file>rts430x_lc_sd_eabi.lib</file>
         <name>s_frexp.obj</name>
      </input_file>
      <input_file id="fl-ad">
         <path>C:\ti\ccs700\ccsv7\tools\compiler\ti-cgt-msp430_16.9.0.LTS\lib\</path>
         <kind>archive</kind>
         <file>rts430x_lc_sd_eabi.lib</file>
         <name>s_scalbn.obj</name>
      </input_file>
      <input_file id="fl-ae">
         <path>C:\ti\ccs700\ccsv7\tools\compiler\ti-cgt-msp430_16.9.0.LTS\lib\</path>
         <kind>archive</kind>
         <file>rts430x_lc_sd_eabi.lib</file>
         <name>startup.obj</name>
      </input_file>
      <input_file id="fl-af">
         <path>C:\ti\ccs700\ccsv7\tools\compiler\ti-cgt-msp430_16.9.0.LTS\lib\</path>
         <kind>archive</kind>
         <file>rts430x_lc_sd_eabi.lib</file>
         <name>strcmp.obj</name>
      </input_file>
      <input_file id="fl-b0">
         <path>C:\ti\ccs700\ccsv7\tools\compiler\ti-cgt-msp430_16.9.0.LTS\lib\</path>
         <kind>archive</kind>
         <file>rts430x_lc_sd_eabi.lib</file>
         <name>strcspn.obj</name>
      </input_file>
      <input_file id="fl-b1">
         <path>C:\ti\ccs700\ccsv7\tools\compiler\ti-cgt-msp430_16.9.0.LTS\lib\</path>
         <kind>archive</kind>
         <file>rts430x_lc_sd_eabi.lib</file>
         <name>strlen.obj</name>
      </input_file>
      <input_file id="fl-b2">
         <path>C:\ti\ccs700\ccsv7\tools\compiler\ti-cgt-msp430_16.9.0.LTS\lib\</path>
         <kind>archive</kind>
         <file>rts430x_lc_sd_eabi.lib</file>
         <name>strncpy.obj</name>
      </input_file>
      <input_file id="fl-b3">
         <path>C:\ti\ccs700\ccsv7\tools\compiler\ti-cgt-msp430_16.9.0.LTS\lib\</path>
         <kind>archive</kind>
         <file>rts430x_lc_sd_eabi.lib</file>
         <name>strspn.obj</name>
      </input_file>
      <input_file id="fl-b4">
         <path>C:\ti\ccs700\ccsv7\tools\compiler\ti-cgt-msp430_16.9.0.LTS\lib\</path>
         <kind>archive</kind>
         <file>rts430x_lc_sd_eabi.lib</file>
         <name>subd.obj</name>
      </input_file>
      <input_file id="fl-b5">
         <path>C:\ti\ccs700\ccsv7\tools\compiler\ti-cgt-msp430_16.9.0.LTS\lib\</path>
         <kind>archive</kind>
         <file>rts430x_lc_sd_eabi.lib</file>
         <name>toupper.obj</name>
      </input_file>
      <input_file id="fl-b6">
         <path>C:\ti\ccs700\ccsv7\tools\compiler\ti-cgt-msp430_16.9.0.LTS\lib\</path>
         <kind>archive</kind>
         <file>rts430x_lc_sd_eabi.lib</file>
         <name>trgdrv.obj</name>
      </input_file>
      <input_file id="fl-b7">
         <path>C:\ti\ccs700\ccsv7\tools\compiler\ti-cgt-msp430_16.9.0.LTS\lib\</path>
         <kind>archive</kind>
         <file>rts430x_lc_sd_eabi.lib</file>
         <name>trgmsg.obj</name>
      </input_file>
      <input_file id="fl-b8">
         <path>C:\ti\ccs700\ccsv7\tools\compiler\ti-cgt-msp430_16.9.0.LTS\lib\</path>
         <kind>archive</kind>
         <file>rts430x_lc_sd_eabi.lib</file>
         <name>_io_perm.obj</name>
      </input_file>
      <input_file id="fl-b9">
         <path>C:\ti\ccs700\ccsv7\tools\compiler\ti-cgt-msp430_16.9.0.LTS\lib\</path>
         <kind>archive</kind>
         <file>rts430x_lc_sd_eabi.lib</file>
         <name>asr64.obj</name>
      </input_file>
      <input_file id="fl-ba">
         <path>C:\ti\ccs700\ccsv7\tools\compiler\ti-cgt-msp430_16.9.0.LTS\lib\</path>
         <kind>archive</kind>
         <file>rts430x_lc_sd_eabi.lib</file>
         <name>fflush.obj</name>
      </input_file>
      <input_file id="fl-bb">
         <path>C:\ti\ccs700\ccsv7\tools\compiler\ti-cgt-msp430_16.9.0.LTS\lib\</path>
         <kind>archive</kind>
         <file>rts430x_lc_sd_eabi.lib</file>
         <name>fseek.obj</name>
      </input_file>
      <input_file id="fl-bc">
         <path>C:\ti\ccs700\ccsv7\tools\compiler\ti-cgt-msp430_16.9.0.LTS\lib\</path>
         <kind>archive</kind>
         <file>rts430x_lc_sd_eabi.lib</file>
         <name>mult1632.obj</name>
      </input_file>
      <input_file id="fl-bd">
         <path>C:\ti\ccs700\ccsv7\tools\compiler\ti-cgt-msp430_16.9.0.LTS\lib\</path>
         <kind>archive</kind>
         <file>rts430x_lc_sd_eabi.lib</file>
         <name>s_copysign.obj</name>
      </input_file>
      <input_file id="fl-be">
         <path>C:\ti\ccs700\ccsv7\tools\compiler\ti-cgt-msp430_16.9.0.LTS\lib\</path>
         <kind>archive</kind>
         <file>rts430x_lc_sd_eabi.lib</file>
         <name>setvbuf.obj</name>
      </input_file>
      <input_file id="fl-bf">
         <path>C:\ti\ccs700\ccsv7\tools\compiler\ti-cgt-msp430_16.9.0.LTS\lib\</path>
         <kind>archive</kind>
         <file>rts430x_lc_sd_eabi.lib</file>
         <name>strcpy.obj</name>
      </input_file>
      <input_file id="fl-c0">
         <path>C:\ti\ccs700\ccsv7\tools\compiler\ti-cgt-msp430_16.9.0.LTS\lib\</path>
         <kind>archive</kind>
         <file>rts430x_lc_sd_eabi.lib</file>
         <name>fopen.obj</name>
      </input_file>
      <input_file id="fl-c1">
         <path>C:\ti\ccs700\ccsv7\tools\compiler\ti-cgt-msp430_16.9.0.LTS\lib\</path>
         <kind>archive</kind>
         <file>rts430x_lc_sd_eabi.lib</file>
         <name>memory.obj</name>
      </input_file>
      <input_file id="fl-c2">
         <path>C:\ti\ccs700\ccsv7\tools\compiler\ti-cgt-msp430_16.9.0.LTS\lib\</path>
         <kind>archive</kind>
         <file>rts430x_lc_sd_eabi.lib</file>
         <name>fclose.obj</name>
      </input_file>
      <input_file id="fl-c3">
         <path>C:\ti\ccs700\ccsv7\tools\compiler\ti-cgt-msp430_16.9.0.LTS\lib\</path>
         <kind>archive</kind>
         <file>rts430x_lc_sd_eabi.lib</file>
         <name>remove.obj</name>
      </input_file>
   </input_file_list>
   <object_component_list>
      <object_component id="oc-932">
         <name>.bss:SpiTxBuff$1</name>
         <uninitialized>true</uninitialized>
         <run_address>0x2136</run_address>
         <size>0x3a</size>
         <input_file_ref idref="fl-7"/>
      </object_component>
      <object_component id="oc-a45">
         <name>.bss:parmbuf</name>
         <uninitialized>true</uninitialized>
         <run_address>0x2190</run_address>
         <size>0x8</size>
         <input_file_ref idref="fl-b6"/>
      </object_component>
      <object_component id="oc-9be">
         <name>.bss</name>
         <uninitialized>true</uninitialized>
         <run_address>0x2198</run_address>
         <size>0x6</size>
         <input_file_ref idref="fl-c1"/>
      </object_component>
      <object_component id="oc-6cd">
         <name>.common:spi_bitbang_in_data</name>
         <uninitialized>true</uninitialized>
         <run_address>0x218f</run_address>
         <size>0x1</size>
      </object_component>
      <object_component id="oc-414">
         <name>.common:uart_rx_data</name>
         <uninitialized>true</uninitialized>
         <run_address>0x20a0</run_address>
         <size>0x96</size>
      </object_component>
      <object_component id="oc-472">
         <name>.common:sector_buffer</name>
         <uninitialized>true</uninitialized>
         <run_address>0x1e00</run_address>
         <size>0x200</size>
      </object_component>
      <object_component id="oc-473">
         <name>.common:g_header</name>
         <uninitialized>true</uninitialized>
         <run_address>0x1c00</run_address>
         <size>0x200</size>
      </object_component>
      <object_component id="oc-647">
         <name>.common:ttime</name>
         <uninitialized>true</uninitialized>
         <run_address>0x2170</run_address>
         <size>0x12</size>
      </object_component>
      <object_component id="oc-46b">
         <name>.common:ch</name>
         <uninitialized>true</uninitialized>
         <run_address>0x2182</run_address>
         <size>0xd</size>
      </object_component>
      <object_component id="oc-4a9">
         <name>.common:serial</name>
         <uninitialized>true</uninitialized>
         <run_address>0x219e</run_address>
         <size>0x2</size>
      </object_component>
      <object_component id="oc-a3a">
         <name>.common:__TI_tmpnams</name>
         <uninitialized>true</uninitialized>
         <run_address>0x2000</run_address>
         <size>0xa0</size>
      </object_component>
      <object_component id="oc-404">
         <name>.data</name>
         <load_address>0x2420</load_address>
         <run_address>0x2420</run_address>
         <size>0x4a</size>
         <input_file_ref idref="fl-5"/>
      </object_component>
      <object_component id="oc-441">
         <name>.data</name>
         <load_address>0x24b4</load_address>
         <run_address>0x24b4</run_address>
         <size>0x2</size>
         <input_file_ref idref="fl-60"/>
      </object_component>
      <object_component id="oc-44a">
         <name>.data:__TI_cleanup_ptr</name>
         <load_address>0x24a0</load_address>
         <run_address>0x24a0</run_address>
         <size>0x4</size>
         <input_file_ref idref="fl-61"/>
      </object_component>
      <object_component id="oc-447">
         <name>.data:__TI_dtors_ptr</name>
         <load_address>0x24a4</load_address>
         <run_address>0x24a4</run_address>
         <size>0x4</size>
         <input_file_ref idref="fl-61"/>
      </object_component>
      <object_component id="oc-73a">
         <name>.data</name>
         <load_address>0x24b8</load_address>
         <run_address>0x24b8</run_address>
         <size>0x2</size>
         <input_file_ref idref="fl-93"/>
      </object_component>
      <object_component id="oc-7ad">
         <name>.data:_tz</name>
         <load_address>0x2492</load_address>
         <run_address>0x2492</run_address>
         <size>0xe</size>
         <input_file_ref idref="fl-95"/>
      </object_component>
      <object_component id="oc-444">
         <name>.data:_lock</name>
         <load_address>0x24a8</load_address>
         <run_address>0x24a8</run_address>
         <size>0x4</size>
         <input_file_ref idref="fl-96"/>
      </object_component>
      <object_component id="oc-44d">
         <name>.data:_unlock</name>
         <load_address>0x24ac</load_address>
         <run_address>0x24ac</run_address>
         <size>0x4</size>
         <input_file_ref idref="fl-96"/>
      </object_component>
      <object_component id="oc-5b1">
         <name>.data:_ftable</name>
         <load_address>0x23a8</load_address>
         <run_address>0x23a8</run_address>
         <size>0x78</size>
         <input_file_ref idref="fl-9d"/>
      </object_component>
      <object_component id="oc-9d2">
         <name>.data</name>
         <load_address>0x24b0</load_address>
         <run_address>0x24b0</run_address>
         <size>0x2</size>
         <input_file_ref idref="fl-9d"/>
      </object_component>
      <object_component id="oc-755">
         <name>.data</name>
         <load_address>0x24b2</load_address>
         <run_address>0x24b2</run_address>
         <size>0x2</size>
         <input_file_ref idref="fl-a0"/>
      </object_component>
      <object_component id="oc-95b">
         <name>.data:_device</name>
         <load_address>0x2330</load_address>
         <run_address>0x2330</run_address>
         <size>0x78</size>
         <input_file_ref idref="fl-a6"/>
      </object_component>
      <object_component id="oc-8bc">
         <name>.data:_stream</name>
         <load_address>0x246a</load_address>
         <run_address>0x246a</run_address>
         <size>0x28</size>
         <input_file_ref idref="fl-a6"/>
      </object_component>
      <object_component id="oc-9c2">
         <name>.data</name>
         <load_address>0x24b6</load_address>
         <run_address>0x24b6</run_address>
         <size>0x2</size>
         <input_file_ref idref="fl-c1"/>
      </object_component>
      <object_component id="oc-391">
         <name>.sysmem</name>
         <uninitialized>true</uninitialized>
         <run_address>0x21a0</run_address>
         <size>0x4</size>
         <input_file_ref idref="fl-c1"/>
      </object_component>
      <object_component id="oc-b1e">
         <name>.sysmem</name>
         <uninitialized>true</uninitialized>
         <run_address>0x21a0</run_address>
         <size>0x0</size>
      </object_component>
      <object_component id="oc-38d">
         <name>.stack</name>
         <uninitialized>true</uninitialized>
         <run_address>0x2b5c</run_address>
         <size>0x2</size>
         <input_file_ref idref="fl-54"/>
      </object_component>
      <object_component id="oc-b1d">
         <name>.stack</name>
         <uninitialized>true</uninitialized>
         <run_address>0x2b5c</run_address>
         <size>0x0</size>
      </object_component>
      <object_component id="oc-4b6">
         <name>.text:_Z10parse_nmeav</name>
         <load_address>0x8000</load_address>
         <run_address>0x8000</run_address>
         <size>0xd4c</size>
         <input_file_ref idref="fl-5"/>
      </object_component>
      <object_component id="oc-787">
         <name>.text:__TI_frcdivd</name>
         <load_address>0x8d4c</load_address>
         <run_address>0x8d4c</run_address>
         <size>0x478</size>
         <input_file_ref idref="fl-66"/>
      </object_component>
      <object_component id="oc-678">
         <name>.text:__mktime32</name>
         <load_address>0x91c4</load_address>
         <run_address>0x91c4</run_address>
         <size>0x374</size>
         <input_file_ref idref="fl-81"/>
      </object_component>
      <object_component id="oc-925">
         <name>.text:__mspabi_divull</name>
         <load_address>0x9538</load_address>
         <run_address>0x9538</run_address>
         <size>0x34e</size>
         <input_file_ref idref="fl-9f"/>
      </object_component>
      <object_component id="oc-672">
         <name>.text:__mspabi_addd</name>
         <load_address>0x9886</load_address>
         <run_address>0x9886</run_address>
         <size>0x2d6</size>
         <input_file_ref idref="fl-50"/>
      </object_component>
      <object_component id="oc-763">
         <name>.text:strtod</name>
         <load_address>0x9b5c</load_address>
         <run_address>0x9b5c</run_address>
         <size>0x2c0</size>
         <input_file_ref idref="fl-92"/>
      </object_component>
      <object_component id="oc-76b">
         <name>.text:__TI_frcmpyd</name>
         <load_address>0x9e1c</load_address>
         <run_address>0x9e1c</run_address>
         <size>0x286</size>
         <input_file_ref idref="fl-a4"/>
      </object_component>
      <object_component id="oc-654">
         <name>.text:__mspabi_mpyd</name>
         <load_address>0xa0a2</load_address>
         <run_address>0xa0a2</run_address>
         <size>0x280</size>
         <input_file_ref idref="fl-83"/>
      </object_component>
      <object_component id="oc-809">
         <name>.text:_pproc_fgea</name>
         <load_address>0xa322</load_address>
         <run_address>0xa322</run_address>
         <size>0x25a</size>
         <input_file_ref idref="fl-97"/>
      </object_component>
      <object_component id="oc-78f">
         <name>.text:__TI_frcaddd</name>
         <load_address>0xa57c</load_address>
         <run_address>0xa57c</run_address>
         <size>0x252</size>
         <input_file_ref idref="fl-65"/>
      </object_component>
      <object_component id="oc-9a2">
         <name>.text:acvt</name>
         <load_address>0xa7ce</load_address>
         <run_address>0xa7ce</run_address>
         <size>0x238</size>
         <input_file_ref idref="fl-97"/>
      </object_component>
      <object_component id="oc-6f0">
         <name>.text:_setfield</name>
         <load_address>0xaa06</load_address>
         <run_address>0xaa06</run_address>
         <size>0x232</size>
         <input_file_ref idref="fl-97"/>
      </object_component>
      <object_component id="oc-66c">
         <name>.text:__mspabi_divd</name>
         <load_address>0xac38</load_address>
         <run_address>0xac38</run_address>
         <size>0x220</size>
         <input_file_ref idref="fl-5f"/>
      </object_component>
      <object_component id="oc-5c0">
         <name>.text:__TI_printfi</name>
         <load_address>0xae58</load_address>
         <run_address>0xae58</run_address>
         <size>0x210</size>
         <input_file_ref idref="fl-97"/>
      </object_component>
      <object_component id="oc-63b">
         <name>.text:strtol</name>
         <load_address>0xb068</load_address>
         <run_address>0xb068</run_address>
         <size>0x206</size>
         <input_file_ref idref="fl-94"/>
      </object_component>
      <object_component id="oc-97b">
         <name>.text:ecvt</name>
         <load_address>0xb26e</load_address>
         <run_address>0xb26e</run_address>
         <size>0x200</size>
         <input_file_ref idref="fl-97"/>
      </object_component>
      <object_component id="oc-98e">
         <name>.text:fcvt</name>
         <load_address>0xb46e</load_address>
         <run_address>0xb46e</run_address>
         <size>0x1dc</size>
         <input_file_ref idref="fl-97"/>
      </object_component>
      <object_component id="oc-a25">
         <name>.text:scalbn</name>
         <load_address>0xb64a</load_address>
         <run_address>0xb64a</run_address>
         <size>0x19e</size>
         <input_file_ref idref="fl-ad"/>
      </object_component>
      <object_component id="oc-8eb">
         <name>.text:_pconv_e</name>
         <load_address>0xb7e8</load_address>
         <run_address>0xb7e8</run_address>
         <size>0x19a</size>
         <input_file_ref idref="fl-97"/>
      </object_component>
      <object_component id="oc-3e2">
         <name>.text:main</name>
         <load_address>0xb982</load_address>
         <run_address>0xb982</run_address>
         <size>0x186</size>
         <input_file_ref idref="fl-5"/>
      </object_component>
      <object_component id="oc-690">
         <name>.text:_Z24controller_control_framePcllllll</name>
         <load_address>0xbb08</load_address>
         <run_address>0xbb08</run_address>
         <size>0x178</size>
         <input_file_ref idref="fl-5"/>
      </object_component>
      <object_component id="oc-8f1">
         <name>.text:_pconv_a</name>
         <load_address>0xbc80</load_address>
         <run_address>0xbc80</run_address>
         <size>0x168</size>
         <input_file_ref idref="fl-97"/>
      </object_component>
      <object_component id="oc-8c7">
         <name>.text:_getarg_diouxp</name>
         <load_address>0xbde8</load_address>
         <run_address>0xbde8</run_address>
         <size>0x164</size>
         <input_file_ref idref="fl-97"/>
      </object_component>
      <object_component id="oc-803">
         <name>.text:_pproc_diouxp</name>
         <load_address>0xbf4c</load_address>
         <run_address>0xbf4c</run_address>
         <size>0x140</size>
         <input_file_ref idref="fl-97"/>
      </object_component>
      <object_component id="oc-87c">
         <name>.text:__mspabi_divlli</name>
         <load_address>0xc08c</load_address>
         <run_address>0xc08c</run_address>
         <size>0x13c</size>
         <input_file_ref idref="fl-9e"/>
      </object_component>
      <object_component id="oc-480">
         <name>.text:_Z15mmcReadCardSizev</name>
         <load_address>0xc1c8</load_address>
         <run_address>0xc1c8</run_address>
         <size>0x124</size>
         <input_file_ref idref="fl-6"/>
      </object_component>
      <object_component id="oc-8cd">
         <name>.text:_ltostr</name>
         <load_address>0xc2ec</load_address>
         <run_address>0xc2ec</run_address>
         <size>0x122</size>
         <input_file_ref idref="fl-97"/>
      </object_component>
      <object_component id="oc-684">
         <name>.text:_Z7set_bitP15Controller_bytei</name>
         <load_address>0xc40e</load_address>
         <run_address>0xc40e</run_address>
         <size>0xfa</size>
         <input_file_ref idref="fl-5"/>
      </object_component>
      <object_component id="oc-8df">
         <name>.text:_pconv_g</name>
         <load_address>0xc508</load_address>
         <run_address>0xc508</run_address>
         <size>0xf4</size>
         <input_file_ref idref="fl-97"/>
      </object_component>
      <object_component id="oc-6ea">
         <name>.text:_pproc_fwp</name>
         <load_address>0xc5fc</load_address>
         <run_address>0xc5fc</run_address>
         <size>0xf4</size>
         <input_file_ref idref="fl-97"/>
      </object_component>
      <object_component id="oc-68">
         <name>.text:decompress:lzss:__TI_decompress_lzss</name>
         <load_address>0xc6f0</load_address>
         <run_address>0xc6f0</run_address>
         <size>0xee</size>
         <input_file_ref idref="fl-56"/>
      </object_component>
      <object_component id="oc-696">
         <name>.text:ToGSM</name>
         <load_address>0xc7de</load_address>
         <run_address>0xc7de</run_address>
         <size>0xe8</size>
         <input_file_ref idref="fl-7"/>
      </object_component>
      <object_component id="oc-6d6">
         <name>.text:fputs</name>
         <load_address>0xc8c6</load_address>
         <run_address>0xc8c6</run_address>
         <size>0xde</size>
         <input_file_ref idref="fl-a3"/>
      </object_component>
      <object_component id="oc-84d">
         <name>.text:__mspabi_cmpd</name>
         <load_address>0xc9a4</load_address>
         <run_address>0xc9a4</run_address>
         <size>0xd8</size>
         <input_file_ref idref="fl-9b"/>
      </object_component>
      <object_component id="oc-8b0">
         <name>.text:setvbuf</name>
         <load_address>0xca7c</load_address>
         <run_address>0xca7c</run_address>
         <size>0xcc</size>
         <input_file_ref idref="fl-be"/>
      </object_component>
      <object_component id="oc-3b6">
         <name>.text:_isr:_Z11USCI_A0_ISRv</name>
         <load_address>0xcb48</load_address>
         <run_address>0xcb48</run_address>
         <size>0xc2</size>
         <input_file_ref idref="fl-5"/>
      </object_component>
      <object_component id="oc-86c">
         <name>.text:__TI_renormd</name>
         <load_address>0xcc0a</load_address>
         <run_address>0xcc0a</run_address>
         <size>0xb2</size>
         <input_file_ref idref="fl-8e"/>
      </object_component>
      <object_component id="oc-42c">
         <name>.text:copy_in</name>
         <load_address>0xccbc</load_address>
         <run_address>0xccbc</run_address>
         <size>0xb2</size>
         <input_file_ref idref="fl-9c"/>
      </object_component>
      <object_component id="oc-99c">
         <name>.text:frexp</name>
         <load_address>0xcd6e</load_address>
         <run_address>0xcd6e</run_address>
         <size>0xb2</size>
         <input_file_ref idref="fl-ac"/>
      </object_component>
      <object_component id="oc-68a">
         <name>.text:_Z12flush_sectorv</name>
         <load_address>0xce20</load_address>
         <run_address>0xce20</run_address>
         <size>0xb0</size>
         <input_file_ref idref="fl-5"/>
      </object_component>
      <object_component id="oc-942">
         <name>.text:malloc</name>
         <load_address>0xced0</load_address>
         <run_address>0xced0</run_address>
         <size>0xae</size>
         <input_file_ref idref="fl-c1"/>
      </object_component>
      <object_component id="oc-45f">
         <name>.text:_Z9init_gpiov</name>
         <load_address>0xcf7e</load_address>
         <run_address>0xcf7e</run_address>
         <size>0xa8</size>
         <input_file_ref idref="fl-5"/>
      </object_component>
      <object_component id="oc-780">
         <name>.text:__mspabi_fltlid</name>
         <load_address>0xd026</load_address>
         <run_address>0xd026</run_address>
         <size>0x9e</size>
         <input_file_ref idref="fl-64"/>
      </object_component>
      <object_component id="oc-6f6">
         <name>.text:_pproc_str</name>
         <load_address>0xd0c4</load_address>
         <run_address>0xd0c4</run_address>
         <size>0x9e</size>
         <input_file_ref idref="fl-97"/>
      </object_component>
      <object_component id="oc-9f0">
         <name>.text:HOSTlseek</name>
         <load_address>0xd162</load_address>
         <run_address>0xd162</run_address>
         <size>0x9c</size>
         <input_file_ref idref="fl-b6"/>
      </object_component>
      <object_component id="oc-3c8">
         <name>.text:_auto_init_hold_wdt</name>
         <load_address>0xd1fe</load_address>
         <run_address>0xd1fe</run_address>
         <size>0x96</size>
         <input_file_ref idref="fl-9a"/>
      </object_component>
      <object_component id="oc-7c9">
         <name>.text:spi_send</name>
         <load_address>0xd294</load_address>
         <run_address>0xd294</run_address>
         <size>0x8e</size>
         <input_file_ref idref="fl-7"/>
      </object_component>
      <object_component id="oc-6dd">
         <name>.text:fputc</name>
         <load_address>0xd322</load_address>
         <run_address>0xd322</run_address>
         <size>0x8c</size>
         <input_file_ref idref="fl-a2"/>
      </object_component>
      <object_component id="oc-589">
         <name>.text:USCI_A_UART_init</name>
         <load_address>0xd3ae</load_address>
         <run_address>0xd3ae</run_address>
         <size>0x8a</size>
         <input_file_ref idref="fl-2c"/>
      </object_component>
      <object_component id="oc-981">
         <name>.text:_ecpy</name>
         <load_address>0xd438</load_address>
         <run_address>0xd438</run_address>
         <size>0x8a</size>
         <input_file_ref idref="fl-97"/>
      </object_component>
      <object_component id="oc-987">
         <name>.text:_mcpy</name>
         <load_address>0xd4c2</load_address>
         <run_address>0xd4c2</run_address>
         <size>0x8a</size>
         <input_file_ref idref="fl-97"/>
      </object_component>
      <object_component id="oc-93c">
         <name>.text:free</name>
         <load_address>0xd54c</load_address>
         <run_address>0xd54c</run_address>
         <size>0x80</size>
         <input_file_ref idref="fl-c1"/>
      </object_component>
      <object_component id="oc-a07">
         <name>.text:ltoa</name>
         <load_address>0xd5cc</load_address>
         <run_address>0xd5cc</run_address>
         <size>0x7c</size>
         <input_file_ref idref="fl-a7"/>
      </object_component>
      <object_component id="oc-7e3">
         <name>.text:__TI_wrt_ok</name>
         <load_address>0xd648</load_address>
         <run_address>0xd648</run_address>
         <size>0x7a</size>
         <input_file_ref idref="fl-b8"/>
      </object_component>
      <object_component id="oc-48b">
         <name>.text:_Z12mmcReadBlockmmPh</name>
         <load_address>0xd6c2</load_address>
         <run_address>0xd6c2</run_address>
         <size>0x78</size>
         <input_file_ref idref="fl-6"/>
      </object_component>
      <object_component id="oc-5f5">
         <name>.text:_Z13mmcWriteBlockmmPh</name>
         <load_address>0xd73a</load_address>
         <run_address>0xd73a</run_address>
         <size>0x78</size>
         <input_file_ref idref="fl-6"/>
      </object_component>
      <object_component id="oc-8e5">
         <name>.text:_pconv_f</name>
         <load_address>0xd7b2</load_address>
         <run_address>0xd7b2</run_address>
         <size>0x74</size>
         <input_file_ref idref="fl-97"/>
      </object_component>
      <object_component id="oc-465">
         <name>.text:_Z14uart_configurev</name>
         <load_address>0xd826</load_address>
         <run_address>0xd826</run_address>
         <size>0x70</size>
         <input_file_ref idref="fl-5"/>
      </object_component>
      <object_component id="oc-4b0">
         <name>.text:spi_init</name>
         <load_address>0xd896</load_address>
         <run_address>0xd896</run_address>
         <size>0x6e</size>
         <input_file_ref idref="fl-7"/>
      </object_component>
      <object_component id="oc-9fc">
         <name>.text:HOSTrename</name>
         <load_address>0xd904</load_address>
         <run_address>0xd904</run_address>
         <size>0x6a</size>
         <input_file_ref idref="fl-b6"/>
      </object_component>
      <object_component id="oc-8aa">
         <name>.text:fseek</name>
         <load_address>0xd96e</load_address>
         <run_address>0xd96e</run_address>
         <size>0x6a</size>
         <input_file_ref idref="fl-bb"/>
      </object_component>
      <object_component id="oc-9cc">
         <name>.text:__TI_closefile</name>
         <load_address>0xd9d8</load_address>
         <run_address>0xd9d8</run_address>
         <size>0x68</size>
         <input_file_ref idref="fl-c2"/>
      </object_component>
      <object_component id="oc-65a">
         <name>.text:__mspabi_fixdli</name>
         <load_address>0xda40</load_address>
         <run_address>0xda40</run_address>
         <size>0x66</size>
         <input_file_ref idref="fl-62"/>
      </object_component>
      <object_component id="oc-9d8">
         <name>.text:HOSTopen</name>
         <load_address>0xdaa6</load_address>
         <run_address>0xdaa6</run_address>
         <size>0x64</size>
         <input_file_ref idref="fl-b6"/>
      </object_component>
      <object_component id="oc-497">
         <name>.text:_Z9mmcGoIdlev</name>
         <load_address>0xdb0a</load_address>
         <run_address>0xdb0a</run_address>
         <size>0x64</size>
         <input_file_ref idref="fl-6"/>
      </object_component>
      <object_component id="oc-7ef">
         <name>.text:__TI_doflush</name>
         <load_address>0xdb6e</load_address>
         <run_address>0xdb6e</run_address>
         <size>0x62</size>
         <input_file_ref idref="fl-ba"/>
      </object_component>
      <object_component id="oc-9ea">
         <name>.text:HOSTwrite</name>
         <load_address>0xdbd0</load_address>
         <run_address>0xdbd0</run_address>
         <size>0x60</size>
         <input_file_ref idref="fl-b6"/>
      </object_component>
      <object_component id="oc-9e4">
         <name>.text:HOSTread</name>
         <load_address>0xdc30</load_address>
         <run_address>0xdc30</run_address>
         <size>0x5e</size>
         <input_file_ref idref="fl-b6"/>
      </object_component>
      <object_component id="oc-882">
         <name>.text:__mpyll</name>
         <load_address>0xdc8e</load_address>
         <run_address>0xdc8e</run_address>
         <size>0x5c</size>
         <input_file_ref idref="fl-8a"/>
      </object_component>
      <object_component id="oc-750">
         <name>.text</name>
         <load_address>0xdcea</load_address>
         <run_address>0xdcea</run_address>
         <size>0x58</size>
         <input_file_ref idref="fl-5e"/>
      </object_component>
      <object_component id="oc-723">
         <name>.text:_Z12mmcCheckBusyv</name>
         <load_address>0xdd42</load_address>
         <run_address>0xdd42</run_address>
         <size>0x54</size>
         <input_file_ref idref="fl-6"/>
      </object_component>
      <object_component id="oc-a76">
         <name>.text:getdevice</name>
         <load_address>0xdd96</load_address>
         <run_address>0xdd96</run_address>
         <size>0x54</size>
         <input_file_ref idref="fl-a6"/>
      </object_component>
      <object_component id="oc-75c">
         <name>.text:atoi</name>
         <load_address>0xddea</load_address>
         <run_address>0xddea</run_address>
         <size>0x52</size>
         <input_file_ref idref="fl-53"/>
      </object_component>
      <object_component id="oc-7a7">
         <name>.text:__mspabi_remlli</name>
         <load_address>0xde3c</load_address>
         <run_address>0xde3c</run_address>
         <size>0x50</size>
         <input_file_ref idref="fl-8d"/>
      </object_component>
      <object_component id="oc-5db">
         <name>.text:_Z10mmcSendCmdcmc</name>
         <load_address>0xde8c</load_address>
         <run_address>0xde8c</run_address>
         <size>0x4a</size>
         <input_file_ref idref="fl-6"/>
      </object_component>
      <object_component id="oc-5d5">
         <name>.text:_Z17mmcSetBlockLengthm</name>
         <load_address>0xded6</load_address>
         <run_address>0xded6</run_address>
         <size>0x4a</size>
         <input_file_ref idref="fl-6"/>
      </object_component>
      <object_component id="oc-a34">
         <name>.text:close</name>
         <load_address>0xdf20</load_address>
         <run_address>0xdf20</run_address>
         <size>0x4a</size>
         <input_file_ref idref="fl-a6"/>
      </object_component>
      <object_component id="oc-62f">
         <name>.text:strtok</name>
         <load_address>0xdf6a</load_address>
         <run_address>0xdf6a</run_address>
         <size>0x4a</size>
         <input_file_ref idref="fl-93"/>
      </object_component>
      <object_component id="oc-474">
         <name>.text:_Z7mmcInitv</name>
         <load_address>0xdfb4</load_address>
         <run_address>0xdfb4</run_address>
         <size>0x48</size>
         <input_file_ref idref="fl-6"/>
      </object_component>
      <object_component id="oc-994">
         <name>.text:_fcpy</name>
         <load_address>0xdffc</load_address>
         <run_address>0xdffc</run_address>
         <size>0x48</size>
         <input_file_ref idref="fl-97"/>
      </object_component>
      <object_component id="oc-3d4">
         <name>.text:exit</name>
         <load_address>0xe044</load_address>
         <run_address>0xe044</run_address>
         <size>0x48</size>
         <input_file_ref idref="fl-60"/>
      </object_component>
      <object_component id="oc-9de">
         <name>.text:HOSTclose</name>
         <load_address>0xe08c</load_address>
         <run_address>0xe08c</run_address>
         <size>0x46</size>
         <input_file_ref idref="fl-b6"/>
      </object_component>
      <object_component id="oc-6c7">
         <name>.text:_Z17spi_bitbang_inouth</name>
         <load_address>0xe0d2</load_address>
         <run_address>0xe0d2</run_address>
         <size>0x44</size>
         <input_file_ref idref="fl-4"/>
      </object_component>
      <object_component id="oc-9f6">
         <name>.text:HOSTunlink</name>
         <load_address>0xe116</load_address>
         <run_address>0xe116</run_address>
         <size>0x42</size>
         <input_file_ref idref="fl-b6"/>
      </object_component>
      <object_component id="oc-39f">
         <name>.text:__memcpy_far</name>
         <load_address>0xe158</load_address>
         <run_address>0xe158</run_address>
         <size>0x40</size>
         <input_file_ref idref="fl-59"/>
      </object_component>
      <object_component id="oc-919">
         <name>.text:__mspabi_srall</name>
         <load_address>0xe198</load_address>
         <run_address>0xe198</run_address>
         <size>0x40</size>
         <input_file_ref idref="fl-b9"/>
      </object_component>
      <object_component id="oc-47a">
         <name>.text:printf</name>
         <load_address>0xe1d8</load_address>
         <run_address>0xe1d8</run_address>
         <size>0x40</size>
         <input_file_ref idref="fl-8c"/>
      </object_component>
      <object_component id="oc-a62">
         <name>.text</name>
         <load_address>0xe218</load_address>
         <run_address>0xe218</run_address>
         <size>0x40</size>
         <input_file_ref idref="fl-5d"/>
      </object_component>
      <object_component id="oc-86">
         <name>.text:decompress:ZI:__TI_zero_init</name>
         <load_address>0xe258</load_address>
         <run_address>0xe258</run_address>
         <size>0x3e</size>
         <input_file_ref idref="fl-58"/>
      </object_component>
      <object_component id="oc-7c0">
         <name>.text:l_asr_const</name>
         <load_address>0xe296</load_address>
         <run_address>0xe296</run_address>
         <size>0x3e</size>
         <input_file_ref idref="fl-51"/>
      </object_component>
      <object_component id="oc-5f0">
         <name>.text:l_lsl_const</name>
         <load_address>0xe2d4</load_address>
         <run_address>0xe2d4</run_address>
         <size>0x3e</size>
         <input_file_ref idref="fl-7a"/>
      </object_component>
      <object_component id="oc-486">
         <name>.text:l_lsr_const</name>
         <load_address>0xe312</load_address>
         <run_address>0xe312</run_address>
         <size>0x3e</size>
         <input_file_ref idref="fl-7d"/>
      </object_component>
      <object_component id="oc-4a3">
         <name>.text:_Z13set_device_idh</name>
         <load_address>0xe350</load_address>
         <run_address>0xe350</run_address>
         <size>0x3c</size>
         <input_file_ref idref="fl-3"/>
      </object_component>
      <object_component id="oc-6e">
         <name>.text:decompress:none:__TI_decompress_none</name>
         <load_address>0xe38c</load_address>
         <run_address>0xe38c</run_address>
         <size>0x3c</size>
         <input_file_ref idref="fl-57"/>
      </object_component>
      <object_component id="oc-491">
         <name>.text:_Z15_mmcWriteSectormPv</name>
         <load_address>0xe3c8</load_address>
         <run_address>0xe3c8</run_address>
         <size>0x3a</size>
         <input_file_ref idref="fl-5"/>
      </object_component>
      <object_component id="oc-9af">
         <name>.text:__mspabi_sllll</name>
         <load_address>0xe402</load_address>
         <run_address>0xe402</run_address>
         <size>0x3a</size>
         <input_file_ref idref="fl-7b"/>
      </object_component>
      <object_component id="oc-96d">
         <name>.text:__mspabi_srlll</name>
         <load_address>0xe43c</load_address>
         <run_address>0xe43c</run_address>
         <size>0x3a</size>
         <input_file_ref idref="fl-7e"/>
      </object_component>
      <object_component id="oc-67e">
         <name>.text:_Z21controller_diff_framePciiiii</name>
         <load_address>0xe476</load_address>
         <run_address>0xe476</run_address>
         <size>0x38</size>
         <input_file_ref idref="fl-5"/>
      </object_component>
      <object_component id="oc-9c5">
         <name>.text:minit</name>
         <load_address>0xe4ae</load_address>
         <run_address>0xe4ae</run_address>
         <size>0x38</size>
         <input_file_ref idref="fl-c1"/>
      </object_component>
      <object_component id="oc-641">
         <name>.text:strstr</name>
         <load_address>0xe4e6</load_address>
         <run_address>0xe4e6</run_address>
         <size>0x36</size>
         <input_file_ref idref="fl-91"/>
      </object_component>
      <object_component id="oc-717">
         <name>.text:_Z12spiSendFramePhj</name>
         <load_address>0xe51c</load_address>
         <run_address>0xe51c</run_address>
         <size>0x34</size>
         <input_file_ref idref="fl-4"/>
      </object_component>
      <object_component id="oc-948">
         <name>.text:__TI_cleanup</name>
         <load_address>0xe550</load_address>
         <run_address>0xe550</run_address>
         <size>0x32</size>
         <input_file_ref idref="fl-c0"/>
      </object_component>
      <object_component id="oc-5e7">
         <name>.text:_Z12spiReadFramePhj</name>
         <load_address>0xe582</load_address>
         <run_address>0xe582</run_address>
         <size>0x30</size>
         <input_file_ref idref="fl-4"/>
      </object_component>
      <object_component id="oc-72f">
         <name>.text:FlashCtl_write8</name>
         <load_address>0xe5b2</load_address>
         <run_address>0xe5b2</run_address>
         <size>0x2e</size>
         <input_file_ref idref="fl-15"/>
      </object_component>
      <object_component id="oc-a48">
         <name>.text:__TI_writemsg</name>
         <load_address>0xe5e0</load_address>
         <run_address>0xe5e0</run_address>
         <size>0x2e</size>
         <input_file_ref idref="fl-b7"/>
      </object_component>
      <object_component id="oc-a0d">
         <name>.text:__mspabi_subd</name>
         <load_address>0xe60e</load_address>
         <run_address>0xe60e</run_address>
         <size>0x2e</size>
         <input_file_ref idref="fl-b4"/>
      </object_component>
      <object_component id="oc-a6d">
         <name>.text:copysign</name>
         <load_address>0xe63c</load_address>
         <run_address>0xe63c</run_address>
         <size>0x2e</size>
         <input_file_ref idref="fl-bd"/>
      </object_component>
      <object_component id="oc-a97">
         <name>.text:finddevice</name>
         <load_address>0xe66a</load_address>
         <run_address>0xe66a</run_address>
         <size>0x2e</size>
         <input_file_ref idref="fl-a6"/>
      </object_component>
      <object_component id="oc-a4e">
         <name>.text:__TI_readmsg</name>
         <load_address>0xe698</load_address>
         <run_address>0xe698</run_address>
         <size>0x2c</size>
         <input_file_ref idref="fl-b7"/>
      </object_component>
      <object_component id="oc-89c">
         <name>.text:dma_spi_send</name>
         <load_address>0xe6c4</load_address>
         <run_address>0xe6c4</run_address>
         <size>0x2c</size>
         <input_file_ref idref="fl-7"/>
      </object_component>
      <object_component id="oc-797">
         <name>.text</name>
         <load_address>0xe6f0</load_address>
         <run_address>0xe6f0</run_address>
         <size>0x2c</size>
         <input_file_ref idref="fl-5b"/>
      </object_component>
      <object_component id="oc-a91">
         <name>.text:strncpy</name>
         <load_address>0xe71c</load_address>
         <run_address>0xe71c</run_address>
         <size>0x2c</size>
         <input_file_ref idref="fl-b2"/>
      </object_component>
      <object_component id="oc-83e">
         <name>.text:__mspabi_negd</name>
         <load_address>0xe748</load_address>
         <run_address>0xe748</run_address>
         <size>0x2a</size>
         <input_file_ref idref="fl-ab"/>
      </object_component>
      <object_component id="oc-41f">
         <name>.text:strncmp</name>
         <load_address>0xe772</load_address>
         <run_address>0xe772</run_address>
         <size>0x2a</size>
         <input_file_ref idref="fl-90"/>
      </object_component>
      <object_component id="oc-a3b">
         <name>.text:unlink</name>
         <load_address>0xe79c</load_address>
         <run_address>0xe79c</run_address>
         <size>0x2a</size>
         <input_file_ref idref="fl-a6"/>
      </object_component>
      <object_component id="oc-648">
         <name>.text:_Z5atoinPKci</name>
         <load_address>0xe7c6</load_address>
         <run_address>0xe7c6</run_address>
         <size>0x28</size>
         <input_file_ref idref="fl-5"/>
      </object_component>
      <object_component id="oc-a13">
         <name>.text:__mspabi_fixdi</name>
         <load_address>0xe7ee</load_address>
         <run_address>0xe7ee</run_address>
         <size>0x28</size>
         <input_file_ref idref="fl-a1"/>
      </object_component>
      <object_component id="oc-743">
         <name>.text:strcspn</name>
         <load_address>0xe816</load_address>
         <run_address>0xe816</run_address>
         <size>0x28</size>
         <input_file_ref idref="fl-b0"/>
      </object_component>
      <object_component id="oc-73d">
         <name>.text:strspn</name>
         <load_address>0xe83e</load_address>
         <run_address>0xe83e</run_address>
         <size>0x28</size>
         <input_file_ref idref="fl-b3"/>
      </object_component>
      <object_component id="oc-934">
         <name>.text:lseek</name>
         <load_address>0xe866</load_address>
         <run_address>0xe866</run_address>
         <size>0x26</size>
         <input_file_ref idref="fl-a6"/>
      </object_component>
      <object_component id="oc-60a">
         <name>.text:FlashCtl_eraseSegment</name>
         <load_address>0xe88c</load_address>
         <run_address>0xe88c</run_address>
         <size>0x24</size>
         <input_file_ref idref="fl-15"/>
      </object_component>
      <object_component id="oc-5c8">
         <name>.text:_Z14mmcGetResponsev</name>
         <load_address>0xe8b0</load_address>
         <run_address>0xe8b0</run_address>
         <size>0x24</size>
         <input_file_ref idref="fl-6"/>
      </object_component>
      <object_component id="oc-5ce">
         <name>.text</name>
         <load_address>0xe8d4</load_address>
         <run_address>0xe8d4</run_address>
         <size>0x24</size>
         <input_file_ref idref="fl-89"/>
      </object_component>
      <object_component id="oc-7f5">
         <name>.text:write</name>
         <load_address>0xe8f8</load_address>
         <run_address>0xe8f8</run_address>
         <size>0x24</size>
         <input_file_ref idref="fl-a6"/>
      </object_component>
      <object_component id="oc-61c">
         <name>.text:FlashCtl_lockInfoA</name>
         <load_address>0xe91c</load_address>
         <run_address>0xe91c</run_address>
         <size>0x22</size>
         <input_file_ref idref="fl-15"/>
      </object_component>
      <object_component id="oc-567">
         <name>.text:GPIO_setAsInputPinWithPullUpResistor</name>
         <load_address>0xe93e</load_address>
         <run_address>0xe93e</run_address>
         <size>0x22</size>
         <input_file_ref idref="fl-16"/>
      </object_component>
      <object_component id="oc-49d">
         <name>.text:_Z13get_device_idv</name>
         <load_address>0xe960</load_address>
         <run_address>0xe960</run_address>
         <size>0x22</size>
         <input_file_ref idref="fl-3"/>
      </object_component>
      <object_component id="oc-5e1">
         <name>.text:_Z16mmcGetXXResponsec</name>
         <load_address>0xe982</load_address>
         <run_address>0xe982</run_address>
         <size>0x22</size>
         <input_file_ref idref="fl-6"/>
      </object_component>
      <object_component id="oc-896">
         <name>.text:AddCrc</name>
         <load_address>0xe9a4</load_address>
         <run_address>0xe9a4</run_address>
         <size>0x20</size>
         <input_file_ref idref="fl-7"/>
      </object_component>
      <object_component id="oc-610">
         <name>.text:FlashCtl_performEraseCheck</name>
         <load_address>0xe9c4</load_address>
         <run_address>0xe9c4</run_address>
         <size>0x20</size>
         <input_file_ref idref="fl-15"/>
      </object_component>
      <object_component id="oc-626">
         <name>.text:_Z8checksumv</name>
         <load_address>0xe9e4</load_address>
         <run_address>0xe9e4</run_address>
         <size>0x20</size>
         <input_file_ref idref="fl-5"/>
      </object_component>
      <object_component id="oc-604">
         <name>.text:FlashCtl_unlockInfoA</name>
         <load_address>0xea04</load_address>
         <run_address>0xea04</run_address>
         <size>0x1e</size>
         <input_file_ref idref="fl-15"/>
      </object_component>
      <object_component id="oc-3b0">
         <name>.text:_isr:_Z9port2_isrv</name>
         <load_address>0xea22</load_address>
         <run_address>0xea22</run_address>
         <size>0x1e</size>
         <input_file_ref idref="fl-5"/>
      </object_component>
      <object_component id="oc-98">
         <name>.text:_isr:_c_int00_noargs</name>
         <load_address>0xea40</load_address>
         <run_address>0xea40</run_address>
         <size>0x1c</size>
         <input_file_ref idref="fl-55"/>
      </object_component>
      <object_component id="oc-56d">
         <name>.text:GPIO_setAsOutputPin</name>
         <load_address>0xea5c</load_address>
         <run_address>0xea5c</run_address>
         <size>0x1a</size>
         <input_file_ref idref="fl-16"/>
      </object_component>
      <object_component id="oc-580">
         <name>.text:GPIO_setAsPeripheralModuleFunctionInputPin</name>
         <load_address>0xea76</load_address>
         <run_address>0xea76</run_address>
         <size>0x1a</size>
         <input_file_ref idref="fl-16"/>
      </object_component>
      <object_component id="oc-616">
[...]
         <name>__TI_int61</name>
         <value>0xfffa</value>
         <object_component_ref idref="oc-84"/>
      </symbol>
      <symbol id="sm-8c2">
         <name>__TI_int62</name>
         <value>0xfffc</value>
         <object_component_ref idref="oc-85"/>
      </symbol>
      <symbol id="sm-8ca">
         <name>__TI_ISR_TRAP</name>
         <value>0xecc4</value>
         <object_component_ref idref="oc-3ab"/>
      </symbol>
      <symbol id="sm-8d4">
         <name>labs</name>
         <value>0xec6c</value>
         <object_component_ref idref="oc-779"/>
      </symbol>
      <symbol id="sm-8e5">
         <name>__mspabi_slll_9</name>
         <value>0xe2ec</value>
         <object_component_ref idref="oc-5f0"/>
      </symbol>
      <symbol id="sm-8e6">
         <name>__mspabi_slll_8</name>
         <value>0xe2f0</value>
         <object_component_ref idref="oc-5f0"/>
      </symbol>
      <symbol id="sm-8e7">
         <name>__mspabi_slll_7</name>
         <value>0xe2f4</value>
         <object_component_ref idref="oc-5f0"/>
      </symbol>
      <symbol id="sm-8e8">
         <name>__mspabi_slll_6</name>
         <value>0xe2f8</value>
         <object_component_ref idref="oc-5f0"/>
      </symbol>
      <symbol id="sm-8e9">
         <name>__mspabi_slll_5</name>
         <value>0xe2fc</value>
         <object_component_ref idref="oc-5f0"/>
      </symbol>
      <symbol id="sm-8ea">
         <name>__mspabi_slll_4</name>
         <value>0xe300</value>
         <object_component_ref idref="oc-5f0"/>
      </symbol>
      <symbol id="sm-8eb">
         <name>__mspabi_slll_3</name>
         <value>0xe304</value>
         <object_component_ref idref="oc-5f0"/>
      </symbol>
      <symbol id="sm-8ec">
         <name>__mspabi_slll_2</name>
         <value>0xe308</value>
         <object_component_ref idref="oc-5f0"/>
      </symbol>
      <symbol id="sm-8ed">
         <name>__mspabi_slll_1</name>
         <value>0xe30c</value>
         <object_component_ref idref="oc-5f0"/>
      </symbol>
      <symbol id="sm-8ee">
         <name>__mspabi_slll</name>
         <value>0xec3c</value>
         <object_component_ref idref="oc-862"/>
      </symbol>
      <symbol id="sm-8ef">
         <name>__mspabi_slll_15</name>
         <value>0xe2d4</value>
         <object_component_ref idref="oc-5f0"/>
      </symbol>
      <symbol id="sm-8f0">
         <name>__mspabi_slll_14</name>
         <value>0xe2d8</value>
         <object_component_ref idref="oc-5f0"/>
      </symbol>
      <symbol id="sm-8f1">
         <name>__mspabi_slll_13</name>
         <value>0xe2dc</value>
         <object_component_ref idref="oc-5f0"/>
      </symbol>
      <symbol id="sm-8f2">
         <name>__mspabi_slll_12</name>
         <value>0xe2e0</value>
         <object_component_ref idref="oc-5f0"/>
      </symbol>
      <symbol id="sm-8f3">
         <name>__mspabi_slll_11</name>
         <value>0xe2e4</value>
         <object_component_ref idref="oc-5f0"/>
      </symbol>
      <symbol id="sm-8f4">
         <name>__mspabi_slll_10</name>
         <value>0xe2e8</value>
         <object_component_ref idref="oc-5f0"/>
      </symbol>
      <symbol id="sm-901">
         <name>__mspabi_sllll</name>
         <value>0xe402</value>
         <object_component_ref idref="oc-9af"/>
      </symbol>
      <symbol id="sm-912">
         <name>__mspabi_srll_8</name>
         <value>0xe32e</value>
         <object_component_ref idref="oc-486"/>
      </symbol>
      <symbol id="sm-913">
         <name>__mspabi_srll_9</name>
         <value>0xe32a</value>
         <object_component_ref idref="oc-486"/>
      </symbol>
      <symbol id="sm-914">
         <name>__mspabi_srll_6</name>
         <value>0xe336</value>
         <object_component_ref idref="oc-486"/>
      </symbol>
      <symbol id="sm-915">
         <name>__mspabi_srll_7</name>
         <value>0xe332</value>
         <object_component_ref idref="oc-486"/>
      </symbol>
      <symbol id="sm-916">
         <name>__mspabi_srll_4</name>
         <value>0xe33e</value>
         <object_component_ref idref="oc-486"/>
      </symbol>
      <symbol id="sm-917">
         <name>__mspabi_srll_5</name>
         <value>0xe33a</value>
         <object_component_ref idref="oc-486"/>
      </symbol>
      <symbol id="sm-918">
         <name>__mspabi_srll_2</name>
         <value>0xe346</value>
         <object_component_ref idref="oc-486"/>
      </symbol>
      <symbol id="sm-919">
         <name>__mspabi_srll_3</name>
         <value>0xe342</value>
         <object_component_ref idref="oc-486"/>
      </symbol>
      <symbol id="sm-91a">
         <name>__mspabi_srll_1</name>
         <value>0xe34a</value>
         <object_component_ref idref="oc-486"/>
      </symbol>
      <symbol id="sm-91b">
         <name>__mspabi_srll_15</name>
         <value>0xe312</value>
         <object_component_ref idref="oc-486"/>
      </symbol>
      <symbol id="sm-91c">
         <name>__mspabi_srll_14</name>
         <value>0xe316</value>
         <object_component_ref idref="oc-486"/>
      </symbol>
      <symbol id="sm-91d">
         <name>__mspabi_srll_13</name>
         <value>0xe31a</value>
         <object_component_ref idref="oc-486"/>
      </symbol>
      <symbol id="sm-91e">
         <name>__mspabi_srll_12</name>
         <value>0xe31e</value>
         <object_component_ref idref="oc-486"/>
      </symbol>
      <symbol id="sm-91f">
         <name>__mspabi_srll_11</name>
         <value>0xe322</value>
         <object_component_ref idref="oc-486"/>
      </symbol>
      <symbol id="sm-920">
         <name>__mspabi_srll_10</name>
         <value>0xe326</value>
         <object_component_ref idref="oc-486"/>
      </symbol>
      <symbol id="sm-921">
         <name>__mspabi_srll</name>
         <value>0xec4c</value>
         <object_component_ref idref="oc-712"/>
      </symbol>
      <symbol id="sm-92e">
         <name>__mspabi_srlll</name>
         <value>0xe43c</value>
         <object_component_ref idref="oc-96d"/>
      </symbol>
      <symbol id="sm-93c">
         <name>memcpy</name>
         <value>0xec0a</value>
         <object_component_ref idref="oc-535"/>
      </symbol>
      <symbol id="sm-94a">
         <name>memset</name>
         <value>0xebe4</value>
         <object_component_ref idref="oc-46c"/>
      </symbol>
      <symbol id="sm-983">
         <name>mktime</name>
         <value>0x91c4</value>
         <object_component_ref idref="oc-678"/>
      </symbol>
      <symbol id="sm-984">
         <name>__mktime32</name>
         <value>0x91c4</value>
         <object_component_ref idref="oc-678"/>
      </symbol>
      <symbol id="sm-9a5">
         <name>__mspabi_mpyd</name>
         <value>0xa0a2</value>
         <object_component_ref idref="oc-654"/>
      </symbol>
      <symbol id="sm-9af">
         <name>__mspabi_mpyi_f5hw</name>
         <value>0xeade</value>
         <object_component_ref idref="oc-530"/>
      </symbol>
      <symbol id="sm-9b9">
         <name>__mspabi_mpyl_f5hw</name>
         <value>0xe8d4</value>
         <object_component_ref idref="oc-5ce"/>
      </symbol>
      <symbol id="sm-9c1">
         <name>__mspabi_mpyll_f5hw</name>
         <value>0xdc8e</value>
         <object_component_ref idref="oc-882"/>
      </symbol>
      <symbol id="sm-9ca">
         <name>_system_pre_init</name>
         <value>0xecf4</value>
         <object_component_ref idref="oc-3c2"/>
      </symbol>
      <symbol id="sm-9ed">
         <name>printf</name>
         <value>0xe1d8</value>
         <object_component_ref idref="oc-47a"/>
      </symbol>
      <symbol id="sm-9f9">
         <name>__mspabi_remlli</name>
         <value>0xde3c</value>
         <object_component_ref idref="oc-7a7"/>
      </symbol>
      <symbol id="sm-a0d">
         <name>__TI_renormd</name>
         <value>0xcc0a</value>
         <object_component_ref idref="oc-86c"/>
      </symbol>
      <symbol id="sm-a1c">
         <name>strchr</name>
         <value>0xeac4</value>
         <object_component_ref idref="oc-635"/>
      </symbol>
      <symbol id="sm-a2c">
         <name>strncmp</name>
         <value>0xe772</value>
         <object_component_ref idref="oc-41f"/>
      </symbol>
      <symbol id="sm-a3f">
         <name>strstr</name>
         <value>0xe4e6</value>
         <object_component_ref idref="oc-641"/>
      </symbol>
      <symbol id="sm-a7d">
         <name>strtold</name>
         <value>0x9b5c</value>
         <object_component_ref idref="oc-763"/>
      </symbol>
      <symbol id="sm-a7e">
         <name>strtod</name>
         <value>0x9b5c</value>
         <object_component_ref idref="oc-763"/>
      </symbol>
      <symbol id="sm-a94">
         <name>strtok</name>
         <value>0xdf6a</value>
         <object_component_ref idref="oc-62f"/>
      </symbol>
      <symbol id="sm-abc">
         <name>strtol</name>
         <value>0xb068</value>
         <object_component_ref idref="oc-63b"/>
      </symbol>
      <symbol id="sm-acb">
         <name>_tz</name>
         <value>0x2492</value>
         <object_component_ref idref="oc-7ad"/>
      </symbol>
      <symbol id="sm-ae1">
         <name>_nop</name>
         <value>0xecfa</value>
         <object_component_ref idref="oc-553"/>
      </symbol>
      <symbol id="sm-ae2">
         <name>_lock</name>
         <value>0x24a8</value>
         <object_component_ref idref="oc-444"/>
      </symbol>
      <symbol id="sm-ae3">
         <name>_unlock</name>
         <value>0x24ac</value>
         <object_component_ref idref="oc-44d"/>
      </symbol>
      <symbol id="sm-c91">
         <name>__TI_printfi</name>
         <value>0xae58</value>
         <object_component_ref idref="oc-5c0"/>
      </symbol>
      <symbol id="sm-c9b">
         <name>abs</name>
         <value>0xecaa</value>
         <object_component_ref idref="oc-844"/>
      </symbol>
      <symbol id="sm-cbd">
         <name>_auto_init_hold_wdt</name>
         <value>0xd1fe</value>
         <object_component_ref idref="oc-3c8"/>
      </symbol>
      <symbol id="sm-cd7">
         <name>__mspabi_cmpd</name>
         <value>0xc9a4</value>
         <object_component_ref idref="oc-84d"/>
      </symbol>
      <symbol id="sm-cee">
         <name>copy_in</name>
         <value>0xccbc</value>
         <object_component_ref idref="oc-42c"/>
      </symbol>
      <symbol id="sm-cfe">
         <name>__TI_tmpnams</name>
         <value>0x2000</value>
      </symbol>
      <symbol id="sm-cff">
         <name>_ftable</name>
         <value>0x23a8</value>
         <object_component_ref idref="oc-5b1"/>
      </symbol>
      <symbol id="sm-d00">
         <name>__TI_ft_end</name>
         <value>0x24b0</value>
         <object_component_ref idref="oc-9d2"/>
      </symbol>
      <symbol id="sm-d18">
         <name>__mspabi_divlli</name>
         <value>0xc08c</value>
         <object_component_ref idref="oc-87c"/>
      </symbol>
      <symbol id="sm-d4b">
         <name>__mspabi_divull</name>
         <value>0x9538</value>
         <object_component_ref idref="oc-925"/>
      </symbol>
      <symbol id="sm-d52">
         <name>errno</name>
         <value>0x24b2</value>
         <object_component_ref idref="oc-755"/>
      </symbol>
      <symbol id="sm-d5f">
         <name>__mspabi_fixdi</name>
         <value>0xe7ee</value>
         <object_component_ref idref="oc-a13"/>
      </symbol>
      <symbol id="sm-d72">
         <name>putc</name>
         <value>0xd322</value>
         <object_component_ref idref="oc-6dd"/>
      </symbol>
      <symbol id="sm-d73">
         <name>fputc</name>
         <value>0xd322</value>
         <object_component_ref idref="oc-6dd"/>
      </symbol>
      <symbol id="sm-d8b">
         <name>fputs</name>
         <value>0xc8c6</value>
         <object_component_ref idref="oc-6d6"/>
      </symbol>
      <symbol id="sm-d9c">
         <name>__TI_frcmpyd</name>
         <value>0x9e1c</value>
         <object_component_ref idref="oc-76b"/>
      </symbol>
      <symbol id="sm-da6">
         <name>llabs</name>
         <value>0xeb7c</value>
         <object_component_ref idref="oc-91f"/>
      </symbol>
      <symbol id="sm-dfc">
         <name>lseek</name>
         <value>0xe866</value>
         <object_component_ref idref="oc-934"/>
      </symbol>
      <symbol id="sm-dfd">
         <name>write</name>
         <value>0xe8f8</value>
         <object_component_ref idref="oc-7f5"/>
      </symbol>
      <symbol id="sm-dfe">
         <name>close</name>
         <value>0xdf20</value>
         <object_component_ref idref="oc-a34"/>
      </symbol>
      <symbol id="sm-dff">
         <name>unlink</name>
         <value>0xe79c</value>
         <object_component_ref idref="oc-a3b"/>
      </symbol>
      <symbol id="sm-e0e">
         <name>ltoa</name>
         <value>0xd5cc</value>
         <object_component_ref idref="oc-a07"/>
      </symbol>
      <symbol id="sm-e1d">
         <name>memccpy</name>
         <value>0xeaaa</value>
         <object_component_ref idref="oc-80f"/>
      </symbol>
      <symbol id="sm-e2c">
         <name>memchr</name>
         <value>0xebd0</value>
         <object_component_ref idref="oc-7e9"/>
      </symbol>
      <symbol id="sm-e36">
         <name>__mspabi_negd</name>
         <value>0xe748</value>
         <object_component_ref idref="oc-83e"/>
      </symbol>
      <symbol id="sm-e4d">
         <name>frexpl</name>
         <value>0xcd6e</value>
         <object_component_ref idref="oc-99c"/>
      </symbol>
      <symbol id="sm-e4e">
         <name>frexp</name>
         <value>0xcd6e</value>
         <object_component_ref idref="oc-99c"/>
      </symbol>
      <symbol id="sm-e68">
         <name>scalbn</name>
         <value>0xb64a</value>
         <object_component_ref idref="oc-a25"/>
      </symbol>
      <symbol id="sm-e69">
         <name>scalbnl</name>
         <value>0xb64a</value>
         <object_component_ref idref="oc-a25"/>
      </symbol>
      <symbol id="sm-e6a">
         <name>ldexpl</name>
         <value>0xb64a</value>
         <object_component_ref idref="oc-a25"/>
      </symbol>
      <symbol id="sm-e6b">
         <name>ldexp</name>
         <value>0xb64a</value>
         <object_component_ref idref="oc-a25"/>
      </symbol>
      <symbol id="sm-e74">
         <name>_system_post_cinit</name>
         <value>0xecfc</value>
         <object_component_ref idref="oc-432"/>
      </symbol>
      <symbol id="sm-e82">
         <name>strcmp</name>
         <value>0xeaf6</value>
         <object_component_ref idref="oc-aa6"/>
      </symbol>
      <symbol id="sm-e92">
         <name>strcspn</name>
         <value>0xe816</value>
         <object_component_ref idref="oc-743"/>
      </symbol>
      <symbol id="sm-e9f">
         <name>strlen</name>
         <value>0xec7a</value>
         <object_component_ref idref="oc-6e4"/>
      </symbol>
      <symbol id="sm-eaf">
         <name>strncpy</name>
         <value>0xe71c</value>
         <object_component_ref idref="oc-a91"/>
      </symbol>
      <symbol id="sm-ec1">
         <name>strspn</name>
         <value>0xe83e</value>
         <object_component_ref idref="oc-73d"/>
      </symbol>
      <symbol id="sm-eca">
         <name>__mspabi_subd</name>
         <value>0xe60e</value>
         <object_component_ref idref="oc-a0d"/>
      </symbol>
      <symbol id="sm-ed7">
         <name>toupper</name>
         <value>0xec94</value>
         <object_component_ref idref="oc-8d9"/>
      </symbol>
      <symbol id="sm-f16">
         <name>HOSTrename</name>
         <value>0xd904</value>
         <object_component_ref idref="oc-9fc"/>
      </symbol>
      <symbol id="sm-f17">
         <name>HOSTclose</name>
         <value>0xe08c</value>
         <object_component_ref idref="oc-9de"/>
      </symbol>
      <symbol id="sm-f18">
         <name>HOSTunlink</name>
         <value>0xe116</value>
         <object_component_ref idref="oc-9f6"/>
      </symbol>
      <symbol id="sm-f19">
         <name>HOSTlseek</name>
         <value>0xd162</value>
         <object_component_ref idref="oc-9f0"/>
      </symbol>
      <symbol id="sm-f1a">
         <name>HOSTopen</name>
         <value>0xdaa6</value>
         <object_component_ref idref="oc-9d8"/>
      </symbol>
      <symbol id="sm-f1b">
         <name>HOSTwrite</name>
         <value>0xdbd0</value>
         <object_component_ref idref="oc-9ea"/>
      </symbol>
      <symbol id="sm-f1c">
         <name>HOSTread</name>
         <value>0xdc30</value>
         <object_component_ref idref="oc-9e4"/>
      </symbol>
      <symbol id="sm-f3a">
         <name>__TI_readmsg</name>
         <value>0xe698</value>
         <object_component_ref idref="oc-a4e"/>
      </symbol>
      <symbol id="sm-f3b">
         <name>C$$IO$$</name>
         <value>0xe60a</value>
         <object_component_ref idref="oc-a48"/>
      </symbol>
      <symbol id="sm-f3c">
         <name>_CIOBUF_</name>
         <value>0x24ba</value>
         <object_component_ref idref="oc-a81"/>
      </symbol>
      <symbol id="sm-f3d">
         <name>__TI_writemsg</name>
         <value>0xe5e0</value>
         <object_component_ref idref="oc-a48"/>
      </symbol>
      <symbol id="sm-f55">
         <name>__TI_wrt_ok</name>
         <value>0xd648</value>
         <object_component_ref idref="oc-7e3"/>
      </symbol>
      <symbol id="sm-f62">
         <name>__mspabi_srall</name>
         <value>0xe198</value>
         <object_component_ref idref="oc-919"/>
      </symbol>
      <symbol id="sm-f73">
         <name>__TI_doflush</name>
         <value>0xdb6e</value>
         <object_component_ref idref="oc-7ef"/>
      </symbol>
      <symbol id="sm-f83">
         <name>fseek</name>
         <value>0xd96e</value>
         <object_component_ref idref="oc-8aa"/>
      </symbol>
      <symbol id="sm-f8d">
         <name>copysign</name>
         <value>0xe63c</value>
         <object_component_ref idref="oc-a6d"/>
      </symbol>
      <symbol id="sm-f8e">
         <name>copysignl</name>
         <value>0xe63c</value>
         <object_component_ref idref="oc-a6d"/>
      </symbol>
      <symbol id="sm-fa6">
         <name>setvbuf</name>
         <value>0xca7c</value>
         <object_component_ref idref="oc-8b0"/>
      </symbol>
      <symbol id="sm-fb3">
         <name>strcpy</name>
         <value>0xec5c</value>
         <object_component_ref idref="oc-a5b"/>
      </symbol>
      <symbol id="sm-fbf">
         <name>__TI_cleanup</name>
         <value>0xe550</value>
         <object_component_ref idref="oc-948"/>
      </symbol>
      <symbol id="sm-1010">
         <name>_sys_memory</name>
         <value>0x21a0</value>
         <object_component_ref idref="oc-391"/>
      </symbol>
      <symbol id="sm-1011">
         <name>free</name>
         <value>0xd54c</value>
         <object_component_ref idref="oc-93c"/>
      </symbol>
      <symbol id="sm-1012">
         <name>malloc</name>
         <value>0xced0</value>
         <object_component_ref idref="oc-942"/>
      </symbol>
      <symbol id="sm-1013">
         <name>minit</name>
         <value>0xe4ae</value>
         <object_component_ref idref="oc-9c5"/>
      </symbol>
      <symbol id="sm-1024">
         <name>__TI_closefile</name>
         <value>0xd9d8</value>
         <object_component_ref idref="oc-9cc"/>
      </symbol>
      <symbol id="sm-1027">
         <name>__TI_BINIT_Base</name>
         <value>0x0</value>
      </symbol>
      <symbol id="sm-1028">
         <name>__TI_BINIT_Limit</name>
         <value>0x0</value>
      </symbol>
      <symbol id="sm-1029">
         <name>__TI_INITARRAY_Base</name>
         <value>0x0</value>
      </symbol>
      <symbol id="sm-102a">
         <name>__TI_INITARRAY_Limit</name>
         <value>0x0</value>
      </symbol>
      <symbol id="sm-102b">
         <name>remove</name>
         <value>0xe79c</value>
      </symbol>
   </symbol_table>
   <title>Link successful</title>
</link_info>
