******************************************************************************
                  MSP430 Linker PC v16.9.2                     
******************************************************************************
>> Linked Fri Mar 10 19:18:22 2017

OUTPUT FILE NAME:   <GPS.out>
ENTRY POINT SYMBOL: "_c_int00_noargs"  address: 0000df6a


MEMORY CONFIGURATION

         name            origin    length      used     unused   attr    fill
----------------------  --------  ---------  --------  --------  ----  --------
  SFR                   00000000   00000010  00000000  00000010  RWIX
  PERIPHERALS_8BIT      00000010   000000f0  00000000  000000f0  RWIX
  PERIPHERALS_16BIT     00000100   00000100  00000000  00000100  RWIX
  INFOD                 00001800   00000080  00000000  00000080  RWIX
  INFOC                 00001880   00000080  00000000  00000080  RWIX
  INFOB                 00001900   00000080  00000000  00000080  RWIX
  INFOA                 00001980   00000080  00000000  00000080  RWIX
  RAM                   00001c00   00000ffe  00000f62  0000009c  RWIX
  FLASH                 00008000   00007f80  00006544  00001a3c  RWIX
  INT00                 0000ff80   00000002  00000000  00000002  RWIX
  INT01                 0000ff82   00000002  00000000  00000002  RWIX
  INT02                 0000ff84   00000002  00000000  00000002  RWIX
  INT03                 0000ff86   00000002  00000000  00000002  RWIX
  INT04                 0000ff88   00000002  00000000  00000002  RWIX
  INT05                 0000ff8a   00000002  00000000  00000002  RWIX
  INT06                 0000ff8c   00000002  00000000  00000002  RWIX
  INT07                 0000ff8e   00000002  00000000  00000002  RWIX
  INT08                 0000ff90   00000002  00000000  00000002  RWIX
  INT09                 0000ff92   00000002  00000000  00000002  RWIX
  INT10                 0000ff94   00000002  00000000  00000002  RWIX
  INT11                 0000ff96   00000002  00000000  00000002  RWIX
  INT12                 0000ff98   00000002  00000000  00000002  RWIX
  INT13                 0000ff9a   00000002  00000000  00000002  RWIX
  INT14                 0000ff9c   00000002  00000000  00000002  RWIX
  INT15                 0000ff9e   00000002  00000000  00000002  RWIX
  INT16                 0000ffa0   00000002  00000000  00000002  RWIX
  INT17                 0000ffa2   00000002  00000000  00000002  RWIX
  INT18                 0000ffa4   00000002  00000000  00000002  RWIX
  INT19                 0000ffa6   00000002  00000000  00000002  RWIX
  INT20                 0000ffa8   00000002  00000000  00000002  RWIX
  INT21                 0000ffaa   00000002  00000000  00000002  RWIX
  INT22                 0000ffac   00000002  00000000  00000002  RWIX
  INT23                 0000ffae   00000002  00000000  00000002  RWIX
  INT24                 0000ffb0   00000002  00000000  00000002  RWIX
  INT25                 0000ffb2   00000002  00000000  00000002  RWIX
  INT26                 0000ffb4   00000002  00000000  00000002  RWIX
  INT27                 0000ffb6   00000002  00000000  00000002  RWIX
  INT28                 0000ffb8   00000002  00000000  00000002  RWIX
  INT29                 0000ffba   00000002  00000000  00000002  RWIX
  INT30                 0000ffbc   00000002  00000000  00000002  RWIX
  INT31                 0000ffbe   00000002  00000000  00000002  RWIX
  INT32                 0000ffc0   00000002  00000000  00000002  RWIX
  INT33                 0000ffc2   00000002  00000000  00000002  RWIX
  INT34                 0000ffc4   00000002  00000000  00000002  RWIX
  INT35                 0000ffc6   00000002  00000000  00000002  RWIX
  INT36                 0000ffc8   00000002  00000000  00000002  RWIX
  INT37                 0000ffca   00000002  00000000  00000002  RWIX
  INT38                 0000ffcc   00000002  00000000  00000002  RWIX
  INT39                 0000ffce   00000002  00000000  00000002  RWIX
  INT40                 0000ffd0   00000002  00000000  00000002  RWIX
  INT41                 0000ffd2   00000002  00000000  00000002  RWIX
  INT42                 0000ffd4   00000002  00000000  00000002  RWIX
  INT43                 0000ffd6   00000002  00000000  00000002  RWIX
  INT44                 0000ffd8   00000002  00000000  00000002  RWIX
  INT45                 0000ffda   00000002  00000002  00000000  RWIX
  INT46                 0000ffdc   00000002  00000002  00000000  RWIX
  INT47                 0000ffde   00000002  00000002  00000000  RWIX
  INT48                 0000ffe0   00000002  00000002  00000000  RWIX
  INT49                 0000ffe2   00000002  00000002  00000000  RWIX
  INT50                 0000ffe4   00000002  00000002  00000000  RWIX
  INT51                 0000ffe6   00000002  00000002  00000000  RWIX
  INT52                 0000ffe8   00000002  00000002  00000000  RWIX
  INT53                 0000ffea   00000002  00000002  00000000  RWIX
  INT54                 0000ffec   00000002  00000002  00000000  RWIX
  INT55                 0000ffee   00000002  00000002  00000000  RWIX
  INT56                 0000fff0   00000002  00000002  00000000  RWIX
  INT57                 0000fff2   00000002  00000002  00000000  RWIX
  INT58                 0000fff4   00000002  00000002  00000000  RWIX
  INT59                 0000fff6   00000002  00000002  00000000  RWIX
  INT60                 0000fff8   00000002  00000002  00000000  RWIX
  INT61                 0000fffa   00000002  00000002  00000000  RWIX
  INT62                 0000fffc   00000002  00000002  00000000  RWIX
  RESET                 0000fffe   00000002  00000002  00000000  RWIX


SECTION ALLOCATION MAP

 output                                  attributes/
section   page    origin      length       input sections
--------  ----  ----------  ----------   ----------------
.bss       0    00001c00    00000b16     UNINITIALIZED
                  00001c00    00000400     (.common:i2c_rxData)
                  00002000    00000200     (.common:g_header)
                  00002200    00000200     (.common:sector_buffer)
                  00002400    00000200     (.common:uart_rx_data)
                  00002600    000000a0     (.common:__TI_tmpnams)
                  000026a0    00000040     (.common:radio_rx_buffer)
                  000026e0    00000012     (.common:ttime)
                  000026f2    0000000d     (.common:ch)
                  000026ff    00000001     (.common:spi_bitbang_in_data)
                  00002700    00000008     rts430x_lc_sd_eabi.lib : trgdrv.obj (.bss:parmbuf)
                  00002708    00000007     (.common:status)
                  0000270f    00000001     --HOLE--
                  00002710    00000006                            : memory.obj (.bss)

.data      0    00002716    0000019c     UNINITIALIZED
                  00002716    00000078     rts430x_lc_sd_eabi.lib : lowlev.obj (.data:_device)
                  0000278e    00000078                            : defs.obj (.data:_ftable)
                  00002806    0000004a     main.obj (.data)
                  00002850    00000028     rts430x_lc_sd_eabi.lib : lowlev.obj (.data:_stream)
                  00002878    0000000e                            : tmzone.obj (.data:_tz)
                  00002886    0000000b     radio.obj (.data)
                  00002891    00000001     --HOLE--
                  00002892    00000004     rts430x_lc_sd_eabi.lib : exit_gvars.obj (.data:__TI_cleanup_ptr)
                  00002896    00000004                            : exit_gvars.obj (.data:__TI_dtors_ptr)
                  0000289a    00000004                            : _lock.obj (.data:_lock)
                  0000289e    00000004                            : _lock.obj (.data:_unlock)
                  000028a2    00000003     uart.obj (.data)
                  000028a5    00000001     --HOLE--
                  000028a6    00000002     i2c.obj (.data)
                  000028a8    00000002     rts430x_lc_sd_eabi.lib : defs.obj (.data)
                  000028aa    00000002                            : errno.obj (.data)
                  000028ac    00000002                            : exit.obj (.data)
                  000028ae    00000002                            : memory.obj (.data)
                  000028b0    00000002                            : strtok.obj (.data)

.sysmem    0    000028b4    00000140     UNINITIALIZED
                  000028b4    00000004     rts430x_lc_sd_eabi.lib : memory.obj (.sysmem)
                  000028b8    0000013c     --HOLE--

.cio       0    000029f4    00000120     UNINITIALIZED
                  000029f4    00000120     rts430x_lc_sd_eabi.lib : trgmsg.obj (.cio)

.stack     0    00002bac    00000050     UNINITIALIZED
                  00002bac    00000002     rts430x_lc_sd_eabi.lib : boot.obj (.stack)
                  00002bae    0000004e     --HOLE--

.text      0    00008000    00006258     
                  00008000    00000578     main.obj (.text:_Z10parse_nmeav)
                  00008578    00000478     rts430x_lc_sd_eabi.lib : frcdivd.obj (.text:__TI_frcdivd)
                  000089f0    00000374                            : mktime.obj (.text:__mktime32)
                  00008d64    0000034e                            : div64u.obj (.text:__mspabi_divull)
                  000090b2    000002d6                            : addd.obj (.text:__mspabi_addd)
                  00009388    000002c0                            : strtod.obj (.text:strtod)
                  00009648    00000286                            : frcmpyd.obj (.text:__TI_frcmpyd)
                  000098ce    00000280                            : mpyd.obj (.text:__mspabi_mpyd)
                  00009b4e    0000025a                            : _printfi.obj (.text:_pproc_fgea)
                  00009da8    00000252                            : frcaddd.obj (.text:__TI_frcaddd)
                  00009ffa    00000238                            : _printfi.obj (.text:acvt)
                  0000a232    00000232                            : _printfi.obj (.text:_setfield)
                  0000a464    00000220                            : divd.obj (.text:__mspabi_divd)
                  0000a684    00000210                            : _printfi.obj (.text:__TI_printfi)
                  0000a894    00000200                            : _printfi.obj (.text:ecvt)
                  0000aa94    000001dc                            : _printfi.obj (.text:fcvt)
                  0000ac70    0000019e                            : s_scalbn.obj (.text:scalbn)
                  0000ae0e    0000019a                            : _printfi.obj (.text:_pconv_e)
                  0000afa8    00000170     main.obj (.text:main)
                  0000b118    00000168     rts430x_lc_sd_eabi.lib : _printfi.obj (.text:_pconv_a)
                  0000b280    00000166     main.obj (.text:_Z24controller_control_framePcllllll)
                  0000b3e6    00000164     rts430x_lc_sd_eabi.lib : _printfi.obj (.text:_getarg_diouxp)
                  0000b54a    00000140                            : _printfi.obj (.text:_pproc_diouxp)
                  0000b68a    0000013c                            : div64s.obj (.text:__mspabi_divlli)
                  0000b7c6    00000122                            : _printfi.obj (.text:_ltostr)
                  0000b8e8    000000f4                            : _printfi.obj (.text:_pconv_g)
                  0000b9dc    000000f4                            : _printfi.obj (.text:_pproc_fwp)
                  0000bad0    000000ee                            : copy_decompress_lzss.obj (.text:decompress:lzss:__TI_decompress_lzss)
                  0000bbbe    000000ec     mmc.obj (.text:_Z15mmcReadCardSizev)
                  0000bcaa    000000de     rts430x_lc_sd_eabi.lib : fputs.obj (.text:fputs)
                  0000bd88    000000d8                            : cmpd.obj (.text:__mspabi_cmpd)
                  0000be60    000000d0     main.obj (.text:_Z7set_bitP15Controller_bytei)
                  0000bf30    000000cc     rts430x_lc_sd_eabi.lib : setvbuf.obj (.text:setvbuf)
                  0000bffc    000000b2                            : renormd.obj (.text:__TI_renormd)
                  0000c0ae    000000b2                            : cpy_tbl.obj (.text:copy_in)
                  0000c160    000000b2                            : s_frexp.obj (.text:frexp)
                  0000c212    000000ae                            : memory.obj (.text:malloc)
                  0000c2c0    000000a6     uart.obj (.text:_isr:_Z11USCI_A0_ISRv)
                  0000c366    000000a4     hal_pmm.obj (.text:SetVCoreUp)
                  0000c40a    0000009e     rts430x_lc_sd_eabi.lib : fltlid.obj (.text:__mspabi_fltlid)
                  0000c4a8    0000009e                            : _printfi.obj (.text:_pproc_str)
                  0000c546    0000009c                            : trgdrv.obj (.text:HOSTlseek)
                  0000c5e2    00000096                            : autoinit_wdt.obj (.text:_auto_init_hold_wdt)
                  0000c678    00000094     usci_a_uart.obj (.text:USCI_A_UART_init)
                  0000c70c    0000008c     rts430x_lc_sd_eabi.lib : fputc.obj (.text:fputc)
                  0000c798    0000008a     RF1A.obj (.text:Strobe)
                  0000c822    0000008a     rts430x_lc_sd_eabi.lib : _printfi.obj (.text:_ecpy)
                  0000c8ac    0000008a                            : _printfi.obj (.text:_mcpy)
                  0000c936    00000084     hal_pmm.obj (.text:SetVCoreDown)
                  0000c9ba    00000080     radio.obj (.text:_isr:_Z10CC1101_ISRv)
                  0000ca3a    00000080     rts430x_lc_sd_eabi.lib : memory.obj (.text:free)
                  0000caba    0000007c                            : ltoa.obj (.text:ltoa)
                  0000cb36    0000007a                            : _io_perm.obj (.text:__TI_wrt_ok)
                  0000cbb0    00000076     main.obj (.text:_Z12flush_sectorv)
                  0000cc26    00000074     mmc.obj (.text:_Z12mmcReadBlockmmPh)
                  0000cc9a    00000074     mmc.obj (.text:_Z13mmcWriteBlockmmPh)
                  0000cd0e    00000074     rts430x_lc_sd_eabi.lib : _printfi.obj (.text:_pconv_f)
                  0000cd82    00000070     uart.obj (.text:_Z14uart_configurev)
                  0000cdf2    0000006a     rts430x_lc_sd_eabi.lib : trgdrv.obj (.text:HOSTrename)
                  0000ce5c    0000006a                            : fseek.obj (.text:fseek)
                  0000cec6    00000068                            : fclose.obj (.text:__TI_closefile)
                  0000cf2e    00000066                            : fixdli.obj (.text:__mspabi_fixdli)
                  0000cf94    00000064                            : trgdrv.obj (.text:HOSTopen)
                  0000cff8    00000062                            : fflush.obj (.text:__TI_doflush)
                  0000d05a    00000060                            : trgdrv.obj (.text:HOSTwrite)
                  0000d0ba    0000005e                            : trgdrv.obj (.text:HOSTread)
                  0000d118    0000005c                            : mult64_f5hw.obj (.text:__mpyll)
                  0000d174    00000058                            : div32u.obj (.text)
                  0000d1cc    00000054                            : lowlev.obj (.text:getdevice)
                  0000d220    00000052     mmc.obj (.text:_Z9mmcGoIdlev)
                  0000d272    00000052     rts430x_lc_sd_eabi.lib : atoi.obj (.text:atoi)
                  0000d2c4    00000050     RF1A.obj (.text:ReadBurstReg)
                  0000d314    00000050     rts430x_lc_sd_eabi.lib : rem64s.obj (.text:__mspabi_remlli)
                  0000d364    0000004c     i2c.obj (.text:_isr:_Z11USCI_B0_ISRv)
                  0000d3b0    0000004a     rts430x_lc_sd_eabi.lib : lowlev.obj (.text:close)
                  0000d3fa    0000004a                            : strtok.obj (.text:strtok)
                  0000d444    00000048     mmc.obj (.text:_Z10mmcSendCmdcmc)
                  0000d48c    00000048     rts430x_lc_sd_eabi.lib : _printfi.obj (.text:_fcpy)
                  0000d4d4    00000048                            : exit.obj (.text:exit)
                  0000d51c    00000046                            : trgdrv.obj (.text:HOSTclose)
                  0000d562    00000046     mmc.obj (.text:_Z12mmcCheckBusyv)
                  0000d5a8    00000042     rts430x_lc_sd_eabi.lib : trgdrv.obj (.text:HOSTunlink)
                  0000d5ea    00000040                            : cpy_util.obj (.text:__memcpy_far)
                  0000d62a    00000040                            : asr64.obj (.text:__mspabi_srall)
                  0000d66a    00000040                            : printf.obj (.text:printf)
                  0000d6aa    00000040                            : div32s.obj (.text)
                  0000d6ea    0000003e     mmc.obj (.text:_Z17mmcSetBlockLengthm)
                  0000d728    0000003e     hal_SPI.obj (.text:_Z17spi_bitbang_inouth)
                  0000d766    0000003e     rts430x_lc_sd_eabi.lib : copy_zero_init.obj (.text:decompress:ZI:__TI_zero_init)
                  0000d7a4    0000003e                            : asr32.obj (.text:l_asr_const)
                  0000d7e2    0000003e                            : lsl32.obj (.text:l_lsl_const)
                  0000d820    0000003e                            : lsr32.obj (.text:l_lsr_const)
                  0000d85e    0000003c     hal_pmm.obj (.text:SetVCore)
                  0000d89a    0000003c     rts430x_lc_sd_eabi.lib : copy_decompress_none.obj (.text:decompress:none:__TI_decompress_none)
                  0000d8d6    0000003a     main.obj (.text:_Z15_mmcWriteSectormPv)
                  0000d910    0000003a     main.obj (.text:_Z15led_blink_hellov)
                  0000d94a    0000003a     mmc.obj (.text:_Z7mmcInitv)
                  0000d984    0000003a     rts430x_lc_sd_eabi.lib : lsl64.obj (.text:__mspabi_sllll)
                  0000d9be    0000003a                            : lsr64.obj (.text:__mspabi_srlll)
                  0000d9f8    00000038     main.obj (.text:_Z21controller_diff_framePciiiii)
                  0000da30    00000038     rts430x_lc_sd_eabi.lib : memory.obj (.text:minit)
                  0000da68    00000036     main.obj (.text:_Z14set_radio_gainb)
                  0000da9e    00000036     rts430x_lc_sd_eabi.lib : strstr.obj (.text:strstr)
                  0000dad4    00000032                            : fopen.obj (.text:__TI_cleanup)
                  0000db06    0000002e     main.obj (.text:_Z9init_gpiov)
                  0000db34    0000002e     rts430x_lc_sd_eabi.lib : trgmsg.obj (.text:__TI_writemsg)
                  0000db62    0000002e                            : subd.obj (.text:__mspabi_subd)
                  0000db90    0000002e                            : s_copysign.obj (.text:copysign)
                  0000dbbe    0000002e                            : lowlev.obj (.text:finddevice)
                  0000dbec    0000002c     hal_SPI.obj (.text:_Z12spiReadFramePhj)
                  0000dc18    0000002c     hal_SPI.obj (.text:_Z12spiSendFramePhj)
                  0000dc44    0000002c     rts430x_lc_sd_eabi.lib : trgmsg.obj (.text:__TI_readmsg)
                  0000dc70    0000002c     timers.obj (.text:_isr:_Z13TIMER1_A0_ISRv)
                  0000dc9c    0000002c     rts430x_lc_sd_eabi.lib : div16s.obj (.text)
                  0000dcc8    0000002c                            : strncpy.obj (.text:strncpy)
                  0000dcf4    0000002a                            : negd.obj (.text:__mspabi_negd)
                  0000dd1e    0000002a                            : strncmp.obj (.text:strncmp)
                  0000dd48    0000002a                            : lowlev.obj (.text:unlink)
                  0000dd72    00000028     RF1A.obj (.text:ReadSingleReg)
                  0000dd9a    00000028     gps.obj (.text:_Z5atoinPKci)
                  0000ddc2    00000028     rts430x_lc_sd_eabi.lib : fixdi.obj (.text:__mspabi_fixdi)
                  0000ddea    00000028                            : strcspn.obj (.text:strcspn)
                  0000de12    00000028                            : strspn.obj (.text:strspn)
                  0000de3a    00000026     gpio.obj (.text:GPIO_setAsInputPinWithPullUpResistor)
                  0000de60    00000026     rts430x_lc_sd_eabi.lib : lowlev.obj (.text:lseek)
                  0000de86    00000024                            : mult32_f5hw.obj (.text)
                  0000deaa    00000024                            : lowlev.obj (.text:write)
                  0000dece    00000022     radio.obj (.text:_Z10ReceiveOffv)
                  0000def0    00000020     radio.obj (.text:_Z9ReceiveOnv)
                  0000df10    0000001e     mmc.obj (.text:_Z14mmcGetResponsev)
                  0000df2e    0000001e     mmc.obj (.text:_Z16mmcGetXXResponsec)
                  0000df4c    0000001e     main.obj (.text:_isr:_Z9port2_isrv)
                  0000df6a    0000001c     rts430x_lc_sd_eabi.lib : boot_special.obj (.text:_isr:_c_int00_noargs)
                  0000df86    0000001a     gpio.obj (.text:GPIO_setAsOutputPin)
                  0000dfa0    0000001a     gpio.obj (.text:GPIO_setAsPeripheralModuleFunctionInputPin)
                  0000dfba    0000001a     timers.obj (.text:_isr:_Z13TIMER0_A0_ISRv)
                  0000dfd4    0000001a     rts430x_lc_sd_eabi.lib : memccpy.obj (.text:memccpy)
                  0000dfee    0000001a                            : strchr.obj (.text:strchr)
                  0000e008    00000018                            : mult16_f5hw.obj (.text)
                  0000e020    00000018                            : strcmp.obj (.text:strcmp)
                  0000e038    00000016     gpio.obj (.text:GPIO_setOutputHighOnPin)
                  0000e04e    00000016     gpio.obj (.text:GPIO_setOutputLowOnPin)
                  0000e064    00000016     gpio.obj (.text:GPIO_toggleOutputOnPin)
                  0000e07a    00000016     rts430x_lc_sd_eabi.lib : llabs.obj (.text:llabs)
                  0000e090    00000016                            : div16u.obj (.text)
                  0000e0a6    00000014     usci_a_uart.obj (.text:USCI_A_UART_enableInterrupt)
                  0000e0ba    00000014     wdt_a.obj (.text:WDT_A_resetTimer)
                  0000e0ce    00000014     wdt_a.obj (.text:WDT_A_start)
                  0000e0e2    00000014     RF1A.obj (.text:WriteSingleReg)
                  0000e0f6    00000014     rts430x_lc_sd_eabi.lib : memchr.obj (.text:memchr)
                  0000e10a    00000014                            : memset.obj (.text:memset)
                  0000e11e    00000012     usci_a_uart.obj (.text:USCI_A_UART_receiveData)
                  0000e130    00000012     rts430x_lc_sd_eabi.lib : memcpy.obj (.text:memcpy)
                  0000e142    00000010     wdt_a.obj (.text:WDT_A_initWatchdogTimer)
                  0000e152    00000010     rts430x_lc_sd_eabi.lib : asr32.obj (.text:l_asr)
                  0000e162    00000010                            : lsl32.obj (.text:l_lsl)
                  0000e172    00000010                            : lsr32.obj (.text:l_lsr)
                  0000e182    00000010                            : strcpy.obj (.text:strcpy)
                  0000e192    0000000e     events.obj (.text:_Z18set_event_radio_rxb)
                  0000e1a0    0000000e     rts430x_lc_sd_eabi.lib : strlen.obj (.text:strlen)
                  0000e1ae    0000000c     radio.obj (.text:_Z12radio_listenv)
                  0000e1ba    0000000c     rts430x_lc_sd_eabi.lib : fltid.obj (.text:__mspabi_fltid)
                  0000e1c6    0000000c                            : toupper.obj (.text:toupper)
                  0000e1d2    0000000a     hal_SPI.obj (.text:_Z11spiSendByteh)
                  0000e1dc    0000000a     rts430x_lc_sd_eabi.lib : abs.obj (.text:abs)
                  0000e1e6    00000008     timer_a.obj (.text:Timer_A_getCaptureCompareCount)
                  0000e1ee    00000008     timer_a.obj (.text:Timer_A_setCompareValue)
                  0000e1f6    00000008     timer_a.obj (.text:Timer_A_stop)
                  0000e1fe    00000008     main.obj (.text:_Z16write_magic_byteP15Controller_bytei)
                  0000e206    00000008     rts430x_lc_sd_eabi.lib : isr_trap.obj (.text:_isr:__TI_ISR_TRAP)
                  0000e20e    00000006     usci_a_uart.obj (.text:USCI_A_UART_clearInterrupt)
                  0000e214    00000006     usci_a_uart.obj (.text:USCI_A_UART_enable)
                  0000e21a    00000006     usci_b_i2c.obj (.text:USCI_B_I2C_slaveGetData)
                  0000e220    00000006     events.obj (.text:_Z16set_event_i2c_rxb)
                  0000e226    00000006     events.obj (.text:_Z22set_event_radio_sendedb)
                  0000e22c    00000006     events.obj (.text:_Z29set_event_sync_timer_finishedb)
                  0000e232    00000006     events.obj (.text:_Z30set_event_short_timer_finishedb)
                  0000e238    00000006     rts430x_lc_sd_eabi.lib : printf.obj (.text:_outc)
                  0000e23e    00000006                            : exit.obj (.text:abort)
                  0000e244    00000006                            : atof.obj (.text:atof)
                  0000e24a    00000004                            : printf.obj (.text:_outs)
                  0000e24e    00000004                            : pre_init.obj (.text:_system_pre_init)
                  0000e252    00000002     hal_SPI.obj (.text:_Z11halSPISetupv)
                  0000e254    00000002     rts430x_lc_sd_eabi.lib : _lock.obj (.text:_nop)
                  0000e256    00000002                            : startup.obj (.text:_system_post_cinit)

.const     0    0000e258    00000254     
                  0000e258    00000101     rts430x_lc_sd_eabi.lib : ctype.obj (.const:.string:_ctypes_)
                  0000e359    00000001     --HOLE-- [fill = 0]
                  0000e35a    00000050                            : strtod.obj (.const:digits)
                  0000e3aa    00000048                            : strtod.obj (.const:powerof10)
                  0000e3f2    00000026                            : _printfi.obj (.const:.string)
                  0000e418    00000020     uart.obj (.const:.string)
                  0000e438    0000001c     gpio.obj (.const:GPIO_PORT_TO_BASE)
                  0000e454    0000001a     main.obj (.const:.string)
                  0000e46e    00000018     rts430x_lc_sd_eabi.lib : mktime.obj (.const:mon_day)
                  0000e486    00000018                            : mktime.obj (.const:mon_len)
                  0000e49e    0000000c     uart.obj (.const:$P$T0$1)
                  0000e4aa    00000002     main.obj (.const:.string:$P$T0$1)

.cinit     0    0000e4ac    00000098     
                  0000e4ac    00000075     (.cinit..data.load) [load image, compression = lzss]
                  0000e521    00000001     --HOLE-- [fill = 0]
                  0000e522    0000000c     (__TI_handler_table)
                  0000e52e    00000006     (.cinit..bss.load) [load image, compression = zero_init]
                  0000e534    00000010     (__TI_cinit_table)

.init_array 
*          0    00008000    00000000     UNINITIALIZED

AES        0    0000ffda    00000002     
                  0000ffda    00000002     rts430x_lc_sd_eabi.lib : int45.obj (.int45)

RTC        0    0000ffdc    00000002     
                  0000ffdc    00000002     rts430x_lc_sd_eabi.lib : int46.obj (.int46)

LCD_B      0    0000ffde    00000002     
                  0000ffde    00000002     rts430x_lc_sd_eabi.lib : int47.obj (.int47)

PORT2      0    0000ffe0    00000002     
                  0000ffe0    00000002     main.obj (.int48)

PORT1      0    0000ffe2    00000002     
                  0000ffe2    00000002     rts430x_lc_sd_eabi.lib : int49.obj (.int49)

TIMER1_A1 
*          0    0000ffe4    00000002     
                  0000ffe4    00000002     rts430x_lc_sd_eabi.lib : int50.obj (.int50)

TIMER1_A0 
*          0    0000ffe6    00000002     
                  0000ffe6    00000002     timers.obj (.int51)

DMA        0    0000ffe8    00000002     
                  0000ffe8    00000002     rts430x_lc_sd_eabi.lib : int52.obj (.int52)

CC1101     0    0000ffea    00000002     
                  0000ffea    00000002     radio.obj (.int53)

TIMER0_A1 
*          0    0000ffec    00000002     
                  0000ffec    00000002     rts430x_lc_sd_eabi.lib : int54.obj (.int54)

TIMER0_A0 
*          0    0000ffee    00000002     
                  0000ffee    00000002     timers.obj (.int55)

ADC12      0    0000fff0    00000002     
                  0000fff0    00000002     rts430x_lc_sd_eabi.lib : int56.obj (.int56)

USCI_B0    0    0000fff2    00000002     
                  0000fff2    00000002     i2c.obj (.int57)

USCI_A0    0    0000fff4    00000002     
                  0000fff4    00000002     uart.obj (.int58)

WDT        0    0000fff6    00000002     
                  0000fff6    00000002     rts430x_lc_sd_eabi.lib : int59.obj (.int59)

COMP_B     0    0000fff8    00000002     
                  0000fff8    00000002     rts430x_lc_sd_eabi.lib : int60.obj (.int60)

UNMI       0    0000fffa    00000002     
                  0000fffa    00000002     rts430x_lc_sd_eabi.lib : int61.obj (.int61)

SYSNMI     0    0000fffc    00000002     
                  0000fffc    00000002     rts430x_lc_sd_eabi.lib : int62.obj (.int62)

.reset     0    0000fffe    00000002     
                  0000fffe    00000002     rts430x_lc_sd_eabi.lib : boot.obj (.reset)

MODULE SUMMARY

       Module                     code    ro data   rw data
       ------                     ----    -------   -------
    .\
       main.obj                   2762    30        1129   
       i2c.obj                    76      2         1026   
       mmc.obj                    872     0         0      
       uart.obj                   278     46        515    
       hal_pmm.obj                356     0         0      
       radio.obj                  206     2         75     
       RF1A.obj                   278     0         0      
       hal_SPI.obj                162     0         1      
       timers.obj                 70      4         0      
       events.obj                 38      0         7      
       gps.obj                    40      0         0      
    +--+--------------------------+-------+---------+---------+
       Total:                     5138    84        2753   
                                                           
    .\driverlib\MSP430F5xx_6xx\
       usci_a_uart.obj            198     0         0      
       gpio.obj                   156     28        0      
       wdt_a.obj                  56      0         0      
       timer_a.obj                24      0         0      
       usci_b_i2c.obj             6       0         0      
    +--+--------------------------+-------+---------+---------+
       Total:                     440     28        0      
                                                           
    C:\ti\ccsv7\tools\compiler\ti-cgt-msp430_16.9.2.LTS\lib\rts430x_lc_sd_eabi.lib
       _printfi.obj               6094    38        0      
       frcdivd.obj                1144    0         0      
       mktime.obj                 884     48        0      
       strtod.obj                 704     152       0      
       div64u.obj                 846     0         0      
       addd.obj                   726     0         0      
       trgdrv.obj                 688     0         8      
       frcmpyd.obj                646     0         0      
       mpyd.obj                   640     0         0      
       frcaddd.obj                594     0         0      
       divd.obj                   544     0         0      
       lowlev.obj                 320     0         160    
       s_scalbn.obj               414     0         0      
       trgmsg.obj                 90      0         288    
       memory.obj                 358     0         8      
       div64s.obj                 316     0         0      
       defs.obj                   0       0         282    
       ctype.obj                  0       257       0      
       copy_decompress_lzss.obj   238     0         0      
       fputs.obj                  222     0         0      
       cmpd.obj                   216     0         0      
       setvbuf.obj                204     0         0      
       cpy_tbl.obj                178     0         0      
       renormd.obj                178     0         0      
       s_frexp.obj                178     0         0      
       fltlid.obj                 158     0         0      
       autoinit_wdt.obj           150     0         0      
       fputc.obj                  140     0         0      
       ltoa.obj                   124     0         0      
       _io_perm.obj               122     0         0      
       fseek.obj                  106     0         0      
       fclose.obj                 104     0         0      
       fixdli.obj                 102     0         0      
       fflush.obj                 98      0         0      
       mult64_f5hw.obj            92      0         0      
       div32u.obj                 88      0         0      
       atoi.obj                   82      0         0      
       exit.obj                   78      0         2      
       rem64s.obj                 80      0         0      
       asr32.obj                  78      0         0      
       lsl32.obj                  78      0         0      
       lsr32.obj                  78      0         0      
       strtok.obj                 74      0         2      
       printf.obj                 74      0         0      
       asr64.obj                  64      0         0      
       cpy_util.obj               64      0         0      
       div32s.obj                 64      0         0      
       copy_zero_init.obj         62      0         0      
       copy_decompress_none.obj   60      0         0      
       lsl64.obj                  58      0         0      
       lsr64.obj                  58      0         0      
       strstr.obj                 54      0         0      
       fopen.obj                  50      0         0      
       s_copysign.obj             46      0         0      
       subd.obj                   46      0         0      
       div16s.obj                 44      0         0      
       strncpy.obj                44      0         0      
       negd.obj                   42      0         0      
       strncmp.obj                42      0         0      
       fixdi.obj                  40      0         0      
       strcspn.obj                40      0         0      
       strspn.obj                 40      0         0      
       mult32_f5hw.obj            36      0         0      
       boot_special.obj           28      0         0      
       memccpy.obj                26      0         0      
       strchr.obj                 26      0         0      
       mult16_f5hw.obj            24      0         0      
       strcmp.obj                 24      0         0      
       div16u.obj                 22      0         0      
       llabs.obj                  22      0         0      
       memchr.obj                 20      0         0      
       memset.obj                 20      0         0      
       memcpy.obj                 18      0         0      
       strcpy.obj                 16      0         0      
       strlen.obj                 14      0         0      
       tmzone.obj                 0       0         14     
       fltid.obj                  12      0         0      
       toupper.obj                12      0         0      
       _lock.obj                  2       0         8      
       abs.obj                    10      0         0      
       exit_gvars.obj             0       0         8      
       isr_trap.obj               8       0         0      
       atof.obj                   6       0         0      
       pre_init.obj               4       0         0      
       boot.obj                   0       2         0      
       errno.obj                  0       0         2      
       int45.obj                  0       2         0      
       int46.obj                  0       2         0      
       int47.obj                  0       2         0      
       int49.obj                  0       2         0      
       int50.obj                  0       2         0      
       int52.obj                  0       2         0      
       int54.obj                  0       2         0      
       int56.obj                  0       2         0      
       int59.obj                  0       2         0      
       int60.obj                  0       2         0      
       int61.obj                  0       2         0      
       int62.obj                  0       2         0      
       startup.obj                2       0         0      
    +--+--------------------------+-------+---------+---------+
       Total:                     19598   521       782    
                                                           
       Heap:                      0       0         320    
       Stack:                     0       0         80     
       Linker Generated:          0       151       0      
    +--+--------------------------+-------+---------+---------+
       Grand Total:               25176   784       3935   


LINKER GENERATED COPY TABLES

__TI_cinit_table @ 0000e534 records: 2, size/record: 8, table size: 16
	.data: load addr=0000e4ac, load size=00000075 bytes, run addr=00002716, run size=0000019c bytes, compression=lzss
	.bss: load addr=0000e52e, load size=00000006 bytes, run addr=00001c00, run size=00000b16 bytes, compression=zero_init


LINKER GENERATED HANDLER TABLE

__TI_handler_table @ 0000e522 records: 3, size/record: 4, table size: 12
	index: 0, handler: __TI_zero_init
	index: 1, handler: __TI_decompress_lzss
	index: 2, handler: __TI_decompress_none


GLOBAL SYMBOLS: SORTED ALPHABETICALLY BY Name 

address   name                                      
-------   ----                                      
00000700  ADC12CTL0                                 
00000701  ADC12CTL0_H                               
00000700  ADC12CTL0_L                               
00000702  ADC12CTL1                                 
00000703  ADC12CTL1_H                               
00000702  ADC12CTL1_L                               
00000704  ADC12CTL2                                 
00000705  ADC12CTL2_H                               
00000704  ADC12CTL2_L                               
0000070c  ADC12IE                                   
0000070d  ADC12IE_H                                 
0000070c  ADC12IE_L                                 
0000070a  ADC12IFG                                  
0000070b  ADC12IFG_H                                
0000070a  ADC12IFG_L                                
0000070e  ADC12IV                                   
0000070f  ADC12IV_H                                 
0000070e  ADC12IV_L                                 
00000710  ADC12MCTL0                                
00000711  ADC12MCTL1                                
0000071a  ADC12MCTL10                               
0000071b  ADC12MCTL11                               
0000071c  ADC12MCTL12                               
0000071d  ADC12MCTL13                               
0000071e  ADC12MCTL14                               
0000071f  ADC12MCTL15                               
00000712  ADC12MCTL2                                
00000713  ADC12MCTL3                                
00000714  ADC12MCTL4                                
00000715  ADC12MCTL5                                
00000716  ADC12MCTL6                                
00000717  ADC12MCTL7                                
00000718  ADC12MCTL8                                
00000719  ADC12MCTL9                                
00000720  ADC12MEM0                                 
00000721  ADC12MEM0_H                               
00000720  ADC12MEM0_L                               
00000722  ADC12MEM1                                 
00000734  ADC12MEM10                                
00000735  ADC12MEM10_H                              
00000734  ADC12MEM10_L                              
00000736  ADC12MEM11                                
00000737  ADC12MEM11_H                              
00000736  ADC12MEM11_L                              
00000738  ADC12MEM12                                
00000739  ADC12MEM12_H                              
00000738  ADC12MEM12_L                              
0000073a  ADC12MEM13                                
0000073b  ADC12MEM13_H                              
0000073a  ADC12MEM13_L                              
0000073c  ADC12MEM14                                
0000073d  ADC12MEM14_H                              
0000073c  ADC12MEM14_L                              
0000073e  ADC12MEM15                                
0000073f  ADC12MEM15_H                              
0000073e  ADC12MEM15_L                              
00000723  ADC12MEM1_H                               
00000722  ADC12MEM1_L                               
00000724  ADC12MEM2                                 
00000725  ADC12MEM2_H                               
00000724  ADC12MEM2_L                               
00000726  ADC12MEM3                                 
00000727  ADC12MEM3_H                               
00000726  ADC12MEM3_L                               
00000728  ADC12MEM4                                 
00000729  ADC12MEM4_H                               
00000728  ADC12MEM4_L                               
0000072a  ADC12MEM5                                 
0000072b  ADC12MEM5_H                               
0000072a  ADC12MEM5_L                               
0000072c  ADC12MEM6                                 
0000072d  ADC12MEM6_H                               
0000072c  ADC12MEM6_L                               
0000072e  ADC12MEM7                                 
0000072f  ADC12MEM7_H                               
0000072e  ADC12MEM7_L                               
00000730  ADC12MEM8                                 
00000731  ADC12MEM8_H                               
00000730  ADC12MEM8_L                               
00000732  ADC12MEM9                                 
00000733  ADC12MEM9_H                               
00000732  ADC12MEM9_L                               
000009c0  AESACTL0                                  
000009c1  AESACTL0_H                                
000009c0  AESACTL0_L                                
000009c8  AESADIN                                   
000009c9  AESADIN_H                                 
000009c8  AESADIN_L                                 
000009ca  AESADOUT                                  
000009cb  AESADOUT_H                                
000009ca  AESADOUT_L                                
000009c6  AESAKEY                                   
000009c7  AESAKEY_H                                 
000009c6  AESAKEY_L                                 
000009c4  AESASTAT                                  
000009c5  AESASTAT_H                                
000009c4  AESASTAT_L                                
0000e23e  C$$EXIT                                   
0000db5e  C$$IO$$                                   
000008c0  CBCTL0                                    
000008c1  CBCTL0_H                                  
000008c0  CBCTL0_L                                  
000008c2  CBCTL1                                    
000008c3  CBCTL1_H                                  
000008c2  CBCTL1_L                                  
000008c4  CBCTL2                                    
000008c5  CBCTL2_H                                  
000008c4  CBCTL2_L                                  
000008c6  CBCTL3                                    
000008c7  CBCTL3_H                                  
000008c6  CBCTL3_L                                  
000008cc  CBINT                                     
000008cd  CBINT_H                                   
000008cc  CBINT_L                                   
000008ce  CBIV                                      
00000150  CRCDI                                     
00000151  CRCDI_H                                   
00000150  CRCDI_L                                   
00000154  CRCINIRES                                 
00000155  CRCINIRES_H                               
00000154  CRCINIRES_L                               
00000510  DMA0CTL                                   
00000511  DMA0CTL_H                                 
00000510  DMA0CTL_L                                 
00000516  DMA0DA                                    
00000518  DMA0DAH                                   
00000516  DMA0DAL                                   
00000512  DMA0SA                                    
00000514  DMA0SAH                                   
00000512  DMA0SAL                                   
0000051a  DMA0SZ                                    
00000520  DMA1CTL                                   
00000521  DMA1CTL_H                                 
00000520  DMA1CTL_L                                 
00000526  DMA1DA                                    
00000528  DMA1DAH                                   
00000526  DMA1DAL                                   
00000522  DMA1SA                                    
00000524  DMA1SAH                                   
00000522  DMA1SAL                                   
0000052a  DMA1SZ                                    
00000530  DMA2CTL                                   
00000531  DMA2CTL_H                                 
00000530  DMA2CTL_L                                 
00000536  DMA2DA                                    
00000538  DMA2DAH                                   
00000536  DMA2DAL                                   
00000532  DMA2SA                                    
00000534  DMA2SAH                                   
00000532  DMA2SAL                                   
0000053a  DMA2SZ                                    
00000500  DMACTL0                                   
00000501  DMACTL0_H                                 
00000500  DMACTL0_L                                 
00000502  DMACTL1                                   
00000503  DMACTL1_H                                 
00000502  DMACTL1_L                                 
00000504  DMACTL2                                   
00000505  DMACTL2_H                                 
00000504  DMACTL2_L                                 
00000506  DMACTL3                                   
00000507  DMACTL3_H                                 
00000506  DMACTL3_L                                 
00000508  DMACTL4                                   
00000509  DMACTL4_H                                 
00000508  DMACTL4_L                                 
0000050e  DMAIV                                     
0000050f  DMAIV_H                                   
0000050e  DMAIV_L                                   
00000140  FCTL1                                     
00000141  FCTL1_H                                   
00000140  FCTL1_L                                   
00000144  FCTL3                                     
00000145  FCTL3_H                                   
00000144  FCTL3_L                                   
00000146  FCTL4                                     
00000147  FCTL4_H                                   
00000146  FCTL4_L                                   
0000de3a  GPIO_setAsInputPinWithPullUpResistor      
0000df86  GPIO_setAsOutputPin                       
0000dfa0  GPIO_setAsPeripheralModuleFunctionInputPin
0000e038  GPIO_setOutputHighOnPin                   
0000e04e  GPIO_setOutputLowOnPin                    
0000e064  GPIO_toggleOutputOnPin                    
0000d51c  HOSTclose                                 
0000c546  HOSTlseek                                 
0000cf94  HOSTopen                                  
0000d0ba  HOSTread                                  
0000cdf2  HOSTrename                                
0000d5a8  HOSTunlink                                
0000d05a  HOSTwrite                                 
00000a04  LCDBBLKCTL                                
00000a05  LCDBBLKCTL_H                              
00000a04  LCDBBLKCTL_L                              
00000a12  LCDBCPCTL                                 
00000a13  LCDBCPCTL_H                               
00000a12  LCDBCPCTL_L                               
00000a00  LCDBCTL0                                  
00000a01  LCDBCTL0_H                                
00000a00  LCDBCTL0_L                                
00000a02  LCDBCTL1                                  
00000a03  LCDBCTL1_H                                
00000a02  LCDBCTL1_L                                
00000a1e  LCDBIV                                    
00000a40  LCDBM1                                    
00000a49  LCDBM10                                   
00000a4a  LCDBM11                                   
00000a4b  LCDBM12                                   
00000a4c  LCDBM13                                   
00000a4d  LCDBM14                                   
00000a4e  LCDBM15                                   
00000a4f  LCDBM16                                   
00000a50  LCDBM17                                   
00000a51  LCDBM18                                   
00000a52  LCDBM19                                   
00000a41  LCDBM2                                    
00000a53  LCDBM20                                   
00000a54  LCDBM21                                   
00000a55  LCDBM22                                   
00000a56  LCDBM23                                   
00000a57  LCDBM24                                   
00000a42  LCDBM3                                    
00000a43  LCDBM4                                    
00000a44  LCDBM5                                    
00000a45  LCDBM6                                    
00000a46  LCDBM7                                    
00000a47  LCDBM8                                    
00000a48  LCDBM9                                    
00000a06  LCDBMEMCTL                                
00000a07  LCDBMEMCTL_H                              
00000a06  LCDBMEMCTL_L                              
00000a0a  LCDBPCTL0                                 
00000a0b  LCDBPCTL0_H                               
00000a0a  LCDBPCTL0_L                               
00000a0c  LCDBPCTL1                                 
00000a0d  LCDBPCTL1_H                               
00000a0c  LCDBPCTL1_L                               
00000a0e  LCDBPCTL2                                 
00000a0f  LCDBPCTL2_H                               
00000a0e  LCDBPCTL2_L                               
00000a10  LCDBPCTL3                                 
00000a11  LCDBPCTL3_H                               
00000a10  LCDBPCTL3_L                               
00000a08  LCDBVCTL                                  
00000a09  LCDBVCTL_H                                
00000a08  LCDBVCTL_L                                
00000a20  LCDM1                                     
00000a29  LCDM10                                    
00000a2a  LCDM11                                    
00000a2b  LCDM12                                    
00000a2c  LCDM13                                    
00000a2d  LCDM14                                    
00000a2e  LCDM15                                    
00000a2f  LCDM16                                    
00000a30  LCDM17                                    
00000a31  LCDM18                                    
00000a32  LCDM19                                    
00000a21  LCDM2                                     
00000a33  LCDM20                                    
00000a34  LCDM21                                    
00000a35  LCDM22                                    
00000a36  LCDM23                                    
00000a37  LCDM24                                    
00000a22  LCDM3                                     
00000a23  LCDM4                                     
00000a24  LCDM5                                     
00000a25  LCDM6                                     
00000a26  LCDM7                                     
00000a27  LCDM8                                     
00000a28  LCDM9                                     
000004c4  MAC                                       
000004da  MAC32H                                    
000004db  MAC32H_H                                  
000004da  MAC32H_L                                  
000004d8  MAC32L                                    
000004d9  MAC32L_H                                  
000004d8  MAC32L_L                                  
000004c6  MACS                                      
000004de  MACS32H                                   
000004df  MACS32H_H                                 
000004de  MACS32H_L                                 
000004dc  MACS32L                                   
000004dd  MACS32L_H                                 
000004dc  MACS32L_L                                 
000004c7  MACS_H                                    
000004c6  MACS_L                                    
000004c5  MAC_H                                     
000004c4  MAC_L                                     
000004c0  MPY                                       
000004ec  MPY32CTL0                                 
000004ed  MPY32CTL0_H                               
000004ec  MPY32CTL0_L                               
000004d2  MPY32H                                    
000004d3  MPY32H_H                                  
000004d2  MPY32H_L                                  
000004d0  MPY32L                                    
000004d1  MPY32L_H                                  
000004d0  MPY32L_L                                  
000004c2  MPYS                                      
000004d6  MPYS32H                                   
000004d7  MPYS32H_H                                 
000004d6  MPYS32H_L                                 
000004d4  MPYS32L                                   
000004d5  MPYS32L_H                                 
000004d4  MPYS32L_L                                 
000004c3  MPYS_H                                    
000004c2  MPYS_L                                    
000004c1  MPY_H                                     
000004c0  MPY_L                                     
000004c8  OP2                                       
000004e2  OP2H                                      
000004e3  OP2H_H                                    
000004e2  OP2H_L                                    
000004e0  OP2L                                      
000004e1  OP2L_H                                    
000004e0  OP2L_L                                    
000004c9  OP2_H                                     
000004c8  OP2_L                                     
0000020e  P1IV                                      
000001c8  P1MAP01                                   
000001c9  P1MAP01_H                                 
000001c8  P1MAP01_L                                 
000001ca  P1MAP23                                   
000001cb  P1MAP23_H                                 
000001ca  P1MAP23_L                                 
000001cc  P1MAP45                                   
000001cd  P1MAP45_H                                 
000001cc  P1MAP45_L                                 
000001ce  P1MAP67                                   
000001cf  P1MAP67_H                                 
000001ce  P1MAP67_L                                 
0000021e  P2IV                                      
000001d0  P2MAP01                                   
000001d1  P2MAP01_H                                 
000001d0  P2MAP01_L                                 
000001d2  P2MAP23                                   
000001d3  P2MAP23_H                                 
000001d2  P2MAP23_L                                 
000001d4  P2MAP45                                   
000001d5  P2MAP45_H                                 
000001d4  P2MAP45_L                                 
000001d6  P2MAP67                                   
000001d7  P2MAP67_H                                 
000001d6  P2MAP67_L                                 
000001d8  P3MAP01                                   
000001d9  P3MAP01_H                                 
000001d8  P3MAP01_L                                 
000001da  P3MAP23                                   
000001db  P3MAP23_H                                 
000001da  P3MAP23_L                                 
000001dc  P3MAP45                                   
000001dd  P3MAP45_H                                 
000001dc  P3MAP45_L                                 
000001de  P3MAP67                                   
000001df  P3MAP67_H                                 
000001de  P3MAP67_L                                 
00000204  PADIR                                     
00000205  PADIR_H                                   
00000204  PADIR_L                                   
00000208  PADS                                      
00000209  PADS_H                                    
00000208  PADS_L                                    
0000021a  PAIE                                      
00000218  PAIES                                     
00000219  PAIES_H                                   
00000218  PAIES_L                                   
0000021b  PAIE_H                                    
0000021a  PAIE_L                                    
0000021c  PAIFG                                     
0000021d  PAIFG_H                                   
0000021c  PAIFG_L                                   
00000200  PAIN                                      
00000201  PAIN_H                                    
00000200  PAIN_L                                    
00000202  PAOUT                                     
00000203  PAOUT_H                                   
00000202  PAOUT_L                                   
00000206  PAREN                                     
00000207  PAREN_H                                   
00000206  PAREN_L                                   
0000020a  PASEL                                     
0000020b  PASEL_H                                   
0000020a  PASEL_L                                   
00000224  PBDIR                                     
00000225  PBDIR_H                                   
00000224  PBDIR_L                                   
00000228  PBDS                                      
00000229  PBDS_H                                    
00000228  PBDS_L                                    
00000220  PBIN                                      
00000221  PBIN_H                                    
00000220  PBIN_L                                    
00000222  PBOUT                                     
00000223  PBOUT_H                                   
00000222  PBOUT_L                                   
00000226  PBREN                                     
00000227  PBREN_H                                   
00000226  PBREN_L                                   
0000022a  PBSEL                                     
0000022b  PBSEL_H                                   
0000022a  PBSEL_L                                   
00000244  PCDIR                                     
00000245  PCDIR_H                                   
00000244  PCDIR_L                                   
00000248  PCDS                                      
00000249  PCDS_H                                    
00000248  PCDS_L                                    
00000240  PCIN                                      
00000241  PCIN_H                                    
00000240  PCIN_L                                    
00000242  PCOUT                                     
00000243  PCOUT_H                                   
00000242  PCOUT_L                                   
00000246  PCREN                                     
00000247  PCREN_H                                   
00000246  PCREN_L                                   
0000024a  PCSEL                                     
0000024b  PCSEL_H                                   
0000024a  PCSEL_L                                   
00000324  PJDIR                                     
00000325  PJDIR_H                                   
00000324  PJDIR_L                                   
00000328  PJDS                                      
00000329  PJDS_H                                    
00000328  PJDS_L                                    
00000320  PJIN                                      
00000321  PJIN_H                                    
00000320  PJIN_L                                    
00000322  PJOUT                                     
00000323  PJOUT_H                                   
00000322  PJOUT_L                                   
00000326  PJREN                                     
00000327  PJREN_H                                   
00000326  PJREN_L                                   
000001c2  PMAPCTL                                   
000001c3  PMAPCTL_H                                 
000001c2  PMAPCTL_L                                 
000001c0  PMAPKEYID                                 
000001c1  PMAPKEYID_H                               
000001c0  PMAPKEYID_L                               
00000120  PMMCTL0                                   
00000121  PMMCTL0_H                                 
00000120  PMMCTL0_L                                 
00000122  PMMCTL1                                   
00000123  PMMCTL1_H                                 
00000122  PMMCTL1_L                                 
0000012c  PMMIFG                                    
0000012d  PMMIFG_H                                  
0000012c  PMMIFG_L                                  
0000012e  PMMRIE                                    
0000012f  PMMRIE_H                                  
0000012e  PMMRIE_L                                  
00000158  RCCTL0                                    
00000159  RCCTL0_H                                  
00000158  RCCTL0_L                                  
000001b0  REFCTL0                                   
000001b1  REFCTL0_H                                 
000001b0  REFCTL0_L                                 
000004e4  RES0                                      
000004e5  RES0_H                                    
000004e4  RES0_L                                    
000004e6  RES1                                      
000004e7  RES1_H                                    
000004e6  RES1_L                                    
000004e8  RES2                                      
000004e9  RES2_H                                    
000004e8  RES2_L                                    
000004ea  RES3                                      
000004eb  RES3_H                                    
000004ea  RES3_L                                    
000004cc  RESHI                                     
000004cd  RESHI_H                                   
000004cc  RESHI_L                                   
000004ca  RESLO                                     
000004cb  RESLO_H                                   
000004ca  RESLO_L                                   
00000f16  RF1ADINW                                  
00000f17  RF1ADINW_H                                
00000f16  RF1ADINW_L                                
00000f28  RF1ADOUT0W                                
00000f29  RF1ADOUT0W_H                              
00000f28  RF1ADOUT0W_L                              
00000f2a  RF1ADOUT1W                                
00000f2b  RF1ADOUT1W_H                              
00000f2a  RF1ADOUT1W_L                              
00000f2c  RF1ADOUT2W                                
00000f2d  RF1ADOUT2W_H                              
00000f2c  RF1ADOUT2W_L                              
00000f36  RF1AIE                                    
00000f34  RF1AIES                                   
00000f35  RF1AIES_H                                 
00000f34  RF1AIES_L                                 
00000f37  RF1AIE_H                                  
00000f36  RF1AIE_L                                  
00000f00  RF1AIFCTL0                                
00000f01  RF1AIFCTL0_H                              
00000f00  RF1AIFCTL0_L                              
00000f02  RF1AIFCTL1                                
00000f03  RF1AIFCTL1_H                              
00000f02  RF1AIFCTL1_L                              
00000f04  RF1AIFCTL2                                
00000f05  RF1AIFCTL2_H                              
00000f04  RF1AIFCTL2_L                              
00000f06  RF1AIFERR                                 
00000f0c  RF1AIFERRV                                
00000f0d  RF1AIFERRV_H                              
00000f0c  RF1AIFERRV_L                              
00000f07  RF1AIFERR_H                               
00000f06  RF1AIFERR_L                               
00000f32  RF1AIFG                                   
00000f33  RF1AIFG_H                                 
00000f32  RF1AIFG_L                                 
00000f0e  RF1AIFIV                                  
00000f0f  RF1AIFIV_H                                
00000f0e  RF1AIFIV_L                                
00000f30  RF1AIN                                    
00000f12  RF1AINSTR1W                               
00000f13  RF1AINSTR1W_H                             
00000f12  RF1AINSTR1W_L                             
00000f14  RF1AINSTR2W                               
00000f15  RF1AINSTR2W_H                             
00000f14  RF1AINSTR2W_L                             
00000f10  RF1AINSTRW                                
00000f11  RF1AINSTRW_H                              
00000f10  RF1AINSTRW_L                              
00000f31  RF1AIN_H                                  
00000f30  RF1AIN_L                                  
00000f38  RF1AIV                                    
00000f39  RF1AIV_H                                  
00000f38  RF1AIV_L                                  
00000f3c  RF1ARXFIFO                                
00000f3d  RF1ARXFIFO_H                              
00000f3c  RF1ARXFIFO_L                              
00000f20  RF1ASTAT0W                                
00000f21  RF1ASTAT0W_H                              
00000f20  RF1ASTAT0W_L                              
00000f22  RF1ASTAT1W                                
00000f23  RF1ASTAT1W_H                              
00000f22  RF1ASTAT1W_L                              
00000f24  RF1ASTAT2W                                
00000f25  RF1ASTAT2W_H                              
00000f24  RF1ASTAT2W_L                              
00000f3e  RF1ATXFIFO                                
00000f3f  RF1ATXFIFO_H                              
00000f3e  RF1ATXFIFO_L                              
000004ba  RTCADOWDAY                                
000004bb  RTCADOWDAY_H                              
000004ba  RTCADOWDAY_L                              
000004b8  RTCAMINHR                                 
000004b9  RTCAMINHR_H                               
000004b8  RTCAMINHR_L                               
000004a0  RTCCTL01                                  
000004a1  RTCCTL01_H                                
000004a0  RTCCTL01_L                                
000004a2  RTCCTL23                                  
000004a3  RTCCTL23_H                                
000004a2  RTCCTL23_L                                
000004b4  RTCDATE                                   
000004b5  RTCDATE_H                                 
000004b4  RTCDATE_L                                 
000004ae  RTCIV                                     
000004ac  RTCPS                                     
000004a8  RTCPS0CTL                                 
000004a9  RTCPS0CTL_H                               
000004a8  RTCPS0CTL_L                               
000004aa  RTCPS1CTL                                 
000004ab  RTCPS1CTL_H                               
000004aa  RTCPS1CTL_L                               
000004ad  RTCPS_H                                   
000004ac  RTCPS_L                                   
000004b0  RTCTIM0                                   
000004b1  RTCTIM0_H                                 
000004b0  RTCTIM0_L                                 
000004b2  RTCTIM1                                   
000004b3  RTCTIM1_H                                 
000004b2  RTCTIM1_L                                 
000004b6  RTCYEAR                                   
000004b7  RTCYEAR_H                                 
000004b6  RTCYEAR_L                                 
0000d2c4  ReadBurstReg                              
0000dd72  ReadSingleReg                             
00002808  SECTORS_COUNT                             
00000100  SFRIE1                                    
00000101  SFRIE1_H                                  
00000100  SFRIE1_L                                  
00000102  SFRIFG1                                   
00000103  SFRIFG1_H                                 
00000102  SFRIFG1_L                                 
00000104  SFRRPCR                                   
00000105  SFRRPCR_H                                 
00000104  SFRRPCR_L                                 
000004ce  SUMEXT                                    
000004cf  SUMEXT_H                                  
000004ce  SUMEXT_L                                  
00000124  SVSMHCTL                                  
00000125  SVSMHCTL_H                                
00000124  SVSMHCTL_L                                
00000128  SVSMIO                                    
00000129  SVSMIO_H                                  
00000128  SVSMIO_L                                  
00000126  SVSMLCTL                                  
00000127  SVSMLCTL_H                                
00000126  SVSMLCTL_L                                
00000198  SYSBERRIV                                 
00000199  SYSBERRIV_H                               
00000198  SYSBERRIV_L                               
00000182  SYSBSLC                                   
00000183  SYSBSLC_H                                 
00000182  SYSBSLC_L                                 
00000180  SYSCTL                                    
00000181  SYSCTL_H                                  
00000180  SYSCTL_L                                  
00000186  SYSJMBC                                   
00000187  SYSJMBC_H                                 
00000186  SYSJMBC_L                                 
00000188  SYSJMBI0                                  
00000189  SYSJMBI0_H                                
00000188  SYSJMBI0_L                                
0000018a  SYSJMBI1                                  
0000018b  SYSJMBI1_H                                
0000018a  SYSJMBI1_L                                
0000018c  SYSJMBO0                                  
0000018d  SYSJMBO0_H                                
0000018c  SYSJMBO0_L                                
0000018e  SYSJMBO1                                  
0000018f  SYSJMBO1_H                                
0000018e  SYSJMBO1_L                                
0000019e  SYSRSTIV                                  
0000019f  SYSRSTIV_H                                
0000019e  SYSRSTIV_L                                
0000019c  SYSSNIV                                   
0000019d  SYSSNIV_H                                 
0000019c  SYSSNIV_L                                 
0000019a  SYSUNIV                                   
0000019b  SYSUNIV_H                                 
0000019a  SYSUNIV_L                                 
0000d85e  SetVCore                                  
0000c936  SetVCoreDown                              
0000c366  SetVCoreUp                                
0000c798  Strobe                                    
00000352  TA0CCR0                                   
00000354  TA0CCR1                                   
00000356  TA0CCR2                                   
00000358  TA0CCR3                                   
0000035a  TA0CCR4                                   
00000342  TA0CCTL0                                  
00000344  TA0CCTL1                                  
00000346  TA0CCTL2                                  
00000348  TA0CCTL3                                  
0000034a  TA0CCTL4                                  
00000340  TA0CTL                                    
00000360  TA0EX0                                    
0000036e  TA0IV                                     
00000350  TA0R                                      
00000392  TA1CCR0                                   
00000394  TA1CCR1                                   
00000396  TA1CCR2                                   
00000382  TA1CCTL0                                  
00000384  TA1CCTL1                                  
00000386  TA1CCTL2                                  
00000380  TA1CTL                                    
000003a0  TA1EX0                                    
000003ae  TA1IV                                     
00000390  TA1R                                      
0000e1e6  Timer_A_getCaptureCompareCount            
0000e1ee  Timer_A_setCompareValue                   
0000e1f6  Timer_A_stop                              
000005d0  UCA0ABCTL                                 
000005c6  UCA0BRW                                   
000005c7  UCA0BRW_H                                 
000005c6  UCA0BRW_L                                 
000005c0  UCA0CTLW0                                 
000005c1  UCA0CTLW0_H                               
000005c0  UCA0CTLW0_L                               
000005dc  UCA0ICTL                                  
000005dd  UCA0ICTL_H                                
000005dc  UCA0ICTL_L                                
000005d2  UCA0IRCTL                                 
000005d3  UCA0IRCTL_H                               
000005d2  UCA0IRCTL_L                               
000005de  UCA0IV                                    
000005c8  UCA0MCTL                                  
000005cc  UCA0RXBUF                                 
000005ca  UCA0STAT                                  
000005ce  UCA0TXBUF                                 
000005e6  UCB0BRW                                   
000005e7  UCB0BRW_H                                 
000005e6  UCB0BRW_L                                 
000005e0  UCB0CTLW0                                 
000005e1  UCB0CTLW0_H                               
000005e0  UCB0CTLW0_L                               
000005f0  UCB0I2COA                                 
000005f1  UCB0I2COA_H                               
000005f0  UCB0I2COA_L                               
000005f2  UCB0I2CSA                                 
000005f3  UCB0I2CSA_H                               
000005f2  UCB0I2CSA_L                               
000005fc  UCB0ICTL                                  
000005fd  UCB0ICTL_H                                
000005fc  UCB0ICTL_L                                
000005fe  UCB0IV                                    
000005ec  UCB0RXBUF                                 
000005ea  UCB0STAT                                  
000005ee  UCB0TXBUF                                 
00000160  UCSCTL0                                   
00000161  UCSCTL0_H                                 
00000160  UCSCTL0_L                                 
00000162  UCSCTL1                                   
00000163  UCSCTL1_H                                 
00000162  UCSCTL1_L                                 
00000164  UCSCTL2                                   
00000165  UCSCTL2_H                                 
00000164  UCSCTL2_L                                 
00000166  UCSCTL3                                   
00000167  UCSCTL3_H                                 
00000166  UCSCTL3_L                                 
00000168  UCSCTL4                                   
00000169  UCSCTL4_H                                 
00000168  UCSCTL4_L                                 
0000016a  UCSCTL5                                   
0000016b  UCSCTL5_H                                 
0000016a  UCSCTL5_L                                 
0000016c  UCSCTL6                                   
0000016d  UCSCTL6_H                                 
0000016c  UCSCTL6_L                                 
0000016e  UCSCTL7                                   
0000016f  UCSCTL7_H                                 
0000016e  UCSCTL7_L                                 
00000170  UCSCTL8                                   
00000171  UCSCTL8_H                                 
00000170  UCSCTL8_L                                 
0000e20e  USCI_A_UART_clearInterrupt                
0000e214  USCI_A_UART_enable                        
0000e0a6  USCI_A_UART_enableInterrupt               
0000c678  USCI_A_UART_init                          
0000e11e  USCI_A_UART_receiveData                   
0000e21a  USCI_B_I2C_slaveGetData                   
0000015c  WDTCTL                                    
0000015d  WDTCTL_H                                  
0000015c  WDTCTL_L                                  
0000e142  WDT_A_initWatchdogTimer                   
0000e0ba  WDT_A_resetTimer                          
0000e0ce  WDT_A_start                               
0000e0e2  WriteSingleReg                            
000029f4  _CIOBUF_                                  
0000c9ba  _Z10CC1101_ISRv                           
0000dece  _Z10ReceiveOffv                           
0000d444  _Z10mmcSendCmdcmc                         
00008000  _Z10parse_nmeav                           
0000c2c0  _Z11USCI_A0_ISRv                          
0000d364  _Z11USCI_B0_ISRv                          
0000e252  _Z11halSPISetupv                          
0000e1d2  _Z11spiSendByteh                          
0000cbb0  _Z12flush_sectorv                         
0000d562  _Z12mmcCheckBusyv                         
0000cc26  _Z12mmcReadBlockmmPh                      
0000e1ae  _Z12radio_listenv                         
0000dbec  _Z12spiReadFramePhj                       
0000dc18  _Z12spiSendFramePhj                       
0000dfba  _Z13TIMER0_A0_ISRv                        
0000dc70  _Z13TIMER1_A0_ISRv                        
0000cc9a  _Z13mmcWriteBlockmmPh                     
0000df10  _Z14mmcGetResponsev                       
0000da68  _Z14set_radio_gainb                       
0000cd82  _Z14uart_configurev                       
0000d8d6  _Z15_mmcWriteSectormPv                    
0000d910  _Z15led_blink_hellov                      
0000bbbe  _Z15mmcReadCardSizev                      
0000df2e  _Z16mmcGetXXResponsec                     
0000e220  _Z16set_event_i2c_rxb                     
0000e1fe  _Z16write_magic_byteP15Controller_bytei   
0000d6ea  _Z17mmcSetBlockLengthm                    
0000d728  _Z17spi_bitbang_inouth                    
0000e192  _Z18set_event_radio_rxb                   
0000d9f8  _Z21controller_diff_framePciiiii          
0000e226  _Z22set_event_radio_sendedb               
0000b280  _Z24controller_control_framePcllllll      
0000e22c  _Z29set_event_sync_timer_finishedb        
0000e232  _Z30set_event_short_timer_finishedb       
0000dd9a  _Z5atoinPKci                              
[...]
00000f00  RF1AIFCTL0_L                              
00000f01  RF1AIFCTL0_H                              
00000f02  RF1AIFCTL1                                
00000f02  RF1AIFCTL1_L                              
00000f03  RF1AIFCTL1_H                              
00000f04  RF1AIFCTL2                                
00000f04  RF1AIFCTL2_L                              
00000f05  RF1AIFCTL2_H                              
00000f06  RF1AIFERR                                 
00000f06  RF1AIFERR_L                               
00000f07  RF1AIFERR_H                               
00000f0c  RF1AIFERRV                                
00000f0c  RF1AIFERRV_L                              
00000f0d  RF1AIFERRV_H                              
00000f0e  RF1AIFIV                                  
00000f0e  RF1AIFIV_L                                
00000f0f  RF1AIFIV_H                                
00000f10  RF1AINSTRW                                
00000f10  RF1AINSTRW_L                              
00000f11  RF1AINSTRW_H                              
00000f12  RF1AINSTR1W                               
00000f12  RF1AINSTR1W_L                             
00000f13  RF1AINSTR1W_H                             
00000f14  RF1AINSTR2W                               
00000f14  RF1AINSTR2W_L                             
00000f15  RF1AINSTR2W_H                             
00000f16  RF1ADINW                                  
00000f16  RF1ADINW_L                                
00000f17  RF1ADINW_H                                
00000f20  RF1ASTAT0W                                
00000f20  RF1ASTAT0W_L                              
00000f21  RF1ASTAT0W_H                              
00000f22  RF1ASTAT1W                                
00000f22  RF1ASTAT1W_L                              
00000f23  RF1ASTAT1W_H                              
00000f24  RF1ASTAT2W                                
00000f24  RF1ASTAT2W_L                              
00000f25  RF1ASTAT2W_H                              
00000f28  RF1ADOUT0W                                
00000f28  RF1ADOUT0W_L                              
00000f29  RF1ADOUT0W_H                              
00000f2a  RF1ADOUT1W                                
00000f2a  RF1ADOUT1W_L                              
00000f2b  RF1ADOUT1W_H                              
00000f2c  RF1ADOUT2W                                
00000f2c  RF1ADOUT2W_L                              
00000f2d  RF1ADOUT2W_H                              
00000f30  RF1AIN                                    
00000f30  RF1AIN_L                                  
00000f31  RF1AIN_H                                  
00000f32  RF1AIFG                                   
00000f32  RF1AIFG_L                                 
00000f33  RF1AIFG_H                                 
00000f34  RF1AIES                                   
00000f34  RF1AIES_L                                 
00000f35  RF1AIES_H                                 
00000f36  RF1AIE                                    
00000f36  RF1AIE_L                                  
00000f37  RF1AIE_H                                  
00000f38  RF1AIV                                    
00000f38  RF1AIV_L                                  
00000f39  RF1AIV_H                                  
00000f3c  RF1ARXFIFO                                
00000f3c  RF1ARXFIFO_L                              
00000f3d  RF1ARXFIFO_H                              
00000f3e  RF1ATXFIFO                                
00000f3e  RF1ATXFIFO_L                              
00000f3f  RF1ATXFIFO_H                              
00001c00  i2c_rxData                                
00002000  g_header                                  
00002200  sector_buffer                             
00002400  uart_rx_data                              
00002600  __TI_tmpnams                              
000026a0  radio_rx_buffer                           
000026e0  ttime                                     
000026f2  ch                                        
000026ff  spi_bitbang_in_data                       
00002708  status                                    
0000278e  _ftable                                   
00002806  mmc                                       
00002808  SECTORS_COUNT                             
0000280c  has_date                                  
0000280e  last_dt                                   
00002812  button_pressed                            
00002814  seconds                                   
00002816  last_point_dt                             
00002818  last_points_count                         
0000281a  recs                                      
0000281c  buffer_offset                             
0000281e  course                                    
00002822  speed                                     
00002826  lat_prev                                  
0000282a  lon_prev                                  
0000282e  alt_prev                                  
00002832  course_prev                               
00002836  speed_prev                                
0000283a  dt_prev                                   
0000283e  dt                                        
00002842  lat                                       
00002846  lon                                       
0000284a  alt                                       
0000284e  z                                         
00002878  _tz                                       
00002886  radio_tx_pos                              
00002888  radio_queue_size                          
0000288a  _last_rssi_raw                            
0000288c  _last_lqi_raw                             
0000288e  hasDataToTx                               
0000288f  transmitting                              
00002890  receiving                                 
00002892  __TI_cleanup_ptr                          
00002896  __TI_dtors_ptr                            
0000289a  _lock                                     
0000289e  _unlock                                   
000028a2  uart_rx_data_size                         
000028a4  start_sentence                            
000028a6  i2c_rx_pos                                
000028a8  __TI_ft_end                               
000028aa  errno                                     
000028ac  __TI_enable_exit_profile_output           
000028b4  _sys_memory                               
000029f4  _CIOBUF_                                  
00002bac  _stack                                    
00002bfc  __STACK_END                               
00008000  _Z10parse_nmeav                           
00008578  __TI_frcdivd                              
000089f0  __mktime32                                
000089f0  mktime                                    
00008d64  __mspabi_divull                           
000090b2  __mspabi_addd                             
00009388  strtod                                    
00009388  strtold                                   
00009648  __TI_frcmpyd                              
000098ce  __mspabi_mpyd                             
00009da8  __TI_frcaddd                              
0000a464  __mspabi_divd                             
0000a684  __TI_printfi                              
0000ac70  ldexp                                     
0000ac70  ldexpl                                    
0000ac70  scalbn                                    
0000ac70  scalbnl                                   
0000afa8  main                                      
0000b280  _Z24controller_control_framePcllllll      
0000b68a  __mspabi_divlli                           
0000bad0  __TI_decompress_lzss                      
0000bbbe  _Z15mmcReadCardSizev                      
0000bcaa  fputs                                     
0000bd88  __mspabi_cmpd                             
0000be60  _Z7set_bitP15Controller_bytei             
0000bf30  setvbuf                                   
0000bffc  __TI_renormd                              
0000c0ae  copy_in                                   
0000c160  frexp                                     
0000c160  frexpl                                    
0000c212  malloc                                    
0000c2c0  _Z11USCI_A0_ISRv                          
0000c366  SetVCoreUp                                
0000c40a  __mspabi_fltlid                           
0000c546  HOSTlseek                                 
0000c5e2  _auto_init_hold_wdt                       
0000c678  USCI_A_UART_init                          
0000c70c  fputc                                     
0000c70c  putc                                      
0000c798  Strobe                                    
0000c936  SetVCoreDown                              
0000c9ba  _Z10CC1101_ISRv                           
0000ca3a  free                                      
0000caba  ltoa                                      
0000cb36  __TI_wrt_ok                               
0000cbb0  _Z12flush_sectorv                         
0000cc26  _Z12mmcReadBlockmmPh                      
0000cc9a  _Z13mmcWriteBlockmmPh                     
0000cd82  _Z14uart_configurev                       
0000cdf2  HOSTrename                                
0000ce5c  fseek                                     
0000cec6  __TI_closefile                            
0000cf2e  __mspabi_fixdli                           
0000cf94  HOSTopen                                  
0000cff8  __TI_doflush                              
0000d05a  HOSTwrite                                 
0000d0ba  HOSTread                                  
0000d118  __mspabi_mpyll_f5hw                       
0000d174  __mspabi_divul                            
0000d174  __mspabi_remul                            
0000d220  _Z9mmcGoIdlev                             
0000d272  atoi                                      
0000d2c4  ReadBurstReg                              
0000d314  __mspabi_remlli                           
0000d364  _Z11USCI_B0_ISRv                          
0000d3b0  close                                     
0000d3fa  strtok                                    
0000d444  _Z10mmcSendCmdcmc                         
0000d4d4  exit                                      
0000d51c  HOSTclose                                 
0000d562  _Z12mmcCheckBusyv                         
0000d5a8  HOSTunlink                                
0000d5ea  __memcpy_far                              
0000d62a  __mspabi_srall                            
0000d66a  printf                                    
0000d6aa  __mspabi_divli                            
0000d6aa  __mspabi_remli                            
0000d6ea  _Z17mmcSetBlockLengthm                    
0000d728  _Z17spi_bitbang_inouth                    
0000d766  __TI_zero_init                            
0000d7a4  __mspabi_sral_15                          
0000d7a8  __mspabi_sral_14                          
0000d7ac  __mspabi_sral_13                          
0000d7b0  __mspabi_sral_12                          
0000d7b4  __mspabi_sral_11                          
0000d7b8  __mspabi_sral_10                          
0000d7bc  __mspabi_sral_9                           
0000d7c0  __mspabi_sral_8                           
0000d7c4  __mspabi_sral_7                           
0000d7c8  __mspabi_sral_6                           
0000d7cc  __mspabi_sral_5                           
0000d7d0  __mspabi_sral_4                           
0000d7d4  __mspabi_sral_3                           
0000d7d8  __mspabi_sral_2                           
0000d7dc  __mspabi_sral_1                           
0000d7e2  __mspabi_slll_15                          
0000d7e6  __mspabi_slll_14                          
0000d7ea  __mspabi_slll_13                          
0000d7ee  __mspabi_slll_12                          
0000d7f2  __mspabi_slll_11                          
0000d7f6  __mspabi_slll_10                          
0000d7fa  __mspabi_slll_9                           
0000d7fe  __mspabi_slll_8                           
0000d802  __mspabi_slll_7                           
0000d806  __mspabi_slll_6                           
0000d80a  __mspabi_slll_5                           
0000d80e  __mspabi_slll_4                           
0000d812  __mspabi_slll_3                           
0000d816  __mspabi_slll_2                           
0000d81a  __mspabi_slll_1                           
0000d820  __mspabi_srll_15                          
0000d824  __mspabi_srll_14                          
0000d828  __mspabi_srll_13                          
0000d82c  __mspabi_srll_12                          
0000d830  __mspabi_srll_11                          
0000d834  __mspabi_srll_10                          
0000d838  __mspabi_srll_9                           
0000d83c  __mspabi_srll_8                           
0000d840  __mspabi_srll_7                           
0000d844  __mspabi_srll_6                           
0000d848  __mspabi_srll_5                           
0000d84c  __mspabi_srll_4                           
0000d850  __mspabi_srll_3                           
0000d854  __mspabi_srll_2                           
0000d858  __mspabi_srll_1                           
0000d85e  SetVCore                                  
0000d89a  __TI_decompress_none                      
0000d8d6  _Z15_mmcWriteSectormPv                    
0000d910  _Z15led_blink_hellov                      
0000d94a  _Z7mmcInitv                               
0000d984  __mspabi_sllll                            
0000d9be  __mspabi_srlll                            
0000d9f8  _Z21controller_diff_framePciiiii          
0000da30  minit                                     
0000da68  _Z14set_radio_gainb                       
0000da9e  strstr                                    
0000dad4  __TI_cleanup                              
0000db06  _Z9init_gpiov                             
0000db34  __TI_writemsg                             
0000db5e  C$$IO$$                                   
0000db62  __mspabi_subd                             
0000db90  copysign                                  
0000db90  copysignl                                 
0000dbec  _Z12spiReadFramePhj                       
0000dc18  _Z12spiSendFramePhj                       
0000dc44  __TI_readmsg                              
0000dc70  _Z13TIMER1_A0_ISRv                        
0000dc9c  __mspabi_divi                             
0000dc9c  __mspabi_remi                             
0000dcc8  strncpy                                   
0000dcf4  __mspabi_negd                             
0000dd1e  strncmp                                   
0000dd48  remove                                    
0000dd48  unlink                                    
0000dd72  ReadSingleReg                             
0000dd9a  _Z5atoinPKci                              
0000ddc2  __mspabi_fixdi                            
0000ddea  strcspn                                   
0000de12  strspn                                    
0000de3a  GPIO_setAsInputPinWithPullUpResistor      
0000de60  lseek                                     
0000de86  __mspabi_mpyl_f5hw                        
0000deaa  write                                     
0000dece  _Z10ReceiveOffv                           
0000def0  _Z9ReceiveOnv                             
0000df10  _Z14mmcGetResponsev                       
0000df2e  _Z16mmcGetXXResponsec                     
0000df4c  _Z9port2_isrv                             
0000df6a  _c_int00_noargs                           
0000df86  GPIO_setAsOutputPin                       
0000dfa0  GPIO_setAsPeripheralModuleFunctionInputPin
0000dfba  _Z13TIMER0_A0_ISRv                        
0000dfd4  memccpy                                   
0000dfee  strchr                                    
0000e008  __mspabi_mpyi_f5hw                        
0000e020  strcmp                                    
0000e038  GPIO_setOutputHighOnPin                   
0000e04e  GPIO_setOutputLowOnPin                    
0000e064  GPIO_toggleOutputOnPin                    
0000e07a  llabs                                     
0000e090  __mspabi_divu                             
0000e090  __mspabi_remu                             
0000e0a6  USCI_A_UART_enableInterrupt               
0000e0ba  WDT_A_resetTimer                          
0000e0ce  WDT_A_start                               
0000e0e2  WriteSingleReg                            
0000e0f6  memchr                                    
0000e10a  memset                                    
0000e11e  USCI_A_UART_receiveData                   
0000e130  memcpy                                    
0000e142  WDT_A_initWatchdogTimer                   
0000e152  __mspabi_sral                             
0000e162  __mspabi_slll                             
0000e172  __mspabi_srll                             
0000e182  strcpy                                    
0000e192  _Z18set_event_radio_rxb                   
0000e1a0  strlen                                    
0000e1ae  _Z12radio_listenv                         
0000e1ba  __mspabi_fltid                            
0000e1c6  toupper                                   
0000e1d2  _Z11spiSendByteh                          
0000e1dc  abs                                       
0000e1e6  Timer_A_getCaptureCompareCount            
0000e1ee  Timer_A_setCompareValue                   
0000e1f6  Timer_A_stop                              
0000e1fe  _Z16write_magic_byteP15Controller_bytei   
0000e206  __TI_ISR_TRAP                             
0000e20e  USCI_A_UART_clearInterrupt                
0000e214  USCI_A_UART_enable                        
0000e21a  USCI_B_I2C_slaveGetData                   
0000e220  _Z16set_event_i2c_rxb                     
0000e226  _Z22set_event_radio_sendedb               
0000e22c  _Z29set_event_sync_timer_finishedb        
0000e232  _Z30set_event_short_timer_finishedb       
0000e23e  C$$EXIT                                   
0000e23e  abort                                     
0000e244  atof                                      
0000e24e  _system_pre_init                          
0000e252  _Z11halSPISetupv                          
0000e254  _nop                                      
0000e256  _system_post_cinit                        
0000e258  _ctypes_                                  
0000e522  __TI_Handler_Table_Base                   
0000e52e  __TI_Handler_Table_Limit                  
0000e534  __TI_CINIT_Base                           
0000e544  __TI_CINIT_Limit                          
0000ffda  __TI_int45                                
0000ffdc  __TI_int46                                
0000ffde  __TI_int47                                
0000ffe0  __TI_int48                                
0000ffe2  __TI_int49                                
0000ffe4  __TI_int50                                
0000ffe6  __TI_int51                                
0000ffe8  __TI_int52                                
0000ffea  __TI_int53                                
0000ffec  __TI_int54                                
0000ffee  __TI_int55                                
0000fff0  __TI_int56                                
0000fff2  __TI_int57                                
0000fff4  __TI_int58                                
0000fff6  __TI_int59                                
0000fff8  __TI_int60                                
0000fffa  __TI_int61                                
0000fffc  __TI_int62                                
0000fffe  _reset_vector                             
ffffffff  __TI_pprof_out_hndl                       
ffffffff  __TI_prof_data_size                       
ffffffff  __TI_prof_data_start                      
ffffffff  __c_args__                                
UNDEFED   __TI_BINIT_Base                           
UNDEFED   __TI_BINIT_Limit                          
UNDEFED   __TI_INITARRAY_Base                       
UNDEFED   __TI_INITARRAY_Limit                      

[1020 symbols]
