<?xml version="1.0"?>
<link_info>
   <banner>MSP430 Linker PC v16.9.2.LTS</banner>
   <copyright>Copyright (c) 2003-2017 Texas Instruments Incorporated</copyright>
   <link_time>0x58c2d1ce</link_time>
   <link_errors>0x0</link_errors>
   <output_file>GPS.out</output_file>
   <entry_point>
      <name>_c_int00_noargs</name>
      <address>0xdf6a</address>
   </entry_point>
   <input_file_list>
      <input_file id="fl-2">
         <path>.\</path>
         <kind>object</kind>
         <file>RF1A.obj</file>
         <name>RF1A.obj</name>
      </input_file>
      <input_file id="fl-3">
         <path>.\</path>
         <kind>object</kind>
         <file>RfRegSettings.obj</file>
         <name>RfRegSettings.obj</name>
      </input_file>
      <input_file id="fl-4">
         <path>.\</path>
         <kind>object</kind>
         <file>config.obj</file>
         <name>config.obj</name>
      </input_file>
      <input_file id="fl-5">
         <path>.\</path>
         <kind>object</kind>
         <file>events.obj</file>
         <name>events.obj</name>
      </input_file>
      <input_file id="fl-6">
         <path>.\</path>
         <kind>object</kind>
         <file>gps.obj</file>
         <name>gps.obj</name>
      </input_file>
      <input_file id="fl-7">
         <path>.\</path>
         <kind>object</kind>
         <file>hal_SPI.obj</file>
         <name>hal_SPI.obj</name>
      </input_file>
      <input_file id="fl-8">
         <path>.\</path>
         <kind>object</kind>
         <file>hal_pmm.obj</file>
         <name>hal_pmm.obj</name>
      </input_file>
      <input_file id="fl-9">
         <path>.\</path>
         <kind>object</kind>
         <file>i2c.obj</file>
         <name>i2c.obj</name>
      </input_file>
      <input_file id="fl-a">
         <path>.\</path>
         <kind>object</kind>
         <file>main.obj</file>
         <name>main.obj</name>
      </input_file>
      <input_file id="fl-b">
         <path>.\</path>
         <kind>object</kind>
         <file>mmc.obj</file>
         <name>mmc.obj</name>
      </input_file>
      <input_file id="fl-c">
         <path>.\</path>
         <kind>object</kind>
         <file>radio.obj</file>
         <name>radio.obj</name>
      </input_file>
      <input_file id="fl-d">
         <path>.\</path>
         <kind>object</kind>
         <file>timers.obj</file>
         <name>timers.obj</name>
      </input_file>
      <input_file id="fl-e">
         <path>.\</path>
         <kind>object</kind>
         <file>uart.obj</file>
         <name>uart.obj</name>
      </input_file>
      <input_file id="fl-f">
         <path>.\driverlib\MSP430F5xx_6xx\</path>
         <kind>object</kind>
         <file>adc10_a.obj</file>
         <name>adc10_a.obj</name>
      </input_file>
      <input_file id="fl-10">
         <path>.\driverlib\MSP430F5xx_6xx\</path>
         <kind>object</kind>
         <file>adc12_a.obj</file>
         <name>adc12_a.obj</name>
      </input_file>
      <input_file id="fl-11">
         <path>.\driverlib\MSP430F5xx_6xx\</path>
         <kind>object</kind>
         <file>aes.obj</file>
         <name>aes.obj</name>
      </input_file>
      <input_file id="fl-12">
         <path>.\driverlib\MSP430F5xx_6xx\</path>
         <kind>object</kind>
         <file>battbak.obj</file>
         <name>battbak.obj</name>
      </input_file>
      <input_file id="fl-13">
         <path>.\driverlib\MSP430F5xx_6xx\</path>
         <kind>object</kind>
         <file>comp_b.obj</file>
         <name>comp_b.obj</name>
      </input_file>
      <input_file id="fl-14">
         <path>.\driverlib\MSP430F5xx_6xx\</path>
         <kind>object</kind>
         <file>crc.obj</file>
         <name>crc.obj</name>
      </input_file>
      <input_file id="fl-15">
         <path>.\driverlib\MSP430F5xx_6xx\</path>
         <kind>object</kind>
         <file>ctsd16.obj</file>
         <name>ctsd16.obj</name>
      </input_file>
      <input_file id="fl-16">
         <path>.\driverlib\MSP430F5xx_6xx\</path>
         <kind>object</kind>
         <file>dac12_a.obj</file>
         <name>dac12_a.obj</name>
      </input_file>
      <input_file id="fl-17">
         <path>.\driverlib\MSP430F5xx_6xx\</path>
         <kind>object</kind>
         <file>dma.obj</file>
         <name>dma.obj</name>
      </input_file>
      <input_file id="fl-18">
         <path>.\driverlib\MSP430F5xx_6xx\</path>
         <kind>object</kind>
         <file>eusci_a_spi.obj</file>
         <name>eusci_a_spi.obj</name>
      </input_file>
      <input_file id="fl-19">
         <path>.\driverlib\MSP430F5xx_6xx\</path>
         <kind>object</kind>
         <file>eusci_a_uart.obj</file>
         <name>eusci_a_uart.obj</name>
      </input_file>
      <input_file id="fl-1a">
         <path>.\driverlib\MSP430F5xx_6xx\</path>
         <kind>object</kind>
         <file>eusci_b_i2c.obj</file>
         <name>eusci_b_i2c.obj</name>
      </input_file>
      <input_file id="fl-1b">
         <path>.\driverlib\MSP430F5xx_6xx\</path>
         <kind>object</kind>
         <file>eusci_b_spi.obj</file>
         <name>eusci_b_spi.obj</name>
      </input_file>
      <input_file id="fl-1c">
         <path>.\driverlib\MSP430F5xx_6xx\</path>
         <kind>object</kind>
         <file>flashctl.obj</file>
         <name>flashctl.obj</name>
      </input_file>
      <input_file id="fl-1d">
         <path>.\driverlib\MSP430F5xx_6xx\</path>
         <kind>object</kind>
         <file>gpio.obj</file>
         <name>gpio.obj</name>
      </input_file>
      <input_file id="fl-1e">
         <path>.\driverlib\MSP430F5xx_6xx\</path>
         <kind>object</kind>
         <file>lcd_b.obj</file>
         <name>lcd_b.obj</name>
      </input_file>
      <input_file id="fl-1f">
         <path>.\driverlib\MSP430F5xx_6xx\</path>
         <kind>object</kind>
         <file>ldopwr.obj</file>
         <name>ldopwr.obj</name>
      </input_file>
      <input_file id="fl-20">
         <path>.\driverlib\MSP430F5xx_6xx\</path>
         <kind>object</kind>
         <file>mpy32.obj</file>
         <name>mpy32.obj</name>
      </input_file>
      <input_file id="fl-21">
         <path>.\driverlib\MSP430F5xx_6xx\</path>
         <kind>object</kind>
         <file>oa.obj</file>
         <name>oa.obj</name>
      </input_file>
      <input_file id="fl-22">
         <path>.\driverlib\MSP430F5xx_6xx\</path>
         <kind>object</kind>
         <file>pmap.obj</file>
         <name>pmap.obj</name>
      </input_file>
      <input_file id="fl-23">
         <path>.\driverlib\MSP430F5xx_6xx\</path>
         <kind>object</kind>
         <file>pmm.obj</file>
         <name>pmm.obj</name>
      </input_file>
      <input_file id="fl-24">
         <path>.\driverlib\MSP430F5xx_6xx\</path>
         <kind>object</kind>
         <file>ram.obj</file>
         <name>ram.obj</name>
      </input_file>
      <input_file id="fl-25">
         <path>.\driverlib\MSP430F5xx_6xx\</path>
         <kind>object</kind>
         <file>ref.obj</file>
         <name>ref.obj</name>
      </input_file>
      <input_file id="fl-26">
         <path>.\driverlib\MSP430F5xx_6xx\</path>
         <kind>object</kind>
         <file>rtc_a.obj</file>
         <name>rtc_a.obj</name>
      </input_file>
      <input_file id="fl-27">
         <path>.\driverlib\MSP430F5xx_6xx\</path>
         <kind>object</kind>
         <file>rtc_b.obj</file>
         <name>rtc_b.obj</name>
      </input_file>
      <input_file id="fl-28">
         <path>.\driverlib\MSP430F5xx_6xx\</path>
         <kind>object</kind>
         <file>rtc_c.obj</file>
         <name>rtc_c.obj</name>
      </input_file>
      <input_file id="fl-29">
         <path>.\driverlib\MSP430F5xx_6xx\</path>
         <kind>object</kind>
         <file>sd24_b.obj</file>
         <name>sd24_b.obj</name>
      </input_file>
      <input_file id="fl-2a">
         <path>.\driverlib\MSP430F5xx_6xx\</path>
         <kind>object</kind>
         <file>sfr.obj</file>
         <name>sfr.obj</name>
      </input_file>
      <input_file id="fl-2b">
         <path>.\driverlib\MSP430F5xx_6xx\</path>
         <kind>object</kind>
         <file>sysctl.obj</file>
         <name>sysctl.obj</name>
      </input_file>
      <input_file id="fl-2c">
         <path>.\driverlib\MSP430F5xx_6xx\</path>
         <kind>object</kind>
         <file>tec.obj</file>
         <name>tec.obj</name>
      </input_file>
      <input_file id="fl-2d">
         <path>.\driverlib\MSP430F5xx_6xx\</path>
         <kind>object</kind>
         <file>timer_a.obj</file>
         <name>timer_a.obj</name>
      </input_file>
      <input_file id="fl-2e">
         <path>.\driverlib\MSP430F5xx_6xx\</path>
         <kind>object</kind>
         <file>timer_b.obj</file>
         <name>timer_b.obj</name>
      </input_file>
      <input_file id="fl-2f">
         <path>.\driverlib\MSP430F5xx_6xx\</path>
         <kind>object</kind>
         <file>timer_d.obj</file>
         <name>timer_d.obj</name>
      </input_file>
      <input_file id="fl-30">
         <path>.\driverlib\MSP430F5xx_6xx\</path>
         <kind>object</kind>
         <file>tlv.obj</file>
         <name>tlv.obj</name>
      </input_file>
      <input_file id="fl-31">
         <path>.\driverlib\MSP430F5xx_6xx\</path>
         <kind>object</kind>
         <file>ucs.obj</file>
         <name>ucs.obj</name>
      </input_file>
      <input_file id="fl-32">
         <path>.\driverlib\MSP430F5xx_6xx\</path>
         <kind>object</kind>
         <file>usci_a_spi.obj</file>
         <name>usci_a_spi.obj</name>
      </input_file>
      <input_file id="fl-33">
         <path>.\driverlib\MSP430F5xx_6xx\</path>
         <kind>object</kind>
         <file>usci_a_uart.obj</file>
         <name>usci_a_uart.obj</name>
      </input_file>
      <input_file id="fl-34">
         <path>.\driverlib\MSP430F5xx_6xx\</path>
         <kind>object</kind>
         <file>usci_b_i2c.obj</file>
         <name>usci_b_i2c.obj</name>
      </input_file>
      <input_file id="fl-35">
         <path>.\driverlib\MSP430F5xx_6xx\</path>
         <kind>object</kind>
         <file>usci_b_spi.obj</file>
         <name>usci_b_spi.obj</name>
      </input_file>
      <input_file id="fl-36">
         <path>.\driverlib\MSP430F5xx_6xx\</path>
         <kind>object</kind>
         <file>wdt_a.obj</file>
         <name>wdt_a.obj</name>
      </input_file>
      <input_file id="fl-3c">
         <kind>object</kind>
         <file>&lt;internal&gt;</file>
         <name>&lt;internal&gt;</name>
      </input_file>
      <input_file id="fl-57">
         <path>C:\ti\ccsv7\tools\compiler\ti-cgt-msp430_16.9.2.LTS\lib\</path>
         <kind>archive</kind>
         <file>rts430x_lc_sd_eabi.lib</file>
         <name>abs.obj</name>
      </input_file>
      <input_file id="fl-58">
         <path>C:\ti\ccsv7\tools\compiler\ti-cgt-msp430_16.9.2.LTS\lib\</path>
         <kind>archive</kind>
         <file>rts430x_lc_sd_eabi.lib</file>
         <name>addd.obj</name>
      </input_file>
      <input_file id="fl-59">
         <path>C:\ti\ccsv7\tools\compiler\ti-cgt-msp430_16.9.2.LTS\lib\</path>
         <kind>archive</kind>
         <file>rts430x_lc_sd_eabi.lib</file>
         <name>asr32.obj</name>
      </input_file>
      <input_file id="fl-5a">
         <path>C:\ti\ccsv7\tools\compiler\ti-cgt-msp430_16.9.2.LTS\lib\</path>
         <kind>archive</kind>
         <file>rts430x_lc_sd_eabi.lib</file>
         <name>atof.obj</name>
      </input_file>
      <input_file id="fl-5b">
         <path>C:\ti\ccsv7\tools\compiler\ti-cgt-msp430_16.9.2.LTS\lib\</path>
         <kind>archive</kind>
         <file>rts430x_lc_sd_eabi.lib</file>
         <name>atoi.obj</name>
      </input_file>
      <input_file id="fl-5c">
         <path>C:\ti\ccsv7\tools\compiler\ti-cgt-msp430_16.9.2.LTS\lib\</path>
         <kind>archive</kind>
         <file>rts430x_lc_sd_eabi.lib</file>
         <name>boot.obj</name>
      </input_file>
      <input_file id="fl-5d">
         <path>C:\ti\ccsv7\tools\compiler\ti-cgt-msp430_16.9.2.LTS\lib\</path>
         <kind>archive</kind>
         <file>rts430x_lc_sd_eabi.lib</file>
         <name>boot_special.obj</name>
      </input_file>
      <input_file id="fl-5e">
         <path>C:\ti\ccsv7\tools\compiler\ti-cgt-msp430_16.9.2.LTS\lib\</path>
         <kind>archive</kind>
         <file>rts430x_lc_sd_eabi.lib</file>
         <name>copy_decompress_lzss.obj</name>
      </input_file>
      <input_file id="fl-5f">
         <path>C:\ti\ccsv7\tools\compiler\ti-cgt-msp430_16.9.2.LTS\lib\</path>
         <kind>archive</kind>
         <file>rts430x_lc_sd_eabi.lib</file>
         <name>copy_decompress_none.obj</name>
      </input_file>
      <input_file id="fl-60">
         <path>C:\ti\ccsv7\tools\compiler\ti-cgt-msp430_16.9.2.LTS\lib\</path>
         <kind>archive</kind>
         <file>rts430x_lc_sd_eabi.lib</file>
         <name>copy_zero_init.obj</name>
      </input_file>
      <input_file id="fl-61">
         <path>C:\ti\ccsv7\tools\compiler\ti-cgt-msp430_16.9.2.LTS\lib\</path>
         <kind>archive</kind>
         <file>rts430x_lc_sd_eabi.lib</file>
         <name>cpy_util.obj</name>
      </input_file>
      <input_file id="fl-62">
         <path>C:\ti\ccsv7\tools\compiler\ti-cgt-msp430_16.9.2.LTS\lib\</path>
         <kind>archive</kind>
         <file>rts430x_lc_sd_eabi.lib</file>
         <name>ctype.obj</name>
      </input_file>
      <input_file id="fl-63">
         <path>C:\ti\ccsv7\tools\compiler\ti-cgt-msp430_16.9.2.LTS\lib\</path>
         <kind>archive</kind>
         <file>rts430x_lc_sd_eabi.lib</file>
         <name>div16s.obj</name>
      </input_file>
      <input_file id="fl-64">
         <path>C:\ti\ccsv7\tools\compiler\ti-cgt-msp430_16.9.2.LTS\lib\</path>
         <kind>archive</kind>
         <file>rts430x_lc_sd_eabi.lib</file>
         <name>div16u.obj</name>
      </input_file>
      <input_file id="fl-65">
         <path>C:\ti\ccsv7\tools\compiler\ti-cgt-msp430_16.9.2.LTS\lib\</path>
         <kind>archive</kind>
         <file>rts430x_lc_sd_eabi.lib</file>
         <name>div32s.obj</name>
      </input_file>
      <input_file id="fl-66">
         <path>C:\ti\ccsv7\tools\compiler\ti-cgt-msp430_16.9.2.LTS\lib\</path>
         <kind>archive</kind>
         <file>rts430x_lc_sd_eabi.lib</file>
         <name>div32u.obj</name>
      </input_file>
      <input_file id="fl-67">
         <path>C:\ti\ccsv7\tools\compiler\ti-cgt-msp430_16.9.2.LTS\lib\</path>
         <kind>archive</kind>
         <file>rts430x_lc_sd_eabi.lib</file>
         <name>divd.obj</name>
      </input_file>
      <input_file id="fl-68">
         <path>C:\ti\ccsv7\tools\compiler\ti-cgt-msp430_16.9.2.LTS\lib\</path>
         <kind>archive</kind>
         <file>rts430x_lc_sd_eabi.lib</file>
         <name>exit.obj</name>
      </input_file>
      <input_file id="fl-69">
         <path>C:\ti\ccsv7\tools\compiler\ti-cgt-msp430_16.9.2.LTS\lib\</path>
         <kind>archive</kind>
         <file>rts430x_lc_sd_eabi.lib</file>
         <name>exit_gvars.obj</name>
      </input_file>
      <input_file id="fl-6a">
         <path>C:\ti\ccsv7\tools\compiler\ti-cgt-msp430_16.9.2.LTS\lib\</path>
         <kind>archive</kind>
         <file>rts430x_lc_sd_eabi.lib</file>
         <name>fixdli.obj</name>
      </input_file>
      <input_file id="fl-6b">
         <path>C:\ti\ccsv7\tools\compiler\ti-cgt-msp430_16.9.2.LTS\lib\</path>
         <kind>archive</kind>
         <file>rts430x_lc_sd_eabi.lib</file>
         <name>fltid.obj</name>
      </input_file>
      <input_file id="fl-6c">
         <path>C:\ti\ccsv7\tools\compiler\ti-cgt-msp430_16.9.2.LTS\lib\</path>
         <kind>archive</kind>
         <file>rts430x_lc_sd_eabi.lib</file>
         <name>fltlid.obj</name>
      </input_file>
      <input_file id="fl-6d">
         <path>C:\ti\ccsv7\tools\compiler\ti-cgt-msp430_16.9.2.LTS\lib\</path>
         <kind>archive</kind>
         <file>rts430x_lc_sd_eabi.lib</file>
         <name>frcaddd.obj</name>
      </input_file>
      <input_file id="fl-6e">
         <path>C:\ti\ccsv7\tools\compiler\ti-cgt-msp430_16.9.2.LTS\lib\</path>
         <kind>archive</kind>
         <file>rts430x_lc_sd_eabi.lib</file>
         <name>frcdivd.obj</name>
      </input_file>
      <input_file id="fl-6f">
         <path>C:\ti\ccsv7\tools\compiler\ti-cgt-msp430_16.9.2.LTS\lib\</path>
         <kind>archive</kind>
         <file>rts430x_lc_sd_eabi.lib</file>
         <name>int45.obj</name>
      </input_file>
      <input_file id="fl-70">
         <path>C:\ti\ccsv7\tools\compiler\ti-cgt-msp430_16.9.2.LTS\lib\</path>
         <kind>archive</kind>
         <file>rts430x_lc_sd_eabi.lib</file>
         <name>int46.obj</name>
      </input_file>
      <input_file id="fl-71">
         <path>C:\ti\ccsv7\tools\compiler\ti-cgt-msp430_16.9.2.LTS\lib\</path>
         <kind>archive</kind>
         <file>rts430x_lc_sd_eabi.lib</file>
         <name>int47.obj</name>
      </input_file>
      <input_file id="fl-72">
         <path>C:\ti\ccsv7\tools\compiler\ti-cgt-msp430_16.9.2.LTS\lib\</path>
         <kind>archive</kind>
         <file>rts430x_lc_sd_eabi.lib</file>
         <name>int49.obj</name>
      </input_file>
      <input_file id="fl-73">
         <path>C:\ti\ccsv7\tools\compiler\ti-cgt-msp430_16.9.2.LTS\lib\</path>
         <kind>archive</kind>
         <file>rts430x_lc_sd_eabi.lib</file>
         <name>int50.obj</name>
      </input_file>
      <input_file id="fl-74">
         <path>C:\ti\ccsv7\tools\compiler\ti-cgt-msp430_16.9.2.LTS\lib\</path>
         <kind>archive</kind>
         <file>rts430x_lc_sd_eabi.lib</file>
         <name>int52.obj</name>
      </input_file>
      <input_file id="fl-75">
         <path>C:\ti\ccsv7\tools\compiler\ti-cgt-msp430_16.9.2.LTS\lib\</path>
         <kind>archive</kind>
         <file>rts430x_lc_sd_eabi.lib</file>
         <name>int54.obj</name>
      </input_file>
      <input_file id="fl-76">
         <path>C:\ti\ccsv7\tools\compiler\ti-cgt-msp430_16.9.2.LTS\lib\</path>
         <kind>archive</kind>
         <file>rts430x_lc_sd_eabi.lib</file>
         <name>int56.obj</name>
      </input_file>
      <input_file id="fl-77">
         <path>C:\ti\ccsv7\tools\compiler\ti-cgt-msp430_16.9.2.LTS\lib\</path>
         <kind>archive</kind>
         <file>rts430x_lc_sd_eabi.lib</file>
         <name>int59.obj</name>
      </input_file>
      <input_file id="fl-78">
         <path>C:\ti\ccsv7\tools\compiler\ti-cgt-msp430_16.9.2.LTS\lib\</path>
         <kind>archive</kind>
         <file>rts430x_lc_sd_eabi.lib</file>
         <name>int60.obj</name>
      </input_file>
      <input_file id="fl-79">
         <path>C:\ti\ccsv7\tools\compiler\ti-cgt-msp430_16.9.2.LTS\lib\</path>
         <kind>archive</kind>
         <file>rts430x_lc_sd_eabi.lib</file>
         <name>int61.obj</name>
      </input_file>
      <input_file id="fl-7a">
         <path>C:\ti\ccsv7\tools\compiler\ti-cgt-msp430_16.9.2.LTS\lib\</path>
         <kind>archive</kind>
         <file>rts430x_lc_sd_eabi.lib</file>
         <name>int62.obj</name>
      </input_file>
      <input_file id="fl-7b">
         <path>C:\ti\ccsv7\tools\compiler\ti-cgt-msp430_16.9.2.LTS\lib\</path>
         <kind>archive</kind>
         <file>rts430x_lc_sd_eabi.lib</file>
         <name>isr_trap.obj</name>
      </input_file>
      <input_file id="fl-7c">
         <path>C:\ti\ccsv7\tools\compiler\ti-cgt-msp430_16.9.2.LTS\lib\</path>
         <kind>archive</kind>
         <file>rts430x_lc_sd_eabi.lib</file>
         <name>lsl16.obj</name>
      </input_file>
      <input_file id="fl-7d">
         <path>C:\ti\ccsv7\tools\compiler\ti-cgt-msp430_16.9.2.LTS\lib\</path>
         <kind>archive</kind>
         <file>rts430x_lc_sd_eabi.lib</file>
         <name>lsl32.obj</name>
      </input_file>
      <input_file id="fl-7e">
         <path>C:\ti\ccsv7\tools\compiler\ti-cgt-msp430_16.9.2.LTS\lib\</path>
         <kind>archive</kind>
         <file>rts430x_lc_sd_eabi.lib</file>
         <name>lsr16.obj</name>
      </input_file>
      <input_file id="fl-7f">
         <path>C:\ti\ccsv7\tools\compiler\ti-cgt-msp430_16.9.2.LTS\lib\</path>
         <kind>archive</kind>
         <file>rts430x_lc_sd_eabi.lib</file>
         <name>lsr32.obj</name>
      </input_file>
      <input_file id="fl-80">
         <path>C:\ti\ccsv7\tools\compiler\ti-cgt-msp430_16.9.2.LTS\lib\</path>
         <kind>archive</kind>
         <file>rts430x_lc_sd_eabi.lib</file>
         <name>lsr64.obj</name>
      </input_file>
      <input_file id="fl-81">
         <path>C:\ti\ccsv7\tools\compiler\ti-cgt-msp430_16.9.2.LTS\lib\</path>
         <kind>archive</kind>
         <file>rts430x_lc_sd_eabi.lib</file>
         <name>memcpy.obj</name>
      </input_file>
      <input_file id="fl-82">
         <path>C:\ti\ccsv7\tools\compiler\ti-cgt-msp430_16.9.2.LTS\lib\</path>
         <kind>archive</kind>
         <file>rts430x_lc_sd_eabi.lib</file>
         <name>memset.obj</name>
      </input_file>
      <input_file id="fl-83">
         <path>C:\ti\ccsv7\tools\compiler\ti-cgt-msp430_16.9.2.LTS\lib\</path>
         <kind>archive</kind>
         <file>rts430x_lc_sd_eabi.lib</file>
         <name>mktime.obj</name>
      </input_file>
      <input_file id="fl-84">
         <path>C:\ti\ccsv7\tools\compiler\ti-cgt-msp430_16.9.2.LTS\lib\</path>
         <kind>archive</kind>
         <file>rts430x_lc_sd_eabi.lib</file>
         <name>mpu_init.obj</name>
      </input_file>
      <input_file id="fl-85">
         <path>C:\ti\ccsv7\tools\compiler\ti-cgt-msp430_16.9.2.LTS\lib\</path>
         <kind>archive</kind>
         <file>rts430x_lc_sd_eabi.lib</file>
         <name>mpyd.obj</name>
      </input_file>
      <input_file id="fl-86">
         <path>C:\ti\ccsv7\tools\compiler\ti-cgt-msp430_16.9.2.LTS\lib\</path>
         <kind>archive</kind>
         <file>rts430x_lc_sd_eabi.lib</file>
         <name>mult16.obj</name>
      </input_file>
      <input_file id="fl-87">
         <path>C:\ti\ccsv7\tools\compiler\ti-cgt-msp430_16.9.2.LTS\lib\</path>
         <kind>archive</kind>
         <file>rts430x_lc_sd_eabi.lib</file>
         <name>mult1632_f5hw.obj</name>
      </input_file>
      <input_file id="fl-88">
         <path>C:\ti\ccsv7\tools\compiler\ti-cgt-msp430_16.9.2.LTS\lib\</path>
         <kind>archive</kind>
         <file>rts430x_lc_sd_eabi.lib</file>
         <name>mult16_f5hw.obj</name>
      </input_file>
      <input_file id="fl-89">
         <path>C:\ti\ccsv7\tools\compiler\ti-cgt-msp430_16.9.2.LTS\lib\</path>
         <kind>archive</kind>
         <file>rts430x_lc_sd_eabi.lib</file>
         <name>mult32.obj</name>
      </input_file>
      <input_file id="fl-8a">
         <path>C:\ti\ccsv7\tools\compiler\ti-cgt-msp430_16.9.2.LTS\lib\</path>
         <kind>archive</kind>
         <file>rts430x_lc_sd_eabi.lib</file>
         <name>mult3264_f5hw.obj</name>
      </input_file>
      <input_file id="fl-8b">
         <path>C:\ti\ccsv7\tools\compiler\ti-cgt-msp430_16.9.2.LTS\lib\</path>
         <kind>archive</kind>
         <file>rts430x_lc_sd_eabi.lib</file>
         <name>mult32_f5hw.obj</name>
      </input_file>
      <input_file id="fl-8c">
         <path>C:\ti\ccsv7\tools\compiler\ti-cgt-msp430_16.9.2.LTS\lib\</path>
         <kind>archive</kind>
         <file>rts430x_lc_sd_eabi.lib</file>
         <name>mult64_f5hw.obj</name>
      </input_file>
      <input_file id="fl-8d">
         <path>C:\ti\ccsv7\tools\compiler\ti-cgt-msp430_16.9.2.LTS\lib\</path>
         <kind>archive</kind>
         <file>rts430x_lc_sd_eabi.lib</file>
         <name>pre_init.obj</name>
      </input_file>
      <input_file id="fl-8e">
         <path>C:\ti\ccsv7\tools\compiler\ti-cgt-msp430_16.9.2.LTS\lib\</path>
         <kind>archive</kind>
         <file>rts430x_lc_sd_eabi.lib</file>
         <name>printf.obj</name>
      </input_file>
      <input_file id="fl-8f">
         <path>C:\ti\ccsv7\tools\compiler\ti-cgt-msp430_16.9.2.LTS\lib\</path>
         <kind>archive</kind>
         <file>rts430x_lc_sd_eabi.lib</file>
         <name>rem64s.obj</name>
      </input_file>
      <input_file id="fl-90">
         <path>C:\ti\ccsv7\tools\compiler\ti-cgt-msp430_16.9.2.LTS\lib\</path>
         <kind>archive</kind>
         <file>rts430x_lc_sd_eabi.lib</file>
         <name>renormd.obj</name>
      </input_file>
      <input_file id="fl-91">
         <path>C:\ti\ccsv7\tools\compiler\ti-cgt-msp430_16.9.2.LTS\lib\</path>
         <kind>archive</kind>
         <file>rts430x_lc_sd_eabi.lib</file>
         <name>strlen.obj</name>
      </input_file>
      <input_file id="fl-92">
         <path>C:\ti\ccsv7\tools\compiler\ti-cgt-msp430_16.9.2.LTS\lib\</path>
         <kind>archive</kind>
         <file>rts430x_lc_sd_eabi.lib</file>
         <name>strncmp.obj</name>
      </input_file>
      <input_file id="fl-93">
         <path>C:\ti\ccsv7\tools\compiler\ti-cgt-msp430_16.9.2.LTS\lib\</path>
         <kind>archive</kind>
         <file>rts430x_lc_sd_eabi.lib</file>
         <name>strstr.obj</name>
      </input_file>
      <input_file id="fl-94">
         <path>C:\ti\ccsv7\tools\compiler\ti-cgt-msp430_16.9.2.LTS\lib\</path>
         <kind>archive</kind>
         <file>rts430x_lc_sd_eabi.lib</file>
         <name>strtod.obj</name>
      </input_file>
      <input_file id="fl-95">
         <path>C:\ti\ccsv7\tools\compiler\ti-cgt-msp430_16.9.2.LTS\lib\</path>
         <kind>archive</kind>
         <file>rts430x_lc_sd_eabi.lib</file>
         <name>strtok.obj</name>
      </input_file>
      <input_file id="fl-96">
         <path>C:\ti\ccsv7\tools\compiler\ti-cgt-msp430_16.9.2.LTS\lib\</path>
         <kind>archive</kind>
         <file>rts430x_lc_sd_eabi.lib</file>
         <name>tmzone.obj</name>
      </input_file>
      <input_file id="fl-97">
         <path>C:\ti\ccsv7\tools\compiler\ti-cgt-msp430_16.9.2.LTS\lib\</path>
         <kind>archive</kind>
         <file>rts430x_lc_sd_eabi.lib</file>
         <name>_lock.obj</name>
      </input_file>
      <input_file id="fl-98">
         <path>C:\ti\ccsv7\tools\compiler\ti-cgt-msp430_16.9.2.LTS\lib\</path>
         <kind>archive</kind>
         <file>rts430x_lc_sd_eabi.lib</file>
         <name>_printfi.obj</name>
      </input_file>
      <input_file id="fl-99">
         <path>C:\ti\ccsv7\tools\compiler\ti-cgt-msp430_16.9.2.LTS\lib\</path>
         <kind>archive</kind>
         <file>rts430x_lc_sd_eabi.lib</file>
         <name>args_main.obj</name>
      </input_file>
      <input_file id="fl-9a">
         <path>C:\ti\ccsv7\tools\compiler\ti-cgt-msp430_16.9.2.LTS\lib\</path>
         <kind>archive</kind>
         <file>rts430x_lc_sd_eabi.lib</file>
         <name>autoinit_wdt.obj</name>
      </input_file>
      <input_file id="fl-9b">
         <path>C:\ti\ccsv7\tools\compiler\ti-cgt-msp430_16.9.2.LTS\lib\</path>
         <kind>archive</kind>
         <file>rts430x_lc_sd_eabi.lib</file>
         <name>cmpd.obj</name>
      </input_file>
      <input_file id="fl-9c">
         <path>C:\ti\ccsv7\tools\compiler\ti-cgt-msp430_16.9.2.LTS\lib\</path>
         <kind>archive</kind>
         <file>rts430x_lc_sd_eabi.lib</file>
         <name>cpy_tbl.obj</name>
      </input_file>
      <input_file id="fl-9d">
         <path>C:\ti\ccsv7\tools\compiler\ti-cgt-msp430_16.9.2.LTS\lib\</path>
         <kind>archive</kind>
         <file>rts430x_lc_sd_eabi.lib</file>
         <name>defs.obj</name>
      </input_file>
      <input_file id="fl-9e">
         <path>C:\ti\ccsv7\tools\compiler\ti-cgt-msp430_16.9.2.LTS\lib\</path>
         <kind>archive</kind>
         <file>rts430x_lc_sd_eabi.lib</file>
         <name>div64s.obj</name>
      </input_file>
      <input_file id="fl-9f">
         <path>C:\ti\ccsv7\tools\compiler\ti-cgt-msp430_16.9.2.LTS\lib\</path>
         <kind>archive</kind>
         <file>rts430x_lc_sd_eabi.lib</file>
         <name>div64u.obj</name>
      </input_file>
      <input_file id="fl-a0">
         <path>C:\ti\ccsv7\tools\compiler\ti-cgt-msp430_16.9.2.LTS\lib\</path>
         <kind>archive</kind>
         <file>rts430x_lc_sd_eabi.lib</file>
         <name>errno.obj</name>
      </input_file>
      <input_file id="fl-a1">
         <path>C:\ti\ccsv7\tools\compiler\ti-cgt-msp430_16.9.2.LTS\lib\</path>
         <kind>archive</kind>
         <file>rts430x_lc_sd_eabi.lib</file>
         <name>fixdi.obj</name>
      </input_file>
      <input_file id="fl-a2">
         <path>C:\ti\ccsv7\tools\compiler\ti-cgt-msp430_16.9.2.LTS\lib\</path>
         <kind>archive</kind>
         <file>rts430x_lc_sd_eabi.lib</file>
         <name>fputc.obj</name>
      </input_file>
      <input_file id="fl-a3">
         <path>C:\ti\ccsv7\tools\compiler\ti-cgt-msp430_16.9.2.LTS\lib\</path>
         <kind>archive</kind>
         <file>rts430x_lc_sd_eabi.lib</file>
         <name>fputs.obj</name>
      </input_file>
      <input_file id="fl-a4">
         <path>C:\ti\ccsv7\tools\compiler\ti-cgt-msp430_16.9.2.LTS\lib\</path>
         <kind>archive</kind>
         <file>rts430x_lc_sd_eabi.lib</file>
         <name>frcmpyd.obj</name>
      </input_file>
      <input_file id="fl-a5">
         <path>C:\ti\ccsv7\tools\compiler\ti-cgt-msp430_16.9.2.LTS\lib\</path>
         <kind>archive</kind>
         <file>rts430x_lc_sd_eabi.lib</file>
         <name>llabs.obj</name>
      </input_file>
      <input_file id="fl-a6">
         <path>C:\ti\ccsv7\tools\compiler\ti-cgt-msp430_16.9.2.LTS\lib\</path>
         <kind>archive</kind>
         <file>rts430x_lc_sd_eabi.lib</file>
         <name>lowlev.obj</name>
      </input_file>
      <input_file id="fl-a7">
         <path>C:\ti\ccsv7\tools\compiler\ti-cgt-msp430_16.9.2.LTS\lib\</path>
         <kind>archive</kind>
         <file>rts430x_lc_sd_eabi.lib</file>
         <name>lsl64.obj</name>
      </input_file>
      <input_file id="fl-a8">
         <path>C:\ti\ccsv7\tools\compiler\ti-cgt-msp430_16.9.2.LTS\lib\</path>
         <kind>archive</kind>
         <file>rts430x_lc_sd_eabi.lib</file>
         <name>ltoa.obj</name>
      </input_file>
      <input_file id="fl-a9">
         <path>C:\ti\ccsv7\tools\compiler\ti-cgt-msp430_16.9.2.LTS\lib\</path>
         <kind>archive</kind>
         <file>rts430x_lc_sd_eabi.lib</file>
         <name>memccpy.obj</name>
      </input_file>
      <input_file id="fl-aa">
         <path>C:\ti\ccsv7\tools\compiler\ti-cgt-msp430_16.9.2.LTS\lib\</path>
         <kind>archive</kind>
         <file>rts430x_lc_sd_eabi.lib</file>
         <name>memchr.obj</name>
      </input_file>
      <input_file id="fl-ab">
         <path>C:\ti\ccsv7\tools\compiler\ti-cgt-msp430_16.9.2.LTS\lib\</path>
         <kind>archive</kind>
         <file>rts430x_lc_sd_eabi.lib</file>
         <name>mult64.obj</name>
      </input_file>
      <input_file id="fl-ac">
         <path>C:\ti\ccsv7\tools\compiler\ti-cgt-msp430_16.9.2.LTS\lib\</path>
         <kind>archive</kind>
         <file>rts430x_lc_sd_eabi.lib</file>
         <name>negd.obj</name>
      </input_file>
      <input_file id="fl-ad">
         <path>C:\ti\ccsv7\tools\compiler\ti-cgt-msp430_16.9.2.LTS\lib\</path>
         <kind>archive</kind>
         <file>rts430x_lc_sd_eabi.lib</file>
         <name>s_frexp.obj</name>
      </input_file>
      <input_file id="fl-ae">
         <path>C:\ti\ccsv7\tools\compiler\ti-cgt-msp430_16.9.2.LTS\lib\</path>
         <kind>archive</kind>
         <file>rts430x_lc_sd_eabi.lib</file>
         <name>s_scalbn.obj</name>
      </input_file>
      <input_file id="fl-af">
         <path>C:\ti\ccsv7\tools\compiler\ti-cgt-msp430_16.9.2.LTS\lib\</path>
         <kind>archive</kind>
         <file>rts430x_lc_sd_eabi.lib</file>
         <name>startup.obj</name>
      </input_file>
      <input_file id="fl-b0">
         <path>C:\ti\ccsv7\tools\compiler\ti-cgt-msp430_16.9.2.LTS\lib\</path>
         <kind>archive</kind>
         <file>rts430x_lc_sd_eabi.lib</file>
         <name>strchr.obj</name>
      </input_file>
      <input_file id="fl-b1">
         <path>C:\ti\ccsv7\tools\compiler\ti-cgt-msp430_16.9.2.LTS\lib\</path>
         <kind>archive</kind>
         <file>rts430x_lc_sd_eabi.lib</file>
         <name>strcmp.obj</name>
      </input_file>
      <input_file id="fl-b2">
         <path>C:\ti\ccsv7\tools\compiler\ti-cgt-msp430_16.9.2.LTS\lib\</path>
         <kind>archive</kind>
         <file>rts430x_lc_sd_eabi.lib</file>
         <name>strcspn.obj</name>
      </input_file>
      <input_file id="fl-b3">
         <path>C:\ti\ccsv7\tools\compiler\ti-cgt-msp430_16.9.2.LTS\lib\</path>
         <kind>archive</kind>
         <file>rts430x_lc_sd_eabi.lib</file>
         <name>strncpy.obj</name>
      </input_file>
      <input_file id="fl-b4">
         <path>C:\ti\ccsv7\tools\compiler\ti-cgt-msp430_16.9.2.LTS\lib\</path>
         <kind>archive</kind>
         <file>rts430x_lc_sd_eabi.lib</file>
         <name>strspn.obj</name>
      </input_file>
      <input_file id="fl-b5">
         <path>C:\ti\ccsv7\tools\compiler\ti-cgt-msp430_16.9.2.LTS\lib\</path>
         <kind>archive</kind>
         <file>rts430x_lc_sd_eabi.lib</file>
         <name>subd.obj</name>
      </input_file>
      <input_file id="fl-b6">
         <path>C:\ti\ccsv7\tools\compiler\ti-cgt-msp430_16.9.2.LTS\lib\</path>
         <kind>archive</kind>
         <file>rts430x_lc_sd_eabi.lib</file>
         <name>toupper.obj</name>
      </input_file>
      <input_file id="fl-b7">
         <path>C:\ti\ccsv7\tools\compiler\ti-cgt-msp430_16.9.2.LTS\lib\</path>
         <kind>archive</kind>
         <file>rts430x_lc_sd_eabi.lib</file>
         <name>trgdrv.obj</name>
      </input_file>
      <input_file id="fl-b8">
         <path>C:\ti\ccsv7\tools\compiler\ti-cgt-msp430_16.9.2.LTS\lib\</path>
         <kind>archive</kind>
         <file>rts430x_lc_sd_eabi.lib</file>
         <name>trgmsg.obj</name>
      </input_file>
      <input_file id="fl-b9">
         <path>C:\ti\ccsv7\tools\compiler\ti-cgt-msp430_16.9.2.LTS\lib\</path>
         <kind>archive</kind>
         <file>rts430x_lc_sd_eabi.lib</file>
         <name>_io_perm.obj</name>
      </input_file>
      <input_file id="fl-ba">
         <path>C:\ti\ccsv7\tools\compiler\ti-cgt-msp430_16.9.2.LTS\lib\</path>
         <kind>archive</kind>
         <file>rts430x_lc_sd_eabi.lib</file>
         <name>asr64.obj</name>
      </input_file>
      <input_file id="fl-bb">
         <path>C:\ti\ccsv7\tools\compiler\ti-cgt-msp430_16.9.2.LTS\lib\</path>
         <kind>archive</kind>
         <file>rts430x_lc_sd_eabi.lib</file>
         <name>fflush.obj</name>
      </input_file>
      <input_file id="fl-bc">
         <path>C:\ti\ccsv7\tools\compiler\ti-cgt-msp430_16.9.2.LTS\lib\</path>
         <kind>archive</kind>
         <file>rts430x_lc_sd_eabi.lib</file>
         <name>fseek.obj</name>
      </input_file>
      <input_file id="fl-bd">
         <path>C:\ti\ccsv7\tools\compiler\ti-cgt-msp430_16.9.2.LTS\lib\</path>
         <kind>archive</kind>
         <file>rts430x_lc_sd_eabi.lib</file>
         <name>mult1632.obj</name>
      </input_file>
      <input_file id="fl-be">
         <path>C:\ti\ccsv7\tools\compiler\ti-cgt-msp430_16.9.2.LTS\lib\</path>
         <kind>archive</kind>
         <file>rts430x_lc_sd_eabi.lib</file>
         <name>s_copysign.obj</name>
      </input_file>
      <input_file id="fl-bf">
         <path>C:\ti\ccsv7\tools\compiler\ti-cgt-msp430_16.9.2.LTS\lib\</path>
         <kind>archive</kind>
         <file>rts430x_lc_sd_eabi.lib</file>
         <name>setvbuf.obj</name>
      </input_file>
      <input_file id="fl-c0">
         <path>C:\ti\ccsv7\tools\compiler\ti-cgt-msp430_16.9.2.LTS\lib\</path>
         <kind>archive</kind>
         <file>rts430x_lc_sd_eabi.lib</file>
         <name>strcpy.obj</name>
      </input_file>
      <input_file id="fl-c1">
         <path>C:\ti\ccsv7\tools\compiler\ti-cgt-msp430_16.9.2.LTS\lib\</path>
         <kind>archive</kind>
         <file>rts430x_lc_sd_eabi.lib</file>
         <name>fopen.obj</name>
      </input_file>
      <input_file id="fl-c2">
         <path>C:\ti\ccsv7\tools\compiler\ti-cgt-msp430_16.9.2.LTS\lib\</path>
         <kind>archive</kind>
         <file>rts430x_lc_sd_eabi.lib</file>
         <name>memory.obj</name>
      </input_file>
      <input_file id="fl-c3">
         <path>C:\ti\ccsv7\tools\compiler\ti-cgt-msp430_16.9.2.LTS\lib\</path>
         <kind>archive</kind>
         <file>rts430x_lc_sd_eabi.lib</file>
         <name>fclose.obj</name>
      </input_file>
      <input_file id="fl-c4">
         <path>C:\ti\ccsv7\tools\compiler\ti-cgt-msp430_16.9.2.LTS\lib\</path>
         <kind>archive</kind>
         <file>rts430x_lc_sd_eabi.lib</file>
         <name>remove.obj</name>
      </input_file>
   </input_file_list>
   <object_component_list>
      <object_component id="oc-aae">
         <name>.bss:parmbuf</name>
         <uninitialized>true</uninitialized>
         <run_address>0x2700</run_address>
         <size>0x8</size>
         <input_file_ref idref="fl-b7"/>
      </object_component>
      <object_component id="oc-a24">
         <name>.bss</name>
         <uninitialized>true</uninitialized>
         <run_address>0x2710</run_address>
         <size>0x6</size>
         <input_file_ref idref="fl-c2"/>
      </object_component>
      <object_component id="oc-53e">
         <name>.common:status</name>
         <uninitialized>true</uninitialized>
         <run_address>0x2708</run_address>
         <size>0x7</size>
      </object_component>
      <object_component id="oc-7fb">
         <name>.common:spi_bitbang_in_data</name>
         <uninitialized>true</uninitialized>
         <run_address>0x26ff</run_address>
         <size>0x1</size>
      </object_component>
      <object_component id="oc-473">
         <name>.common:i2c_rxData</name>
         <uninitialized>true</uninitialized>
         <run_address>0x1c00</run_address>
         <size>0x400</size>
      </object_component>
      <object_component id="oc-508">
         <name>.common:g_header</name>
         <uninitialized>true</uninitialized>
         <run_address>0x2000</run_address>
         <size>0x200</size>
      </object_component>
      <object_component id="oc-5cd">
         <name>.common:ttime</name>
         <uninitialized>true</uninitialized>
         <run_address>0x26e0</run_address>
         <size>0x12</size>
      </object_component>
      <object_component id="oc-4e5">
         <name>.common:ch</name>
         <uninitialized>true</uninitialized>
         <run_address>0x26f2</run_address>
         <size>0xd</size>
      </object_component>
      <object_component id="oc-4ef">
         <name>.common:sector_buffer</name>
         <uninitialized>true</uninitialized>
         <run_address>0x2200</run_address>
         <size>0x200</size>
      </object_component>
      <object_component id="oc-446">
         <name>.common:radio_rx_buffer</name>
         <uninitialized>true</uninitialized>
         <run_address>0x26a0</run_address>
         <size>0x40</size>
      </object_component>
      <object_component id="oc-487">
         <name>.common:uart_rx_data</name>
         <uninitialized>true</uninitialized>
         <run_address>0x2400</run_address>
         <size>0x200</size>
      </object_component>
      <object_component id="oc-aa3">
         <name>.common:__TI_tmpnams</name>
         <uninitialized>true</uninitialized>
         <run_address>0x2600</run_address>
         <size>0xa0</size>
      </object_component>
      <object_component id="oc-470">
         <name>.data</name>
         <load_address>0x28a6</load_address>
         <run_address>0x28a6</run_address>
         <size>0x2</size>
         <input_file_ref idref="fl-9"/>
      </object_component>
      <object_component id="oc-41b">
         <name>.data</name>
         <load_address>0x2806</load_address>
         <run_address>0x2806</run_address>
         <size>0x4a</size>
         <input_file_ref idref="fl-a"/>
      </object_component>
      <object_component id="oc-437">
         <name>.data</name>
         <load_address>0x2886</load_address>
         <run_address>0x2886</run_address>
         <size>0xb</size>
         <input_file_ref idref="fl-c"/>
      </object_component>
      <object_component id="oc-484">
         <name>.data</name>
         <load_address>0x28a2</load_address>
         <run_address>0x28a2</run_address>
         <size>0x3</size>
         <input_file_ref idref="fl-e"/>
      </object_component>
      <object_component id="oc-4af">
         <name>.data</name>
         <load_address>0x28ac</load_address>
         <run_address>0x28ac</run_address>
         <size>0x2</size>
         <input_file_ref idref="fl-68"/>
      </object_component>
      <object_component id="oc-4b8">
         <name>.data:__TI_cleanup_ptr</name>
         <load_address>0x2892</load_address>
         <run_address>0x2892</run_address>
         <size>0x4</size>
         <input_file_ref idref="fl-69"/>
      </object_component>
      <object_component id="oc-4b5">
         <name>.data:__TI_dtors_ptr</name>
         <load_address>0x2896</load_address>
         <run_address>0x2896</run_address>
         <size>0x4</size>
         <input_file_ref idref="fl-69"/>
      </object_component>
      <object_component id="oc-754">
         <name>.data</name>
         <load_address>0x28b0</load_address>
         <run_address>0x28b0</run_address>
         <size>0x2</size>
         <input_file_ref idref="fl-95"/>
      </object_component>
      <object_component id="oc-7a9">
         <name>.data:_tz</name>
         <load_address>0x2878</load_address>
         <run_address>0x2878</run_address>
         <size>0xe</size>
         <input_file_ref idref="fl-96"/>
      </object_component>
      <object_component id="oc-4b2">
         <name>.data:_lock</name>
         <load_address>0x289a</load_address>
         <run_address>0x289a</run_address>
         <size>0x4</size>
         <input_file_ref idref="fl-97"/>
      </object_component>
      <object_component id="oc-4bb">
         <name>.data:_unlock</name>
         <load_address>0x289e</load_address>
         <run_address>0x289e</run_address>
         <size>0x4</size>
         <input_file_ref idref="fl-97"/>
      </object_component>
      <object_component id="oc-6cb">
         <name>.data:_ftable</name>
         <load_address>0x278e</load_address>
         <run_address>0x278e</run_address>
         <size>0x78</size>
         <input_file_ref idref="fl-9d"/>
      </object_component>
      <object_component id="oc-a38">
         <name>.data</name>
         <load_address>0x28a8</load_address>
         <run_address>0x28a8</run_address>
         <size>0x2</size>
         <input_file_ref idref="fl-9d"/>
      </object_component>
      <object_component id="oc-878">
         <name>.data</name>
         <load_address>0x28aa</load_address>
         <run_address>0x28aa</run_address>
         <size>0x2</size>
         <input_file_ref idref="fl-a0"/>
      </object_component>
      <object_component id="oc-9ce">
         <name>.data:_device</name>
         <load_address>0x2716</load_address>
         <run_address>0x2716</run_address>
         <size>0x78</size>
         <input_file_ref idref="fl-a6"/>
      </object_component>
      <object_component id="oc-951">
         <name>.data:_stream</name>
         <load_address>0x2850</load_address>
         <run_address>0x2850</run_address>
         <size>0x28</size>
         <input_file_ref idref="fl-a6"/>
      </object_component>
      <object_component id="oc-a28">
         <name>.data</name>
         <load_address>0x28ae</load_address>
         <run_address>0x28ae</run_address>
         <size>0x2</size>
         <input_file_ref idref="fl-c2"/>
      </object_component>
      <object_component id="oc-390">
         <name>.sysmem</name>
         <uninitialized>true</uninitialized>
         <run_address>0x28b4</run_address>
         <size>0x4</size>
         <input_file_ref idref="fl-c2"/>
      </object_component>
      <object_component id="oc-b89">
         <name>.sysmem</name>
         <uninitialized>true</uninitialized>
         <run_address>0x28b4</run_address>
         <size>0x0</size>
      </object_component>
      <object_component id="oc-38c">
         <name>.stack</name>
         <uninitialized>true</uninitialized>
         <run_address>0x2bac</run_address>
         <size>0x2</size>
         <input_file_ref idref="fl-5c"/>
      </object_component>
      <object_component id="oc-b88">
         <name>.stack</name>
         <uninitialized>true</uninitialized>
         <run_address>0x2bac</run_address>
         <size>0x0</size>
      </object_component>
      <object_component id="oc-48c">
         <name>.text:_Z10parse_nmeav</name>
         <load_address>0x8000</load_address>
         <run_address>0x8000</run_address>
         <size>0x578</size>
         <input_file_ref idref="fl-a"/>
      </object_component>
      <object_component id="oc-7c2">
         <name>.text:__TI_frcdivd</name>
         <load_address>0x8578</load_address>
         <run_address>0x8578</run_address>
         <size>0x478</size>
         <input_file_ref idref="fl-6e"/>
      </object_component>
      <object_component id="oc-5f2">
         <name>.text:__mktime32</name>
         <load_address>0x89f0</load_address>
         <run_address>0x89f0</run_address>
         <size>0x374</size>
         <input_file_ref idref="fl-83"/>
      </object_component>
      <object_component id="oc-931">
         <name>.text:__mspabi_divull</name>
         <load_address>0x8d64</load_address>
         <run_address>0x8d64</run_address>
         <size>0x34e</size>
         <input_file_ref idref="fl-9f"/>
      </object_component>
      <object_component id="oc-5ec">
         <name>.text:__mspabi_addd</name>
         <load_address>0x90b2</load_address>
         <run_address>0x90b2</run_address>
         <size>0x2d6</size>
         <input_file_ref idref="fl-58"/>
      </object_component>
      <object_component id="oc-76e">
         <name>.text:strtod</name>
         <load_address>0x9388</load_address>
         <run_address>0x9388</run_address>
         <size>0x2c0</size>
         <input_file_ref idref="fl-94"/>
      </object_component>
      <object_component id="oc-776">
         <name>.text:__TI_frcmpyd</name>
         <load_address>0x9648</load_address>
         <run_address>0x9648</run_address>
         <size>0x286</size>
         <input_file_ref idref="fl-a4"/>
      </object_component>
      <object_component id="oc-5da">
         <name>.text:__mspabi_mpyd</name>
         <load_address>0x98ce</load_address>
         <run_address>0x98ce</run_address>
         <size>0x280</size>
         <input_file_ref idref="fl-85"/>
      </object_component>
      <object_component id="oc-8f1">
         <name>.text:_pproc_fgea</name>
         <load_address>0x9b4e</load_address>
         <run_address>0x9b4e</run_address>
         <size>0x25a</size>
         <input_file_ref idref="fl-98"/>
      </object_component>
      <object_component id="oc-78b">
         <name>.text:__TI_frcaddd</name>
         <load_address>0x9da8</load_address>
         <run_address>0x9da8</run_address>
         <size>0x252</size>
         <input_file_ref idref="fl-6d"/>
      </object_component>
      <object_component id="oc-a14">
         <name>.text:acvt</name>
         <load_address>0x9ffa</load_address>
         <run_address>0x9ffa</run_address>
         <size>0x238</size>
         <input_file_ref idref="fl-98"/>
      </object_component>
      <object_component id="oc-81e">
         <name>.text:_setfield</name>
         <load_address>0xa232</load_address>
         <run_address>0xa232</run_address>
         <size>0x232</size>
         <input_file_ref idref="fl-98"/>
      </object_component>
      <object_component id="oc-610">
         <name>.text:__mspabi_divd</name>
         <load_address>0xa464</load_address>
         <run_address>0xa464</run_address>
         <size>0x220</size>
         <input_file_ref idref="fl-67"/>
      </object_component>
      <object_component id="oc-6da">
         <name>.text:__TI_printfi</name>
         <load_address>0xa684</load_address>
         <run_address>0xa684</run_address>
         <size>0x210</size>
         <input_file_ref idref="fl-98"/>
      </object_component>
      <object_component id="oc-9ed">
         <name>.text:ecvt</name>
         <load_address>0xa894</load_address>
         <run_address>0xa894</run_address>
         <size>0x200</size>
         <input_file_ref idref="fl-98"/>
      </object_component>
      <object_component id="oc-a00">
         <name>.text:fcvt</name>
         <load_address>0xaa94</load_address>
         <run_address>0xaa94</run_address>
         <size>0x1dc</size>
         <input_file_ref idref="fl-98"/>
      </object_component>
      <object_component id="oc-a8b">
         <name>.text:scalbn</name>
         <load_address>0xac70</load_address>
         <run_address>0xac70</run_address>
         <size>0x19e</size>
         <input_file_ref idref="fl-ae"/>
      </object_component>
      <object_component id="oc-980">
         <name>.text:_pconv_e</name>
         <load_address>0xae0e</load_address>
         <run_address>0xae0e</run_address>
         <size>0x19a</size>
         <input_file_ref idref="fl-98"/>
      </object_component>
      <object_component id="oc-3f9">
         <name>.text:main</name>
         <load_address>0xafa8</load_address>
         <run_address>0xafa8</run_address>
         <size>0x170</size>
         <input_file_ref idref="fl-a"/>
      </object_component>
      <object_component id="oc-986">
         <name>.text:_pconv_a</name>
         <load_address>0xb118</load_address>
         <run_address>0xb118</run_address>
         <size>0x168</size>
         <input_file_ref idref="fl-98"/>
      </object_component>
      <object_component id="oc-604">
         <name>.text:_Z24controller_control_framePcllllll</name>
         <load_address>0xb280</load_address>
         <run_address>0xb280</run_address>
         <size>0x166</size>
         <input_file_ref idref="fl-a"/>
      </object_component>
      <object_component id="oc-95c">
         <name>.text:_getarg_diouxp</name>
         <load_address>0xb3e6</load_address>
         <run_address>0xb3e6</run_address>
         <size>0x164</size>
         <input_file_ref idref="fl-98"/>
      </object_component>
      <object_component id="oc-8eb">
         <name>.text:_pproc_diouxp</name>
         <load_address>0xb54a</load_address>
         <run_address>0xb54a</run_address>
         <size>0x140</size>
         <input_file_ref idref="fl-98"/>
      </object_component>
      <object_component id="oc-8a5">
         <name>.text:__mspabi_divlli</name>
         <load_address>0xb68a</load_address>
         <run_address>0xb68a</run_address>
         <size>0x13c</size>
         <input_file_ref idref="fl-9e"/>
      </object_component>
      <object_component id="oc-962">
         <name>.text:_ltostr</name>
         <load_address>0xb7c6</load_address>
         <run_address>0xb7c6</run_address>
         <size>0x122</size>
         <input_file_ref idref="fl-98"/>
      </object_component>
      <object_component id="oc-974">
         <name>.text:_pconv_g</name>
         <load_address>0xb8e8</load_address>
         <run_address>0xb8e8</run_address>
         <size>0xf4</size>
         <input_file_ref idref="fl-98"/>
      </object_component>
      <object_component id="oc-818">
         <name>.text:_pproc_fwp</name>
         <load_address>0xb9dc</load_address>
         <run_address>0xb9dc</run_address>
         <size>0xf4</size>
         <input_file_ref idref="fl-98"/>
      </object_component>
      <object_component id="oc-67">
         <name>.text:decompress:lzss:__TI_decompress_lzss</name>
         <load_address>0xbad0</load_address>
         <run_address>0xbad0</run_address>
         <size>0xee</size>
         <input_file_ref idref="fl-5e"/>
      </object_component>
      <object_component id="oc-4fd">
         <name>.text:_Z15mmcReadCardSizev</name>
         <load_address>0xbbbe</load_address>
         <run_address>0xbbbe</run_address>
         <size>0xec</size>
         <input_file_ref idref="fl-b"/>
      </object_component>
      <object_component id="oc-804">
         <name>.text:fputs</name>
         <load_address>0xbcaa</load_address>
         <run_address>0xbcaa</run_address>
         <size>0xde</size>
         <input_file_ref idref="fl-a3"/>
      </object_component>
      <object_component id="oc-87b">
         <name>.text:__mspabi_cmpd</name>
         <load_address>0xbd88</load_address>
         <run_address>0xbd88</run_address>
         <size>0xd8</size>
         <input_file_ref idref="fl-9b"/>
      </object_component>
      <object_component id="oc-60a">
         <name>.text:_Z7set_bitP15Controller_bytei</name>
         <load_address>0xbe60</load_address>
         <run_address>0xbe60</run_address>
         <size>0xd0</size>
         <input_file_ref idref="fl-a"/>
      </object_component>
      <object_component id="oc-945">
         <name>.text:setvbuf</name>
         <load_address>0xbf30</load_address>
         <run_address>0xbf30</run_address>
         <size>0xcc</size>
         <input_file_ref idref="fl-bf"/>
      </object_component>
      <object_component id="oc-895">
         <name>.text:__TI_renormd</name>
         <load_address>0xbffc</load_address>
         <run_address>0xbffc</run_address>
         <size>0xb2</size>
         <input_file_ref idref="fl-90"/>
      </object_component>
      <object_component id="oc-49a">
         <name>.text:copy_in</name>
         <load_address>0xc0ae</load_address>
         <run_address>0xc0ae</run_address>
         <size>0xb2</size>
         <input_file_ref idref="fl-9c"/>
      </object_component>
      <object_component id="oc-a0e">
         <name>.text:frexp</name>
         <load_address>0xc160</load_address>
         <run_address>0xc160</run_address>
         <size>0xb2</size>
         <input_file_ref idref="fl-ad"/>
      </object_component>
      <object_component id="oc-9b5">
         <name>.text:malloc</name>
         <load_address>0xc212</load_address>
         <run_address>0xc212</run_address>
         <size>0xae</size>
         <input_file_ref idref="fl-c2"/>
      </object_component>
      <object_component id="oc-3cd">
         <name>.text:_isr:_Z11USCI_A0_ISRv</name>
         <load_address>0xc2c0</load_address>
         <run_address>0xc2c0</run_address>
         <size>0xa6</size>
         <input_file_ref idref="fl-e"/>
      </object_component>
      <object_component id="oc-663">
         <name>.text:SetVCoreUp</name>
         <load_address>0xc366</load_address>
         <run_address>0xc366</run_address>
         <size>0xa4</size>
         <input_file_ref idref="fl-8"/>
      </object_component>
      <object_component id="oc-784">
         <name>.text:__mspabi_fltlid</name>
         <load_address>0xc40a</load_address>
         <run_address>0xc40a</run_address>
         <size>0x9e</size>
         <input_file_ref idref="fl-6c"/>
      </object_component>
      <object_component id="oc-824">
         <name>.text:_pproc_str</name>
         <load_address>0xc4a8</load_address>
         <run_address>0xc4a8</run_address>
         <size>0x9e</size>
         <input_file_ref idref="fl-98"/>
      </object_component>
      <object_component id="oc-a56">
         <name>.text:HOSTlseek</name>
         <load_address>0xc546</load_address>
         <run_address>0xc546</run_address>
         <size>0x9c</size>
         <input_file_ref idref="fl-b7"/>
      </object_component>
      <object_component id="oc-3df">
         <name>.text:_auto_init_hold_wdt</name>
         <load_address>0xc5e2</load_address>
         <run_address>0xc5e2</run_address>
         <size>0x96</size>
         <input_file_ref idref="fl-9a"/>
      </object_component>
      <object_component id="oc-673">
         <name>.text:USCI_A_UART_init</name>
         <load_address>0xc678</load_address>
         <run_address>0xc678</run_address>
         <size>0x94</size>
         <input_file_ref idref="fl-33"/>
      </object_component>
      <object_component id="oc-80b">
         <name>.text:fputc</name>
         <load_address>0xc70c</load_address>
         <run_address>0xc70c</run_address>
         <size>0x8c</size>
         <input_file_ref idref="fl-a2"/>
      </object_component>
      <object_component id="oc-59d">
         <name>.text:Strobe</name>
         <load_address>0xc798</load_address>
         <run_address>0xc798</run_address>
         <size>0x8a</size>
         <input_file_ref idref="fl-2"/>
      </object_component>
      <object_component id="oc-9f3">
         <name>.text:_ecpy</name>
         <load_address>0xc822</load_address>
         <run_address>0xc822</run_address>
         <size>0x8a</size>
         <input_file_ref idref="fl-98"/>
      </object_component>
      <object_component id="oc-9f9">
         <name>.text:_mcpy</name>
         <load_address>0xc8ac</load_address>
         <run_address>0xc8ac</run_address>
         <size>0x8a</size>
         <input_file_ref idref="fl-98"/>
      </object_component>
      <object_component id="oc-65d">
         <name>.text:SetVCoreDown</name>
         <load_address>0xc936</load_address>
         <run_address>0xc936</run_address>
         <size>0x84</size>
         <input_file_ref idref="fl-8"/>
      </object_component>
      <object_component id="oc-3bb">
         <name>.text:_isr:_Z10CC1101_ISRv</name>
         <load_address>0xc9ba</load_address>
         <run_address>0xc9ba</run_address>
         <size>0x80</size>
         <input_file_ref idref="fl-c"/>
      </object_component>
      <object_component id="oc-9af">
         <name>.text:free</name>
         <load_address>0xca3a</load_address>
         <run_address>0xca3a</run_address>
         <size>0x80</size>
         <input_file_ref idref="fl-c2"/>
      </object_component>
      <object_component id="oc-a6d">
         <name>.text:ltoa</name>
         <load_address>0xcaba</load_address>
         <run_address>0xcaba</run_address>
         <size>0x7c</size>
         <input_file_ref idref="fl-a8"/>
      </object_component>
      <object_component id="oc-8cb">
         <name>.text:__TI_wrt_ok</name>
         <load_address>0xcb36</load_address>
         <run_address>0xcb36</run_address>
         <size>0x7a</size>
         <input_file_ref idref="fl-b9"/>
      </object_component>
      <object_component id="oc-5fe">
         <name>.text:_Z12flush_sectorv</name>
         <load_address>0xcbb0</load_address>
         <run_address>0xcbb0</run_address>
         <size>0x76</size>
         <input_file_ref idref="fl-a"/>
      </object_component>
      <object_component id="oc-509">
         <name>.text:_Z12mmcReadBlockmmPh</name>
         <load_address>0xcc26</load_address>
         <run_address>0xcc26</run_address>
         <size>0x74</size>
         <input_file_ref idref="fl-b"/>
      </object_component>
      <object_component id="oc-70f">
         <name>.text:_Z13mmcWriteBlockmmPh</name>
         <load_address>0xcc9a</load_address>
         <run_address>0xcc9a</run_address>
         <size>0x74</size>
         <input_file_ref idref="fl-b"/>
      </object_component>
      <object_component id="oc-97a">
         <name>.text:_pconv_f</name>
         <load_address>0xcd0e</load_address>
         <run_address>0xcd0e</run_address>
         <size>0x74</size>
         <input_file_ref idref="fl-98"/>
      </object_component>
      <object_component id="oc-4d3">
         <name>.text:_Z14uart_configurev</name>
         <load_address>0xcd82</load_address>
         <run_address>0xcd82</run_address>
         <size>0x70</size>
         <input_file_ref idref="fl-e"/>
      </object_component>
      <object_component id="oc-a62">
         <name>.text:HOSTrename</name>
         <load_address>0xcdf2</load_address>
         <run_address>0xcdf2</run_address>
         <size>0x6a</size>
         <input_file_ref idref="fl-b7"/>
      </object_component>
      <object_component id="oc-93f">
         <name>.text:fseek</name>
         <load_address>0xce5c</load_address>
         <run_address>0xce5c</run_address>
         <size>0x6a</size>
         <input_file_ref idref="fl-bc"/>
      </object_component>
      <object_component id="oc-a32">
         <name>.text:__TI_closefile</name>
         <load_address>0xcec6</load_address>
         <run_address>0xcec6</run_address>
         <size>0x68</size>
         <input_file_ref idref="fl-c3"/>
      </object_component>
      <object_component id="oc-616">
         <name>.text:__mspabi_fixdli</name>
         <load_address>0xcf2e</load_address>
         <run_address>0xcf2e</run_address>
         <size>0x66</size>
         <input_file_ref idref="fl-6a"/>
      </object_component>
      <object_component id="oc-a3e">
         <name>.text:HOSTopen</name>
         <load_address>0xcf94</load_address>
         <run_address>0xcf94</run_address>
         <size>0x64</size>
         <input_file_ref idref="fl-b7"/>
      </object_component>
      <object_component id="oc-8d7">
         <name>.text:__TI_doflush</name>
         <load_address>0xcff8</load_address>
         <run_address>0xcff8</run_address>
         <size>0x62</size>
         <input_file_ref idref="fl-bb"/>
      </object_component>
      <object_component id="oc-a50">
         <name>.text:HOSTwrite</name>
         <load_address>0xd05a</load_address>
         <run_address>0xd05a</run_address>
         <size>0x60</size>
         <input_file_ref idref="fl-b7"/>
      </object_component>
      <object_component id="oc-a4a">
         <name>.text:HOSTread</name>
         <load_address>0xd0ba</load_address>
         <run_address>0xd0ba</run_address>
         <size>0x5e</size>
         <input_file_ref idref="fl-b7"/>
      </object_component>
      <object_component id="oc-8ab">
         <name>.text:__mpyll</name>
         <load_address>0xd118</load_address>
         <run_address>0xd118</run_address>
         <size>0x5c</size>
         <input_file_ref idref="fl-8c"/>
      </object_component>
      <object_component id="oc-9e0">
         <name>.text</name>
         <load_address>0xd174</load_address>
         <run_address>0xd174</run_address>
         <size>0x58</size>
         <input_file_ref idref="fl-66"/>
      </object_component>
      <object_component id="oc-ae1">
         <name>.text:getdevice</name>
         <load_address>0xd1cc</load_address>
         <run_address>0xd1cc</run_address>
         <size>0x54</size>
         <input_file_ref idref="fl-a6"/>
      </object_component>
      <object_component id="oc-515">
         <name>.text:_Z9mmcGoIdlev</name>
         <load_address>0xd220</load_address>
         <run_address>0xd220</run_address>
         <size>0x52</size>
         <input_file_ref idref="fl-b"/>
      </object_component>
      <object_component id="oc-767">
         <name>.text:atoi</name>
         <load_address>0xd272</load_address>
         <run_address>0xd272</run_address>
         <size>0x52</size>
         <input_file_ref idref="fl-5b"/>
      </object_component>
      <object_component id="oc-44a">
         <name>.text:ReadBurstReg</name>
         <load_address>0xd2c4</load_address>
         <run_address>0xd2c4</run_address>
         <size>0x50</size>
         <input_file_ref idref="fl-2"/>
      </object_component>
      <object_component id="oc-7a3">
         <name>.text:__mspabi_remlli</name>
         <load_address>0xd314</load_address>
         <run_address>0xd314</run_address>
         <size>0x50</size>
         <input_file_ref idref="fl-8f"/>
      </object_component>
      <object_component id="oc-3c7">
         <name>.text:_isr:_Z11USCI_B0_ISRv</name>
         <load_address>0xd364</load_address>
         <run_address>0xd364</run_address>
         <size>0x4c</size>
         <input_file_ref idref="fl-9"/>
      </object_component>
      <object_component id="oc-a9d">
         <name>.text:close</name>
         <load_address>0xd3b0</load_address>
         <run_address>0xd3b0</run_address>
         <size>0x4a</size>
         <input_file_ref idref="fl-a6"/>
      </object_component>
      <object_component id="oc-5c1">
         <name>.text:strtok</name>
         <load_address>0xd3fa</load_address>
         <run_address>0xd3fa</run_address>
         <size>0x4a</size>
         <input_file_ref idref="fl-95"/>
      </object_component>
      <object_component id="oc-6f5">
         <name>.text:_Z10mmcSendCmdcmc</name>
         <load_address>0xd444</load_address>
         <run_address>0xd444</run_address>
         <size>0x48</size>
         <input_file_ref idref="fl-b"/>
      </object_component>
      <object_component id="oc-a06">
         <name>.text:_fcpy</name>
         <load_address>0xd48c</load_address>
         <run_address>0xd48c</run_address>
         <size>0x48</size>
         <input_file_ref idref="fl-98"/>
      </object_component>
      <object_component id="oc-3eb">
         <name>.text:exit</name>
         <load_address>0xd4d4</load_address>
         <run_address>0xd4d4</run_address>
         <size>0x48</size>
         <input_file_ref idref="fl-68"/>
      </object_component>
      <object_component id="oc-a44">
         <name>.text:HOSTclose</name>
         <load_address>0xd51c</load_address>
         <run_address>0xd51c</run_address>
         <size>0x46</size>
         <input_file_ref idref="fl-b7"/>
      </object_component>
      <object_component id="oc-84c">
         <name>.text:_Z12mmcCheckBusyv</name>
         <load_address>0xd562</load_address>
         <run_address>0xd562</run_address>
         <size>0x46</size>
         <input_file_ref idref="fl-b"/>
      </object_component>
      <object_component id="oc-a5c">
         <name>.text:HOSTunlink</name>
         <load_address>0xd5a8</load_address>
         <run_address>0xd5a8</run_address>
         <size>0x42</size>
         <input_file_ref idref="fl-b7"/>
      </object_component>
      <object_component id="oc-39e">
         <name>.text:__memcpy_far</name>
         <load_address>0xd5ea</load_address>
         <run_address>0xd5ea</run_address>
         <size>0x40</size>
         <input_file_ref idref="fl-61"/>
      </object_component>
      <object_component id="oc-925">
         <name>.text:__mspabi_srall</name>
         <load_address>0xd62a</load_address>
         <run_address>0xd62a</run_address>
         <size>0x40</size>
         <input_file_ref idref="fl-ba"/>
      </object_component>
      <object_component id="oc-4f7">
         <name>.text:printf</name>
         <load_address>0xd66a</load_address>
         <run_address>0xd66a</run_address>
         <size>0x40</size>
         <input_file_ref idref="fl-8e"/>
      </object_component>
      <object_component id="oc-acb">
         <name>.text</name>
         <load_address>0xd6aa</load_address>
         <run_address>0xd6aa</run_address>
         <size>0x40</size>
         <input_file_ref idref="fl-65"/>
      </object_component>
      <object_component id="oc-6ef">
         <name>.text:_Z17mmcSetBlockLengthm</name>
         <load_address>0xd6ea</load_address>
         <run_address>0xd6ea</run_address>
         <size>0x3e</size>
         <input_file_ref idref="fl-b"/>
      </object_component>
      <object_component id="oc-7f5">
         <name>.text:_Z17spi_bitbang_inouth</name>
         <load_address>0xd728</load_address>
         <run_address>0xd728</run_address>
         <size>0x3e</size>
         <input_file_ref idref="fl-7"/>
      </object_component>
      <object_component id="oc-85">
         <name>.text:decompress:ZI:__TI_zero_init</name>
         <load_address>0xd766</load_address>
         <run_address>0xd766</run_address>
         <size>0x3e</size>
         <input_file_ref idref="fl-60"/>
      </object_component>
      <object_component id="oc-7bb">
         <name>.text:l_asr_const</name>
         <load_address>0xd7a4</load_address>
         <run_address>0xd7a4</run_address>
         <size>0x3e</size>
         <input_file_ref idref="fl-59"/>
      </object_component>
      <object_component id="oc-70a">
         <name>.text:l_lsl_const</name>
         <load_address>0xd7e2</load_address>
         <run_address>0xd7e2</run_address>
         <size>0x3e</size>
         <input_file_ref idref="fl-7d"/>
      </object_component>
      <object_component id="oc-503">
         <name>.text:l_lsr_const</name>
         <load_address>0xd820</load_address>
         <run_address>0xd820</run_address>
         <size>0x3e</size>
         <input_file_ref idref="fl-7f"/>
      </object_component>
      <object_component id="oc-4cd">
         <name>.text:SetVCore</name>
         <load_address>0xd85e</load_address>
         <run_address>0xd85e</run_address>
         <size>0x3c</size>
         <input_file_ref idref="fl-8"/>
      </object_component>
      <object_component id="oc-6d">
         <name>.text:decompress:none:__TI_decompress_none</name>
         <load_address>0xd89a</load_address>
         <run_address>0xd89a</run_address>
         <size>0x3c</size>
         <input_file_ref idref="fl-5f"/>
      </object_component>
      <object_component id="oc-50f">
         <name>.text:_Z15_mmcWriteSectormPv</name>
         <load_address>0xd8d6</load_address>
         <run_address>0xd8d6</run_address>
         <size>0x3a</size>
         <input_file_ref idref="fl-a"/>
      </object_component>
      <object_component id="oc-4df">
         <name>.text:_Z15led_blink_hellov</name>
         <load_address>0xd910</load_address>
         <run_address>0xd910</run_address>
         <size>0x3a</size>
         <input_file_ref idref="fl-a"/>
      </object_component>
      <object_component id="oc-4f0">
         <name>.text:_Z7mmcInitv</name>
         <load_address>0xd94a</load_address>
         <run_address>0xd94a</run_address>
         <size>0x3a</size>
         <input_file_ref idref="fl-b"/>
      </object_component>
      <object_component id="oc-995">
         <name>.text:__mspabi_sllll</name>
         <load_address>0xd984</load_address>
         <run_address>0xd984</run_address>
         <size>0x3a</size>
         <input_file_ref idref="fl-a7"/>
      </object_component>
      <object_component id="oc-99b">
         <name>.text:__mspabi_srlll</name>
         <load_address>0xd9be</load_address>
         <run_address>0xd9be</run_address>
         <size>0x3a</size>
         <input_file_ref idref="fl-80"/>
      </object_component>
      <object_component id="oc-5f8">
         <name>.text:_Z21controller_diff_framePciiiii</name>
         <load_address>0xd9f8</load_address>
         <run_address>0xd9f8</run_address>
         <size>0x38</size>
         <input_file_ref idref="fl-a"/>
      </object_component>
      <object_component id="oc-a2b">
         <name>.text:minit</name>
         <load_address>0xda30</load_address>
         <run_address>0xda30</run_address>
         <size>0x38</size>
         <input_file_ref idref="fl-c2"/>
      </object_component>
      <object_component id="oc-698">
         <name>.text:_Z14set_radio_gainb</name>
         <load_address>0xda68</load_address>
         <run_address>0xda68</run_address>
         <size>0x36</size>
         <input_file_ref idref="fl-a"/>
      </object_component>
      <object_component id="oc-5c7">
         <name>.text:strstr</name>
         <load_address>0xda9e</load_address>
         <run_address>0xda9e</run_address>
         <size>0x36</size>
         <input_file_ref idref="fl-93"/>
      </object_component>
      <object_component id="oc-9bb">
         <name>.text:__TI_cleanup</name>
         <load_address>0xdad4</load_address>
         <run_address>0xdad4</run_address>
         <size>0x32</size>
         <input_file_ref idref="fl-c1"/>
      </object_component>
      <object_component id="oc-4d9">
         <name>.text:_Z9init_gpiov</name>
         <load_address>0xdb06</load_address>
         <run_address>0xdb06</run_address>
         <size>0x2e</size>
         <input_file_ref idref="fl-a"/>
      </object_component>
      <object_component id="oc-ab1">
         <name>.text:__TI_writemsg</name>
         <load_address>0xdb34</load_address>
         <run_address>0xdb34</run_address>
         <size>0x2e</size>
         <input_file_ref idref="fl-b8"/>
      </object_component>
      <object_component id="oc-a73">
         <name>.text:__mspabi_subd</name>
         <load_address>0xdb62</load_address>
         <run_address>0xdb62</run_address>
         <size>0x2e</size>
         <input_file_ref idref="fl-b5"/>
      </object_component>
      <object_component id="oc-ad6">
         <name>.text:copysign</name>
         <load_address>0xdb90</load_address>
         <run_address>0xdb90</run_address>
         <size>0x2e</size>
         <input_file_ref idref="fl-be"/>
      </object_component>
      <object_component id="oc-b04">
         <name>.text:finddevice</name>
         <load_address>0xdbbe</load_address>
         <run_address>0xdbbe</run_address>
         <size>0x2e</size>
         <input_file_ref idref="fl-a6"/>
      </object_component>
      <object_component id="oc-701">
         <name>.text:_Z12spiReadFramePhj</name>
         <load_address>0xdbec</load_address>
         <run_address>0xdbec</run_address>
         <size>0x2c</size>
         <input_file_ref idref="fl-7"/>
      </object_component>
      <object_component id="oc-840">
         <name>.text:_Z12spiSendFramePhj</name>
         <load_address>0xdc18</load_address>
         <run_address>0xdc18</run_address>
         <size>0x2c</size>
         <input_file_ref idref="fl-7"/>
      </object_component>
      <object_component id="oc-ab7">
         <name>.text:__TI_readmsg</name>
         <load_address>0xdc44</load_address>
         <run_address>0xdc44</run_address>
         <size>0x2c</size>
         <input_file_ref idref="fl-b8"/>
      </object_component>
      <object_component id="oc-3b5">
         <name>.text:_isr:_Z13TIMER1_A0_ISRv</name>
         <load_address>0xdc70</load_address>
         <run_address>0xdc70</run_address>
         <size>0x2c</size>
         <input_file_ref idref="fl-d"/>
      </object_component>
      <object_component id="oc-793">
         <name>.text</name>
         <load_address>0xdc9c</load_address>
         <run_address>0xdc9c</run_address>
         <size>0x2c</size>
         <input_file_ref idref="fl-63"/>
      </object_component>
      <object_component id="oc-afe">
         <name>.text:strncpy</name>
         <load_address>0xdcc8</load_address>
         <run_address>0xdcc8</run_address>
         <size>0x2c</size>
         <input_file_ref idref="fl-b3"/>
      </object_component>
      <object_component id="oc-86f">
         <name>.text:__mspabi_negd</name>
         <load_address>0xdcf4</load_address>
         <run_address>0xdcf4</run_address>
         <size>0x2a</size>
         <input_file_ref idref="fl-ac"/>
      </object_component>
      <object_component id="oc-492">
         <name>.text:strncmp</name>
         <load_address>0xdd1e</load_address>
         <run_address>0xdd1e</run_address>
         <size>0x2a</size>
         <input_file_ref idref="fl-92"/>
      </object_component>
      <object_component id="oc-aa4">
         <name>.text:unlink</name>
         <load_address>0xdd48</load_address>
         <run_address>0xdd48</run_address>
         <size>0x2a</size>
         <input_file_ref idref="fl-a6"/>
      </object_component>
      <object_component id="oc-440">
         <name>.text:ReadSingleReg</name>
         <load_address>0xdd72</load_address>
         <run_address>0xdd72</run_address>
         <size>0x28</size>
         <input_file_ref idref="fl-2"/>
      </object_component>
      <object_component id="oc-5ce">
         <name>.text:_Z5atoinPKci</name>
         <load_address>0xdd9a</load_address>
         <run_address>0xdd9a</run_address>
         <size>0x28</size>
         <input_file_ref idref="fl-6"/>
      </object_component>
      <object_component id="oc-a79">
         <name>.text:__mspabi_fixdi</name>
         <load_address>0xddc2</load_address>
         <run_address>0xddc2</run_address>
         <size>0x28</size>
         <input_file_ref idref="fl-a1"/>
      </object_component>
      <object_component id="oc-75d">
         <name>.text:strcspn</name>
         <load_address>0xddea</load_address>
         <run_address>0xddea</run_address>
         <size>0x28</size>
         <input_file_ref idref="fl-b2"/>
      </object_component>
      <object_component id="oc-757">
         <name>.text:strspn</name>
         <load_address>0xde12</load_address>
         <run_address>0xde12</run_address>
         <size>0x28</size>
         <input_file_ref idref="fl-b4"/>
      </object_component>
      <object_component id="oc-692">
         <name>.text:GPIO_setAsInputPinWithPullUpResistor</name>
         <load_address>0xde3a</load_address>
         <run_address>0xde3a</run_address>
         <size>0x26</size>
         <input_file_ref idref="fl-1d"/>
      </object_component>
      <object_component id="oc-9a7">
         <name>.text:lseek</name>
         <load_address>0xde60</load_address>
         <run_address>0xde60</run_address>
         <size>0x26</size>
         <input_file_ref idref="fl-a6"/>
      </object_component>
      <object_component id="oc-6e8">
         <name>.text</name>
         <load_address>0xde86</load_address>
         <run_address>0xde86</run_address>
         <size>0x24</size>
         <input_file_ref idref="fl-8b"/>
      </object_component>
      <object_component id="oc-8dd">
         <name>.text:write</name>
         <load_address>0xdeaa</load_address>
         <run_address>0xdeaa</run_address>
         <size>0x24</size>
         <input_file_ref idref="fl-a6"/>
      </object_component>
      <object_component id="oc-456">
         <name>.text:_Z10ReceiveOffv</name>
         <load_address>0xdece</load_address>
         <run_address>0xdece</run_address>
         <size>0x22</size>
         <input_file_ref idref="fl-c"/>
      </object_component>
      <object_component id="oc-733">
         <name>.text:_Z9ReceiveOnv</name>
         <load_address>0xdef0</load_address>
         <run_address>0xdef0</run_address>
         <size>0x20</size>
         <input_file_ref idref="fl-c"/>
      </object_component>
      <object_component id="oc-6e2">
         <name>.text:_Z14mmcGetResponsev</name>
         <load_address>0xdf10</load_address>
         <run_address>0xdf10</run_address>
         <size>0x1e</size>
         <input_file_ref idref="fl-b"/>
      </object_component>
      <object_component id="oc-6fb">
         <name>.text:_Z16mmcGetXXResponsec</name>
         <load_address>0xdf2e</load_address>
         <run_address>0xdf2e</run_address>
         <size>0x1e</size>
         <input_file_ref idref="fl-b"/>
      </object_component>
      <object_component id="oc-3af">
         <name>.text:_isr:_Z9port2_isrv</name>
         <load_address>0xdf4c</load_address>
         <run_address>0xdf4c</run_address>
         <size>0x1e</size>
         <input_file_ref idref="fl-a"/>
      </object_component>
      <object_component id="oc-97">
         <name>.text:_isr:_c_int00_noargs</name>
         <load_address>0xdf6a</load_address>
         <run_address>0xdf6a</run_address>
         <size>0x1c</size>
         <input_file_ref idref="fl-5d"/>
      </object_component>
      <object_component id="oc-68c">
         <name>.text:GPIO_setAsOutputPin</name>
         <load_address>0xdf86</load_address>
         <run_address>0xdf86</run_address>
         <size>0x1a</size>
         <input_file_ref idref="fl-1d"/>
      </object_component>
      <object_component id="oc-66a">
         <name>.text:GPIO_setAsPeripheralModuleFunctionInputPin</name>
         <load_address>0xdfa0</load_address>
         <run_address>0xdfa0</run_address>
         <size>0x1a</size>
         <input_file_ref idref="fl-1d"/>
      </object_component>
      <object_component id="oc-3c1">
         <name>.text:_isr:_Z13TIMER0_A0_ISRv</name>
         <load_address>0xdfba</load_address>
         <run_address>0xdfba</run_address>
         <size>0x1a</size>
         <input_file_ref idref="fl-d"/>
      </object_component>
[...]
         <name>__TI_int56</name>
         <value>0xfff0</value>
         <object_component_ref idref="oc-7e"/>
      </symbol>
      <symbol id="sm-92f">
         <name>__TI_int59</name>
         <value>0xfff6</value>
         <object_component_ref idref="oc-81"/>
      </symbol>
      <symbol id="sm-932">
         <name>__TI_int60</name>
         <value>0xfff8</value>
         <object_component_ref idref="oc-82"/>
      </symbol>
      <symbol id="sm-935">
         <name>__TI_int61</name>
         <value>0xfffa</value>
         <object_component_ref idref="oc-83"/>
      </symbol>
      <symbol id="sm-938">
         <name>__TI_int62</name>
         <value>0xfffc</value>
         <object_component_ref idref="oc-84"/>
      </symbol>
      <symbol id="sm-940">
         <name>__TI_ISR_TRAP</name>
         <value>0xe206</value>
         <object_component_ref idref="oc-3aa"/>
      </symbol>
      <symbol id="sm-951">
         <name>__mspabi_slll_9</name>
         <value>0xd7fa</value>
         <object_component_ref idref="oc-70a"/>
      </symbol>
      <symbol id="sm-952">
         <name>__mspabi_slll_8</name>
         <value>0xd7fe</value>
         <object_component_ref idref="oc-70a"/>
      </symbol>
      <symbol id="sm-953">
         <name>__mspabi_slll_7</name>
         <value>0xd802</value>
         <object_component_ref idref="oc-70a"/>
      </symbol>
      <symbol id="sm-954">
         <name>__mspabi_slll_6</name>
         <value>0xd806</value>
         <object_component_ref idref="oc-70a"/>
      </symbol>
      <symbol id="sm-955">
         <name>__mspabi_slll_5</name>
         <value>0xd80a</value>
         <object_component_ref idref="oc-70a"/>
      </symbol>
      <symbol id="sm-956">
         <name>__mspabi_slll_4</name>
         <value>0xd80e</value>
         <object_component_ref idref="oc-70a"/>
      </symbol>
      <symbol id="sm-957">
         <name>__mspabi_slll_3</name>
         <value>0xd812</value>
         <object_component_ref idref="oc-70a"/>
      </symbol>
      <symbol id="sm-958">
         <name>__mspabi_slll_2</name>
         <value>0xd816</value>
         <object_component_ref idref="oc-70a"/>
      </symbol>
      <symbol id="sm-959">
         <name>__mspabi_slll_1</name>
         <value>0xd81a</value>
         <object_component_ref idref="oc-70a"/>
      </symbol>
      <symbol id="sm-95a">
         <name>__mspabi_slll</name>
         <value>0xe162</value>
         <object_component_ref idref="oc-88b"/>
      </symbol>
      <symbol id="sm-95b">
         <name>__mspabi_slll_15</name>
         <value>0xd7e2</value>
         <object_component_ref idref="oc-70a"/>
      </symbol>
      <symbol id="sm-95c">
         <name>__mspabi_slll_14</name>
         <value>0xd7e6</value>
         <object_component_ref idref="oc-70a"/>
      </symbol>
      <symbol id="sm-95d">
         <name>__mspabi_slll_13</name>
         <value>0xd7ea</value>
         <object_component_ref idref="oc-70a"/>
      </symbol>
      <symbol id="sm-95e">
         <name>__mspabi_slll_12</name>
         <value>0xd7ee</value>
         <object_component_ref idref="oc-70a"/>
      </symbol>
      <symbol id="sm-95f">
         <name>__mspabi_slll_11</name>
         <value>0xd7f2</value>
         <object_component_ref idref="oc-70a"/>
      </symbol>
      <symbol id="sm-960">
         <name>__mspabi_slll_10</name>
         <value>0xd7f6</value>
         <object_component_ref idref="oc-70a"/>
      </symbol>
      <symbol id="sm-971">
         <name>__mspabi_srll_8</name>
         <value>0xd83c</value>
         <object_component_ref idref="oc-503"/>
      </symbol>
      <symbol id="sm-972">
         <name>__mspabi_srll_9</name>
         <value>0xd838</value>
         <object_component_ref idref="oc-503"/>
      </symbol>
      <symbol id="sm-973">
         <name>__mspabi_srll_6</name>
         <value>0xd844</value>
         <object_component_ref idref="oc-503"/>
      </symbol>
      <symbol id="sm-974">
         <name>__mspabi_srll_7</name>
         <value>0xd840</value>
         <object_component_ref idref="oc-503"/>
      </symbol>
      <symbol id="sm-975">
         <name>__mspabi_srll_4</name>
         <value>0xd84c</value>
         <object_component_ref idref="oc-503"/>
      </symbol>
      <symbol id="sm-976">
         <name>__mspabi_srll_5</name>
         <value>0xd848</value>
         <object_component_ref idref="oc-503"/>
      </symbol>
      <symbol id="sm-977">
         <name>__mspabi_srll_2</name>
         <value>0xd854</value>
         <object_component_ref idref="oc-503"/>
      </symbol>
      <symbol id="sm-978">
         <name>__mspabi_srll_3</name>
         <value>0xd850</value>
         <object_component_ref idref="oc-503"/>
      </symbol>
      <symbol id="sm-979">
         <name>__mspabi_srll_1</name>
         <value>0xd858</value>
         <object_component_ref idref="oc-503"/>
      </symbol>
      <symbol id="sm-97a">
         <name>__mspabi_srll_15</name>
         <value>0xd820</value>
         <object_component_ref idref="oc-503"/>
      </symbol>
      <symbol id="sm-97b">
         <name>__mspabi_srll_14</name>
         <value>0xd824</value>
         <object_component_ref idref="oc-503"/>
      </symbol>
      <symbol id="sm-97c">
         <name>__mspabi_srll_13</name>
         <value>0xd828</value>
         <object_component_ref idref="oc-503"/>
      </symbol>
      <symbol id="sm-97d">
         <name>__mspabi_srll_12</name>
         <value>0xd82c</value>
         <object_component_ref idref="oc-503"/>
      </symbol>
      <symbol id="sm-97e">
         <name>__mspabi_srll_11</name>
         <value>0xd830</value>
         <object_component_ref idref="oc-503"/>
      </symbol>
      <symbol id="sm-97f">
         <name>__mspabi_srll_10</name>
         <value>0xd834</value>
         <object_component_ref idref="oc-503"/>
      </symbol>
      <symbol id="sm-980">
         <name>__mspabi_srll</name>
         <value>0xe172</value>
         <object_component_ref idref="oc-7ca"/>
      </symbol>
      <symbol id="sm-98d">
         <name>__mspabi_srlll</name>
         <value>0xd9be</value>
         <object_component_ref idref="oc-99b"/>
      </symbol>
      <symbol id="sm-9a0">
         <name>memcpy</name>
         <value>0xe130</value>
         <object_component_ref idref="oc-62a"/>
      </symbol>
      <symbol id="sm-9ae">
         <name>memset</name>
         <value>0xe10a</value>
         <object_component_ref idref="oc-4e9"/>
      </symbol>
      <symbol id="sm-9e7">
         <name>mktime</name>
         <value>0x89f0</value>
         <object_component_ref idref="oc-5f2"/>
      </symbol>
      <symbol id="sm-9e8">
         <name>__mktime32</name>
         <value>0x89f0</value>
         <object_component_ref idref="oc-5f2"/>
      </symbol>
      <symbol id="sm-a09">
         <name>__mspabi_mpyd</name>
         <value>0x98ce</value>
         <object_component_ref idref="oc-5da"/>
      </symbol>
      <symbol id="sm-a13">
         <name>__mspabi_mpyi_f5hw</name>
         <value>0xe008</value>
         <object_component_ref idref="oc-625"/>
      </symbol>
      <symbol id="sm-a1d">
         <name>__mspabi_mpyl_f5hw</name>
         <value>0xde86</value>
         <object_component_ref idref="oc-6e8"/>
      </symbol>
      <symbol id="sm-a25">
         <name>__mspabi_mpyll_f5hw</name>
         <value>0xd118</value>
         <object_component_ref idref="oc-8ab"/>
      </symbol>
      <symbol id="sm-a2e">
         <name>_system_pre_init</name>
         <value>0xe24e</value>
         <object_component_ref idref="oc-3d9"/>
      </symbol>
      <symbol id="sm-a56">
         <name>printf</name>
         <value>0xd66a</value>
         <object_component_ref idref="oc-4f7"/>
      </symbol>
      <symbol id="sm-a62">
         <name>__mspabi_remlli</name>
         <value>0xd314</value>
         <object_component_ref idref="oc-7a3"/>
      </symbol>
      <symbol id="sm-a76">
         <name>__TI_renormd</name>
         <value>0xbffc</value>
         <object_component_ref idref="oc-895"/>
      </symbol>
      <symbol id="sm-a83">
         <name>strlen</name>
         <value>0xe1a0</value>
         <object_component_ref idref="oc-812"/>
      </symbol>
      <symbol id="sm-a93">
         <name>strncmp</name>
         <value>0xdd1e</value>
         <object_component_ref idref="oc-492"/>
      </symbol>
      <symbol id="sm-aa6">
         <name>strstr</name>
         <value>0xda9e</value>
         <object_component_ref idref="oc-5c7"/>
      </symbol>
      <symbol id="sm-ae4">
         <name>strtold</name>
         <value>0x9388</value>
         <object_component_ref idref="oc-76e"/>
      </symbol>
      <symbol id="sm-ae5">
         <name>strtod</name>
         <value>0x9388</value>
         <object_component_ref idref="oc-76e"/>
      </symbol>
      <symbol id="sm-afb">
         <name>strtok</name>
         <value>0xd3fa</value>
         <object_component_ref idref="oc-5c1"/>
      </symbol>
      <symbol id="sm-b0a">
         <name>_tz</name>
         <value>0x2878</value>
         <object_component_ref idref="oc-7a9"/>
      </symbol>
      <symbol id="sm-b20">
         <name>_nop</name>
         <value>0xe254</value>
         <object_component_ref idref="oc-648"/>
      </symbol>
      <symbol id="sm-b21">
         <name>_lock</name>
         <value>0x289a</value>
         <object_component_ref idref="oc-4b2"/>
      </symbol>
      <symbol id="sm-b22">
         <name>_unlock</name>
         <value>0x289e</value>
         <object_component_ref idref="oc-4bb"/>
      </symbol>
      <symbol id="sm-cd0">
         <name>__TI_printfi</name>
         <value>0xa684</value>
         <object_component_ref idref="oc-6da"/>
      </symbol>
      <symbol id="sm-cf2">
         <name>_auto_init_hold_wdt</name>
         <value>0xc5e2</value>
         <object_component_ref idref="oc-3df"/>
      </symbol>
      <symbol id="sm-d0c">
         <name>__mspabi_cmpd</name>
         <value>0xbd88</value>
         <object_component_ref idref="oc-87b"/>
      </symbol>
      <symbol id="sm-d23">
         <name>copy_in</name>
         <value>0xc0ae</value>
         <object_component_ref idref="oc-49a"/>
      </symbol>
      <symbol id="sm-d33">
         <name>__TI_tmpnams</name>
         <value>0x2600</value>
      </symbol>
      <symbol id="sm-d34">
         <name>_ftable</name>
         <value>0x278e</value>
         <object_component_ref idref="oc-6cb"/>
      </symbol>
      <symbol id="sm-d35">
         <name>__TI_ft_end</name>
         <value>0x28a8</value>
         <object_component_ref idref="oc-a38"/>
      </symbol>
      <symbol id="sm-d4d">
         <name>__mspabi_divlli</name>
         <value>0xb68a</value>
         <object_component_ref idref="oc-8a5"/>
      </symbol>
      <symbol id="sm-d80">
         <name>__mspabi_divull</name>
         <value>0x8d64</value>
         <object_component_ref idref="oc-931"/>
      </symbol>
      <symbol id="sm-d87">
         <name>errno</name>
         <value>0x28aa</value>
         <object_component_ref idref="oc-878"/>
      </symbol>
      <symbol id="sm-d94">
         <name>__mspabi_fixdi</name>
         <value>0xddc2</value>
         <object_component_ref idref="oc-a79"/>
      </symbol>
      <symbol id="sm-da7">
         <name>putc</name>
         <value>0xc70c</value>
         <object_component_ref idref="oc-80b"/>
      </symbol>
      <symbol id="sm-da8">
         <name>fputc</name>
         <value>0xc70c</value>
         <object_component_ref idref="oc-80b"/>
      </symbol>
      <symbol id="sm-dc0">
         <name>fputs</name>
         <value>0xbcaa</value>
         <object_component_ref idref="oc-804"/>
      </symbol>
      <symbol id="sm-dd1">
         <name>__TI_frcmpyd</name>
         <value>0x9648</value>
         <object_component_ref idref="oc-776"/>
      </symbol>
      <symbol id="sm-ddb">
         <name>llabs</name>
         <value>0xe07a</value>
         <object_component_ref idref="oc-92b"/>
      </symbol>
      <symbol id="sm-e31">
         <name>lseek</name>
         <value>0xde60</value>
         <object_component_ref idref="oc-9a7"/>
      </symbol>
      <symbol id="sm-e32">
         <name>write</name>
         <value>0xdeaa</value>
         <object_component_ref idref="oc-8dd"/>
      </symbol>
      <symbol id="sm-e33">
         <name>close</name>
         <value>0xd3b0</value>
         <object_component_ref idref="oc-a9d"/>
      </symbol>
      <symbol id="sm-e34">
         <name>unlink</name>
         <value>0xdd48</value>
         <object_component_ref idref="oc-aa4"/>
      </symbol>
      <symbol id="sm-e41">
         <name>__mspabi_sllll</name>
         <value>0xd984</value>
         <object_component_ref idref="oc-995"/>
      </symbol>
      <symbol id="sm-e50">
         <name>ltoa</name>
         <value>0xcaba</value>
         <object_component_ref idref="oc-a6d"/>
      </symbol>
      <symbol id="sm-e5f">
         <name>memccpy</name>
         <value>0xdfd4</value>
         <object_component_ref idref="oc-8f7"/>
      </symbol>
      <symbol id="sm-e6e">
         <name>memchr</name>
         <value>0xe0f6</value>
         <object_component_ref idref="oc-8d1"/>
      </symbol>
      <symbol id="sm-e78">
         <name>__mspabi_negd</name>
         <value>0xdcf4</value>
         <object_component_ref idref="oc-86f"/>
      </symbol>
      <symbol id="sm-e8f">
         <name>frexpl</name>
         <value>0xc160</value>
         <object_component_ref idref="oc-a0e"/>
      </symbol>
      <symbol id="sm-e90">
         <name>frexp</name>
         <value>0xc160</value>
         <object_component_ref idref="oc-a0e"/>
      </symbol>
      <symbol id="sm-eaa">
         <name>scalbn</name>
         <value>0xac70</value>
         <object_component_ref idref="oc-a8b"/>
      </symbol>
      <symbol id="sm-eab">
         <name>scalbnl</name>
         <value>0xac70</value>
         <object_component_ref idref="oc-a8b"/>
      </symbol>
      <symbol id="sm-eac">
         <name>ldexpl</name>
         <value>0xac70</value>
         <object_component_ref idref="oc-a8b"/>
      </symbol>
      <symbol id="sm-ead">
         <name>ldexp</name>
         <value>0xac70</value>
         <object_component_ref idref="oc-a8b"/>
      </symbol>
      <symbol id="sm-eb6">
         <name>_system_post_cinit</name>
         <value>0xe256</value>
         <object_component_ref idref="oc-4a0"/>
      </symbol>
      <symbol id="sm-ec5">
         <name>strchr</name>
         <value>0xdfee</value>
         <object_component_ref idref="oc-a91"/>
      </symbol>
      <symbol id="sm-ed3">
         <name>strcmp</name>
         <value>0xe020</value>
         <object_component_ref idref="oc-b13"/>
      </symbol>
      <symbol id="sm-ee3">
         <name>strcspn</name>
         <value>0xddea</value>
         <object_component_ref idref="oc-75d"/>
      </symbol>
      <symbol id="sm-ef3">
         <name>strncpy</name>
         <value>0xdcc8</value>
         <object_component_ref idref="oc-afe"/>
      </symbol>
      <symbol id="sm-f05">
         <name>strspn</name>
         <value>0xde12</value>
         <object_component_ref idref="oc-757"/>
      </symbol>
      <symbol id="sm-f0e">
         <name>__mspabi_subd</name>
         <value>0xdb62</value>
         <object_component_ref idref="oc-a73"/>
      </symbol>
      <symbol id="sm-f1b">
         <name>toupper</name>
         <value>0xe1c6</value>
         <object_component_ref idref="oc-96e"/>
      </symbol>
      <symbol id="sm-f5a">
         <name>HOSTrename</name>
         <value>0xcdf2</value>
         <object_component_ref idref="oc-a62"/>
      </symbol>
      <symbol id="sm-f5b">
         <name>HOSTclose</name>
         <value>0xd51c</value>
         <object_component_ref idref="oc-a44"/>
      </symbol>
      <symbol id="sm-f5c">
         <name>HOSTunlink</name>
         <value>0xd5a8</value>
         <object_component_ref idref="oc-a5c"/>
      </symbol>
      <symbol id="sm-f5d">
         <name>HOSTlseek</name>
         <value>0xc546</value>
         <object_component_ref idref="oc-a56"/>
      </symbol>
      <symbol id="sm-f5e">
         <name>HOSTopen</name>
         <value>0xcf94</value>
         <object_component_ref idref="oc-a3e"/>
      </symbol>
      <symbol id="sm-f5f">
         <name>HOSTwrite</name>
         <value>0xd05a</value>
         <object_component_ref idref="oc-a50"/>
      </symbol>
      <symbol id="sm-f60">
         <name>HOSTread</name>
         <value>0xd0ba</value>
         <object_component_ref idref="oc-a4a"/>
      </symbol>
      <symbol id="sm-f7e">
         <name>__TI_readmsg</name>
         <value>0xdc44</value>
         <object_component_ref idref="oc-ab7"/>
      </symbol>
      <symbol id="sm-f7f">
         <name>C$$IO$$</name>
         <value>0xdb5e</value>
         <object_component_ref idref="oc-ab1"/>
      </symbol>
      <symbol id="sm-f80">
         <name>_CIOBUF_</name>
         <value>0x29f4</value>
         <object_component_ref idref="oc-aec"/>
      </symbol>
      <symbol id="sm-f81">
         <name>__TI_writemsg</name>
         <value>0xdb34</value>
         <object_component_ref idref="oc-ab1"/>
      </symbol>
      <symbol id="sm-f99">
         <name>__TI_wrt_ok</name>
         <value>0xcb36</value>
         <object_component_ref idref="oc-8cb"/>
      </symbol>
      <symbol id="sm-fa6">
         <name>__mspabi_srall</name>
         <value>0xd62a</value>
         <object_component_ref idref="oc-925"/>
      </symbol>
      <symbol id="sm-fb7">
         <name>__TI_doflush</name>
         <value>0xcff8</value>
         <object_component_ref idref="oc-8d7"/>
      </symbol>
      <symbol id="sm-fc7">
         <name>fseek</name>
         <value>0xce5c</value>
         <object_component_ref idref="oc-93f"/>
      </symbol>
      <symbol id="sm-fd1">
         <name>copysign</name>
         <value>0xdb90</value>
         <object_component_ref idref="oc-ad6"/>
      </symbol>
      <symbol id="sm-fd2">
         <name>copysignl</name>
         <value>0xdb90</value>
         <object_component_ref idref="oc-ad6"/>
      </symbol>
      <symbol id="sm-fea">
         <name>setvbuf</name>
         <value>0xbf30</value>
         <object_component_ref idref="oc-945"/>
      </symbol>
      <symbol id="sm-ff7">
         <name>strcpy</name>
         <value>0xe182</value>
         <object_component_ref idref="oc-ac4"/>
      </symbol>
      <symbol id="sm-1003">
         <name>__TI_cleanup</name>
         <value>0xdad4</value>
         <object_component_ref idref="oc-9bb"/>
      </symbol>
      <symbol id="sm-1054">
         <name>_sys_memory</name>
         <value>0x28b4</value>
         <object_component_ref idref="oc-390"/>
      </symbol>
      <symbol id="sm-1055">
         <name>free</name>
         <value>0xca3a</value>
         <object_component_ref idref="oc-9af"/>
      </symbol>
      <symbol id="sm-1056">
         <name>malloc</name>
         <value>0xc212</value>
         <object_component_ref idref="oc-9b5"/>
      </symbol>
      <symbol id="sm-1057">
         <name>minit</name>
         <value>0xda30</value>
         <object_component_ref idref="oc-a2b"/>
      </symbol>
      <symbol id="sm-1068">
         <name>__TI_closefile</name>
         <value>0xcec6</value>
         <object_component_ref idref="oc-a32"/>
      </symbol>
      <symbol id="sm-106b">
         <name>__TI_BINIT_Base</name>
         <value>0x0</value>
      </symbol>
      <symbol id="sm-106c">
         <name>__TI_BINIT_Limit</name>
         <value>0x0</value>
      </symbol>
      <symbol id="sm-106d">
         <name>__TI_INITARRAY_Base</name>
         <value>0x0</value>
      </symbol>
      <symbol id="sm-106e">
         <name>__TI_INITARRAY_Limit</name>
         <value>0x0</value>
      </symbol>
      <symbol id="sm-106f">
         <name>remove</name>
         <value>0xdd48</value>
      </symbol>
   </symbol_table>
   <title>Link successful</title>
</link_info>
